ARM GAS  C:\Users\VICTUS\AppData\Local\Temp\cc81NDDl.s 			page 1


   1              		.cpu cortex-m4
   2              		.arch armv7e-m
   3              		.fpu fpv4-sp-d16
   4              		.eabi_attribute 27, 1
   5              		.eabi_attribute 28, 1
   6              		.eabi_attribute 20, 1
   7              		.eabi_attribute 21, 1
   8              		.eabi_attribute 23, 3
   9              		.eabi_attribute 24, 1
  10              		.eabi_attribute 25, 1
  11              		.eabi_attribute 26, 1
  12              		.eabi_attribute 30, 1
  13              		.eabi_attribute 34, 1
  14              		.eabi_attribute 18, 4
  15              		.file	"init_LB2.c"
  16              		.text
  17              	.Ltext0:
  18              		.cfi_sections	.debug_frame
  19              		.file 1 "Core/Src/init_LB2.c"
  20              		.section	.text.GPIO_Init,"ax",%progbits
  21              		.align	1
  22              		.global	GPIO_Init
  23              		.syntax unified
  24              		.thumb
  25              		.thumb_func
  27              	GPIO_Init:
  28              	.LFB130:
   1:Core/Src/init_LB2.c **** #include "init_LB2.h"
   2:Core/Src/init_LB2.c **** 
   3:Core/Src/init_LB2.c **** /* ===================== GPIO ===================== */
   4:Core/Src/init_LB2.c **** void GPIO_Init(void)
   5:Core/Src/init_LB2.c **** {
  29              		.loc 1 5 1 view -0
  30              		.cfi_startproc
  31              		@ args = 0, pretend = 0, frame = 0
  32              		@ frame_needed = 0, uses_anonymous_args = 0
  33              		@ link register save eliminated.
   6:Core/Src/init_LB2.c ****     /* Enable GPIO clocks */
   7:Core/Src/init_LB2.c ****     SET_BIT(RCC->AHB1ENR,
  34              		.loc 1 7 5 view .LVU1
  35 0000 184A     		ldr	r2, .L2
  36 0002 136B     		ldr	r3, [r2, #48]
  37 0004 43F00303 		orr	r3, r3, #3
  38 0008 1363     		str	r3, [r2, #48]
   8:Core/Src/init_LB2.c ****             RCC_AHB1ENR_GPIOAEN |
   9:Core/Src/init_LB2.c ****             RCC_AHB1ENR_GPIOBEN);
  10:Core/Src/init_LB2.c **** 
  11:Core/Src/init_LB2.c ****     /*------------------------------------------------------------*/
  12:Core/Src/init_LB2.c ****     /* Direction pins: PA0, PA1, PA4, PB0                         */
  13:Core/Src/init_LB2.c ****     /* Output mode                                                */
  14:Core/Src/init_LB2.c ****     /*------------------------------------------------------------*/
  15:Core/Src/init_LB2.c **** 
  16:Core/Src/init_LB2.c ****     /* PA0 */
  17:Core/Src/init_LB2.c ****     MODIFY_REG(GPIOA->MODER,
  39              		.loc 1 17 5 view .LVU2
  40 000a 174B     		ldr	r3, .L2+4
  41 000c 1A68     		ldr	r2, [r3]
ARM GAS  C:\Users\VICTUS\AppData\Local\Temp\cc81NDDl.s 			page 2


  42 000e 22F00302 		bic	r2, r2, #3
  43 0012 42F00102 		orr	r2, r2, #1
  44 0016 1A60     		str	r2, [r3]
  18:Core/Src/init_LB2.c ****                GPIO_MODER_MODER0_Msk,
  19:Core/Src/init_LB2.c ****                GPIO_MODER_MODER0_0);
  20:Core/Src/init_LB2.c **** 
  21:Core/Src/init_LB2.c ****     /* PA1 */
  22:Core/Src/init_LB2.c ****     MODIFY_REG(GPIOA->MODER,
  45              		.loc 1 22 5 view .LVU3
  46 0018 1A68     		ldr	r2, [r3]
  47 001a 22F00C02 		bic	r2, r2, #12
  48 001e 42F00402 		orr	r2, r2, #4
  49 0022 1A60     		str	r2, [r3]
  23:Core/Src/init_LB2.c ****                GPIO_MODER_MODER1_Msk,
  24:Core/Src/init_LB2.c ****                GPIO_MODER_MODER1_0);
  25:Core/Src/init_LB2.c **** 
  26:Core/Src/init_LB2.c ****     /* PA4 */
  27:Core/Src/init_LB2.c ****     MODIFY_REG(GPIOA->MODER,
  50              		.loc 1 27 5 view .LVU4
  51 0024 1A68     		ldr	r2, [r3]
  52 0026 22F44072 		bic	r2, r2, #768
  53 002a 42F48072 		orr	r2, r2, #256
  54 002e 1A60     		str	r2, [r3]
  28:Core/Src/init_LB2.c ****                GPIO_MODER_MODER4_Msk,
  29:Core/Src/init_LB2.c ****                GPIO_MODER_MODER4_0);
  30:Core/Src/init_LB2.c **** 
  31:Core/Src/init_LB2.c ****     /* PB0 */
  32:Core/Src/init_LB2.c ****     MODIFY_REG(GPIOB->MODER,
  55              		.loc 1 32 5 view .LVU5
  56 0030 0E4A     		ldr	r2, .L2+8
  57 0032 1168     		ldr	r1, [r2]
  58 0034 21F00301 		bic	r1, r1, #3
  59 0038 41F00101 		orr	r1, r1, #1
  60 003c 1160     		str	r1, [r2]
  33:Core/Src/init_LB2.c ****                GPIO_MODER_MODER0_Msk,
  34:Core/Src/init_LB2.c ****                GPIO_MODER_MODER0_0);
  35:Core/Src/init_LB2.c **** 
  36:Core/Src/init_LB2.c ****     /* Push-pull */
  37:Core/Src/init_LB2.c ****     CLEAR_BIT(GPIOA->OTYPER,
  61              		.loc 1 37 5 view .LVU6
  62 003e 5968     		ldr	r1, [r3, #4]
  63 0040 21F01301 		bic	r1, r1, #19
  64 0044 5960     		str	r1, [r3, #4]
  38:Core/Src/init_LB2.c ****               GPIO_OTYPER_OT0 |
  39:Core/Src/init_LB2.c ****               GPIO_OTYPER_OT1 |
  40:Core/Src/init_LB2.c ****               GPIO_OTYPER_OT4);
  41:Core/Src/init_LB2.c **** 
  42:Core/Src/init_LB2.c ****     CLEAR_BIT(GPIOB->OTYPER,
  65              		.loc 1 42 5 view .LVU7
  66 0046 5168     		ldr	r1, [r2, #4]
  67 0048 21F00101 		bic	r1, r1, #1
  68 004c 5160     		str	r1, [r2, #4]
  43:Core/Src/init_LB2.c ****               GPIO_OTYPER_OT0);
  44:Core/Src/init_LB2.c **** 
  45:Core/Src/init_LB2.c ****     /* No pull-up / pull-down */
  46:Core/Src/init_LB2.c ****     CLEAR_BIT(GPIOA->PUPDR,
  69              		.loc 1 46 5 view .LVU8
ARM GAS  C:\Users\VICTUS\AppData\Local\Temp\cc81NDDl.s 			page 3


  70 004e D968     		ldr	r1, [r3, #12]
  71 0050 21F44371 		bic	r1, r1, #780
  72 0054 21F00301 		bic	r1, r1, #3
  73 0058 D960     		str	r1, [r3, #12]
  47:Core/Src/init_LB2.c ****               GPIO_PUPDR_PUPD0_Msk |
  48:Core/Src/init_LB2.c ****               GPIO_PUPDR_PUPD1_Msk |
  49:Core/Src/init_LB2.c ****               GPIO_PUPDR_PUPD4_Msk);
  50:Core/Src/init_LB2.c **** 
  51:Core/Src/init_LB2.c ****     CLEAR_BIT(GPIOB->PUPDR,
  74              		.loc 1 51 5 view .LVU9
  75 005a D368     		ldr	r3, [r2, #12]
  76 005c 23F00303 		bic	r3, r3, #3
  77 0060 D360     		str	r3, [r2, #12]
  52:Core/Src/init_LB2.c ****               GPIO_PUPDR_PUPD0_Msk);
  53:Core/Src/init_LB2.c **** }
  78              		.loc 1 53 1 is_stmt 0 view .LVU10
  79 0062 7047     		bx	lr
  80              	.L3:
  81              		.align	2
  82              	.L2:
  83 0064 00380240 		.word	1073887232
  84 0068 00000240 		.word	1073872896
  85 006c 00040240 		.word	1073873920
  86              		.cfi_endproc
  87              	.LFE130:
  89              		.section	.text.RCC_Init,"ax",%progbits
  90              		.align	1
  91              		.global	RCC_Init
  92              		.syntax unified
  93              		.thumb
  94              		.thumb_func
  96              	RCC_Init:
  97              	.LFB131:
  54:Core/Src/init_LB2.c **** 
  55:Core/Src/init_LB2.c **** 
  56:Core/Src/init_LB2.c **** /* ===================== RCC ===================== */
  57:Core/Src/init_LB2.c **** void RCC_Init(void)
  58:Core/Src/init_LB2.c **** {
  98              		.loc 1 58 1 is_stmt 1 view -0
  99              		.cfi_startproc
 100              		@ args = 0, pretend = 0, frame = 0
 101              		@ frame_needed = 0, uses_anonymous_args = 0
 102              		@ link register save eliminated.
  59:Core/Src/init_LB2.c ****     MODIFY_REG(RCC->CR, RCC_CR_HSITRIM, 0x80U);
 103              		.loc 1 59 5 view .LVU12
 104 0000 384A     		ldr	r2, .L11
 105 0002 1368     		ldr	r3, [r2]
 106 0004 23F0F803 		bic	r3, r3, #248
 107 0008 43F08003 		orr	r3, r3, #128
 108 000c 1360     		str	r3, [r2]
  60:Core/Src/init_LB2.c ****     CLEAR_REG(RCC->CFGR);
 109              		.loc 1 60 5 view .LVU13
 110 000e 0023     		movs	r3, #0
 111 0010 9360     		str	r3, [r2, #8]
  61:Core/Src/init_LB2.c **** 
  62:Core/Src/init_LB2.c ****     while ((RCC->CFGR & RCC_CFGR_SWS_Msk) != RCC_CFGR_SWS_HSI);
 112              		.loc 1 62 5 view .LVU14
ARM GAS  C:\Users\VICTUS\AppData\Local\Temp\cc81NDDl.s 			page 4


 113              	.L5:
 114              		.loc 1 62 43 discriminator 1 view .LVU15
 115              		.loc 1 62 16 is_stmt 0 discriminator 1 view .LVU16
 116 0012 344B     		ldr	r3, .L11
 117 0014 9B68     		ldr	r3, [r3, #8]
 118              		.loc 1 62 43 discriminator 1 view .LVU17
 119 0016 13F00C0F 		tst	r3, #12
 120 001a FAD1     		bne	.L5
  63:Core/Src/init_LB2.c **** 
  64:Core/Src/init_LB2.c ****     CLEAR_BIT(RCC->CR, RCC_CR_PLLON);
 121              		.loc 1 64 5 is_stmt 1 view .LVU18
 122 001c 314A     		ldr	r2, .L11
 123 001e 1368     		ldr	r3, [r2]
 124 0020 23F08073 		bic	r3, r3, #16777216
 125 0024 1360     		str	r3, [r2]
  65:Core/Src/init_LB2.c ****     while (READ_BIT(RCC->CR, RCC_CR_PLLRDY) != RESET);
 126              		.loc 1 65 5 view .LVU19
 127              	.L6:
 128              		.loc 1 65 45 discriminator 1 view .LVU20
 129              		.loc 1 65 12 is_stmt 0 discriminator 1 view .LVU21
 130 0026 2F4B     		ldr	r3, .L11
 131 0028 1B68     		ldr	r3, [r3]
 132              		.loc 1 65 45 discriminator 1 view .LVU22
 133 002a 13F0007F 		tst	r3, #33554432
 134 002e FAD1     		bne	.L6
  66:Core/Src/init_LB2.c **** 
  67:Core/Src/init_LB2.c ****     CLEAR_BIT(RCC->CR, RCC_CR_HSEON | RCC_CR_CSSON);
 135              		.loc 1 67 5 is_stmt 1 view .LVU23
 136 0030 2C4A     		ldr	r2, .L11
 137 0032 1368     		ldr	r3, [r2]
 138 0034 23F41023 		bic	r3, r3, #589824
 139 0038 1360     		str	r3, [r2]
  68:Core/Src/init_LB2.c ****     while (READ_BIT(RCC->CR, RCC_CR_HSERDY) != RESET);
 140              		.loc 1 68 5 view .LVU24
 141              	.L7:
 142              		.loc 1 68 45 discriminator 1 view .LVU25
 143              		.loc 1 68 12 is_stmt 0 discriminator 1 view .LVU26
 144 003a 2A4B     		ldr	r3, .L11
 145 003c 1B68     		ldr	r3, [r3]
 146              		.loc 1 68 45 discriminator 1 view .LVU27
 147 003e 13F4003F 		tst	r3, #131072
 148 0042 FAD1     		bne	.L7
  69:Core/Src/init_LB2.c **** 
  70:Core/Src/init_LB2.c ****     CLEAR_BIT(RCC->CR, RCC_CR_HSEBYP);
 149              		.loc 1 70 5 is_stmt 1 view .LVU28
 150 0044 274B     		ldr	r3, .L11
 151 0046 1A68     		ldr	r2, [r3]
 152 0048 22F48022 		bic	r2, r2, #262144
 153 004c 1A60     		str	r2, [r3]
  71:Core/Src/init_LB2.c **** 
  72:Core/Src/init_LB2.c ****     SET_BIT(RCC->CR, RCC_CR_HSEON);
 154              		.loc 1 72 5 view .LVU29
 155 004e 1A68     		ldr	r2, [r3]
 156 0050 42F48032 		orr	r2, r2, #65536
 157 0054 1A60     		str	r2, [r3]
  73:Core/Src/init_LB2.c ****     while (READ_BIT(RCC->CR, RCC_CR_HSERDY) == RESET);
 158              		.loc 1 73 5 view .LVU30
ARM GAS  C:\Users\VICTUS\AppData\Local\Temp\cc81NDDl.s 			page 5


 159              	.L8:
 160              		.loc 1 73 45 discriminator 1 view .LVU31
 161              		.loc 1 73 12 is_stmt 0 discriminator 1 view .LVU32
 162 0056 234B     		ldr	r3, .L11
 163 0058 1B68     		ldr	r3, [r3]
 164              		.loc 1 73 45 discriminator 1 view .LVU33
 165 005a 13F4003F 		tst	r3, #131072
 166 005e FAD0     		beq	.L8
  74:Core/Src/init_LB2.c **** 
  75:Core/Src/init_LB2.c ****     MODIFY_REG(FLASH->ACR,
 167              		.loc 1 75 5 is_stmt 1 view .LVU34
 168 0060 214A     		ldr	r2, .L11+4
 169 0062 1368     		ldr	r3, [r2]
 170 0064 23F00703 		bic	r3, r3, #7
 171 0068 43F00503 		orr	r3, r3, #5
 172 006c 1360     		str	r3, [r2]
  76:Core/Src/init_LB2.c ****                FLASH_ACR_LATENCY_Msk,
  77:Core/Src/init_LB2.c ****                FLASH_ACR_LATENCY_5WS);
  78:Core/Src/init_LB2.c **** 
  79:Core/Src/init_LB2.c ****     CLEAR_REG(RCC->PLLCFGR);
 173              		.loc 1 79 5 view .LVU35
 174 006e 1D4B     		ldr	r3, .L11
 175 0070 0022     		movs	r2, #0
 176 0072 5A60     		str	r2, [r3, #4]
  80:Core/Src/init_LB2.c ****     SET_BIT(RCC->PLLCFGR, RCC_PLLCFGR_PLLSRC_HSE);
 177              		.loc 1 80 5 view .LVU36
 178 0074 5A68     		ldr	r2, [r3, #4]
 179 0076 42F48002 		orr	r2, r2, #4194304
 180 007a 5A60     		str	r2, [r3, #4]
  81:Core/Src/init_LB2.c **** 
  82:Core/Src/init_LB2.c ****     MODIFY_REG(RCC->PLLCFGR,
 181              		.loc 1 82 5 view .LVU37
 182 007c 5A68     		ldr	r2, [r3, #4]
 183 007e 22F03F02 		bic	r2, r2, #63
 184 0082 42F00402 		orr	r2, r2, #4
 185 0086 5A60     		str	r2, [r3, #4]
  83:Core/Src/init_LB2.c ****                RCC_PLLCFGR_PLLM_Msk,
  84:Core/Src/init_LB2.c ****                (4U << RCC_PLLCFGR_PLLM_Pos));
  85:Core/Src/init_LB2.c **** 
  86:Core/Src/init_LB2.c ****     MODIFY_REG(RCC->PLLCFGR,
 186              		.loc 1 86 5 view .LVU38
 187 0088 5A68     		ldr	r2, [r3, #4]
 188 008a 6FF38E12 		bfc	r2, #6, #9
 189 008e 42F4C852 		orr	r2, r2, #6400
 190 0092 5A60     		str	r2, [r3, #4]
  87:Core/Src/init_LB2.c ****                RCC_PLLCFGR_PLLN_Msk,
  88:Core/Src/init_LB2.c ****                (100U << RCC_PLLCFGR_PLLN_Pos));
  89:Core/Src/init_LB2.c **** 
  90:Core/Src/init_LB2.c ****     CLEAR_BIT(RCC->PLLCFGR, RCC_PLLCFGR_PLLP_Msk);
 191              		.loc 1 90 5 view .LVU39
 192 0094 5A68     		ldr	r2, [r3, #4]
 193 0096 22F44032 		bic	r2, r2, #196608
 194 009a 5A60     		str	r2, [r3, #4]
  91:Core/Src/init_LB2.c **** 
  92:Core/Src/init_LB2.c ****     MODIFY_REG(RCC->CFGR,
 195              		.loc 1 92 5 view .LVU40
 196 009c 9A68     		ldr	r2, [r3, #8]
ARM GAS  C:\Users\VICTUS\AppData\Local\Temp\cc81NDDl.s 			page 6


 197 009e 22F47C42 		bic	r2, r2, #64512
 198 00a2 22F0F002 		bic	r2, r2, #240
 199 00a6 42F48052 		orr	r2, r2, #4096
 200 00aa 9A60     		str	r2, [r3, #8]
  93:Core/Src/init_LB2.c ****                RCC_CFGR_HPRE_Msk |
  94:Core/Src/init_LB2.c ****                RCC_CFGR_PPRE1_Msk |
  95:Core/Src/init_LB2.c ****                RCC_CFGR_PPRE2_Msk,
  96:Core/Src/init_LB2.c ****                RCC_CFGR_HPRE_DIV1 |
  97:Core/Src/init_LB2.c ****                RCC_CFGR_PPRE1_DIV2 |
  98:Core/Src/init_LB2.c ****                RCC_CFGR_PPRE2_DIV1);
  99:Core/Src/init_LB2.c **** 
 100:Core/Src/init_LB2.c ****     SET_BIT(RCC->CR, RCC_CR_PLLON);
 201              		.loc 1 100 5 view .LVU41
 202 00ac 1A68     		ldr	r2, [r3]
 203 00ae 42F08072 		orr	r2, r2, #16777216
 204 00b2 1A60     		str	r2, [r3]
 101:Core/Src/init_LB2.c ****     while (READ_BIT(RCC->CR, RCC_CR_PLLRDY) == RESET);
 205              		.loc 1 101 5 view .LVU42
 206              	.L9:
 207              		.loc 1 101 45 discriminator 1 view .LVU43
 208              		.loc 1 101 12 is_stmt 0 discriminator 1 view .LVU44
 209 00b4 0B4B     		ldr	r3, .L11
 210 00b6 1B68     		ldr	r3, [r3]
 211              		.loc 1 101 45 discriminator 1 view .LVU45
 212 00b8 13F0007F 		tst	r3, #33554432
 213 00bc FAD0     		beq	.L9
 102:Core/Src/init_LB2.c **** 
 103:Core/Src/init_LB2.c ****     MODIFY_REG(RCC->CFGR,
 214              		.loc 1 103 5 is_stmt 1 view .LVU46
 215 00be 094A     		ldr	r2, .L11
 216 00c0 9368     		ldr	r3, [r2, #8]
 217 00c2 23F00303 		bic	r3, r3, #3
 218 00c6 43F00203 		orr	r3, r3, #2
 219 00ca 9360     		str	r3, [r2, #8]
 104:Core/Src/init_LB2.c ****                RCC_CFGR_SW_Msk,
 105:Core/Src/init_LB2.c ****                RCC_CFGR_SW_PLL);
 106:Core/Src/init_LB2.c **** 
 107:Core/Src/init_LB2.c ****     while ((RCC->CFGR & RCC_CFGR_SWS_Msk) != RCC_CFGR_SWS_PLL);
 220              		.loc 1 107 5 view .LVU47
 221              	.L10:
 222              		.loc 1 107 43 discriminator 1 view .LVU48
 223              		.loc 1 107 16 is_stmt 0 discriminator 1 view .LVU49
 224 00cc 054B     		ldr	r3, .L11
 225 00ce 9B68     		ldr	r3, [r3, #8]
 226              		.loc 1 107 23 discriminator 1 view .LVU50
 227 00d0 03F00C03 		and	r3, r3, #12
 228              		.loc 1 107 43 discriminator 1 view .LVU51
 229 00d4 082B     		cmp	r3, #8
 230 00d6 F9D1     		bne	.L10
 108:Core/Src/init_LB2.c **** 
 109:Core/Src/init_LB2.c ****     SET_BIT(RCC->CR, RCC_CR_CSSON);
 231              		.loc 1 109 5 is_stmt 1 view .LVU52
 232 00d8 024A     		ldr	r2, .L11
 233 00da 1368     		ldr	r3, [r2]
 234 00dc 43F40023 		orr	r3, r3, #524288
 235 00e0 1360     		str	r3, [r2]
 110:Core/Src/init_LB2.c **** }
ARM GAS  C:\Users\VICTUS\AppData\Local\Temp\cc81NDDl.s 			page 7


 236              		.loc 1 110 1 is_stmt 0 view .LVU53
 237 00e2 7047     		bx	lr
 238              	.L12:
 239              		.align	2
 240              	.L11:
 241 00e4 00380240 		.word	1073887232
 242 00e8 003C0240 		.word	1073888256
 243              		.cfi_endproc
 244              	.LFE131:
 246              		.section	.text.Motor_Forward,"ax",%progbits
 247              		.align	1
 248              		.global	Motor_Forward
 249              		.syntax unified
 250              		.thumb
 251              		.thumb_func
 253              	Motor_Forward:
 254              	.LFB132:
 111:Core/Src/init_LB2.c **** 
 112:Core/Src/init_LB2.c **** 
 113:Core/Src/init_LB2.c **** /* ===================== MOTOR CONTROL ===================== */
 114:Core/Src/init_LB2.c **** 
 115:Core/Src/init_LB2.c **** /* Вперёд */
 116:Core/Src/init_LB2.c **** void Motor_Forward(void)
 117:Core/Src/init_LB2.c **** {
 255              		.loc 1 117 1 is_stmt 1 view -0
 256              		.cfi_startproc
 257              		@ args = 0, pretend = 0, frame = 0
 258              		@ frame_needed = 0, uses_anonymous_args = 0
 259              		@ link register save eliminated.
 118:Core/Src/init_LB2.c ****     SET_BIT(GPIOA->ODR, GPIO_ODR_OD0);   // IN1 = 1
 260              		.loc 1 118 5 view .LVU55
 261 0000 094B     		ldr	r3, .L14
 262 0002 5A69     		ldr	r2, [r3, #20]
 263 0004 42F00102 		orr	r2, r2, #1
 264 0008 5A61     		str	r2, [r3, #20]
 119:Core/Src/init_LB2.c ****     CLEAR_BIT(GPIOA->ODR, GPIO_ODR_OD1); // IN2 = 0
 265              		.loc 1 119 5 view .LVU56
 266 000a 5A69     		ldr	r2, [r3, #20]
 267 000c 22F00202 		bic	r2, r2, #2
 268 0010 5A61     		str	r2, [r3, #20]
 120:Core/Src/init_LB2.c **** 
 121:Core/Src/init_LB2.c ****     SET_BIT(GPIOA->ODR, GPIO_ODR_OD4);   // IN3 = 1
 269              		.loc 1 121 5 view .LVU57
 270 0012 5A69     		ldr	r2, [r3, #20]
 271 0014 42F01002 		orr	r2, r2, #16
 272 0018 5A61     		str	r2, [r3, #20]
 122:Core/Src/init_LB2.c ****     CLEAR_BIT(GPIOB->ODR, GPIO_ODR_OD0); // IN4 = 0
 273              		.loc 1 122 5 view .LVU58
 274 001a 044A     		ldr	r2, .L14+4
 275 001c 5369     		ldr	r3, [r2, #20]
 276 001e 23F00103 		bic	r3, r3, #1
 277 0022 5361     		str	r3, [r2, #20]
 123:Core/Src/init_LB2.c **** }
 278              		.loc 1 123 1 is_stmt 0 view .LVU59
 279 0024 7047     		bx	lr
 280              	.L15:
 281 0026 00BF     		.align	2
ARM GAS  C:\Users\VICTUS\AppData\Local\Temp\cc81NDDl.s 			page 8


 282              	.L14:
 283 0028 00000240 		.word	1073872896
 284 002c 00040240 		.word	1073873920
 285              		.cfi_endproc
 286              	.LFE132:
 288              		.section	.text.Motor_Backward,"ax",%progbits
 289              		.align	1
 290              		.global	Motor_Backward
 291              		.syntax unified
 292              		.thumb
 293              		.thumb_func
 295              	Motor_Backward:
 296              	.LFB133:
 124:Core/Src/init_LB2.c **** 
 125:Core/Src/init_LB2.c **** /* Назад */
 126:Core/Src/init_LB2.c **** void Motor_Backward(void)
 127:Core/Src/init_LB2.c **** {
 297              		.loc 1 127 1 is_stmt 1 view -0
 298              		.cfi_startproc
 299              		@ args = 0, pretend = 0, frame = 0
 300              		@ frame_needed = 0, uses_anonymous_args = 0
 301              		@ link register save eliminated.
 128:Core/Src/init_LB2.c ****     CLEAR_BIT(GPIOA->ODR, GPIO_ODR_OD0); // IN1 = 0
 302              		.loc 1 128 5 view .LVU61
 303 0000 094B     		ldr	r3, .L17
 304 0002 5A69     		ldr	r2, [r3, #20]
 305 0004 22F00102 		bic	r2, r2, #1
 306 0008 5A61     		str	r2, [r3, #20]
 129:Core/Src/init_LB2.c ****     SET_BIT(GPIOA->ODR, GPIO_ODR_OD1);   // IN2 = 1
 307              		.loc 1 129 5 view .LVU62
 308 000a 5A69     		ldr	r2, [r3, #20]
 309 000c 42F00202 		orr	r2, r2, #2
 310 0010 5A61     		str	r2, [r3, #20]
 130:Core/Src/init_LB2.c **** 
 131:Core/Src/init_LB2.c ****     CLEAR_BIT(GPIOA->ODR, GPIO_ODR_OD4); // IN3 = 0
 311              		.loc 1 131 5 view .LVU63
 312 0012 5A69     		ldr	r2, [r3, #20]
 313 0014 22F01002 		bic	r2, r2, #16
 314 0018 5A61     		str	r2, [r3, #20]
 132:Core/Src/init_LB2.c ****     SET_BIT(GPIOB->ODR, GPIO_ODR_OD0);   // IN4 = 1
 315              		.loc 1 132 5 view .LVU64
 316 001a 044A     		ldr	r2, .L17+4
 317 001c 5369     		ldr	r3, [r2, #20]
 318 001e 43F00103 		orr	r3, r3, #1
 319 0022 5361     		str	r3, [r2, #20]
 133:Core/Src/init_LB2.c **** }
 320              		.loc 1 133 1 is_stmt 0 view .LVU65
 321 0024 7047     		bx	lr
 322              	.L18:
 323 0026 00BF     		.align	2
 324              	.L17:
 325 0028 00000240 		.word	1073872896
 326 002c 00040240 		.word	1073873920
 327              		.cfi_endproc
 328              	.LFE133:
 330              		.section	.text.Motor_Stop,"ax",%progbits
 331              		.align	1
ARM GAS  C:\Users\VICTUS\AppData\Local\Temp\cc81NDDl.s 			page 9


 332              		.global	Motor_Stop
 333              		.syntax unified
 334              		.thumb
 335              		.thumb_func
 337              	Motor_Stop:
 338              	.LFB134:
 134:Core/Src/init_LB2.c **** 
 135:Core/Src/init_LB2.c **** /* Стоп */
 136:Core/Src/init_LB2.c **** void Motor_Stop(void)
 137:Core/Src/init_LB2.c **** {
 339              		.loc 1 137 1 is_stmt 1 view -0
 340              		.cfi_startproc
 341              		@ args = 0, pretend = 0, frame = 0
 342              		@ frame_needed = 0, uses_anonymous_args = 0
 343              		@ link register save eliminated.
 138:Core/Src/init_LB2.c ****     CLEAR_BIT(GPIOA->ODR, GPIO_ODR_OD0);
 344              		.loc 1 138 5 view .LVU67
 345 0000 094B     		ldr	r3, .L20
 346 0002 5A69     		ldr	r2, [r3, #20]
 347 0004 22F00102 		bic	r2, r2, #1
 348 0008 5A61     		str	r2, [r3, #20]
 139:Core/Src/init_LB2.c ****     CLEAR_BIT(GPIOA->ODR, GPIO_ODR_OD1);
 349              		.loc 1 139 5 view .LVU68
 350 000a 5A69     		ldr	r2, [r3, #20]
 351 000c 22F00202 		bic	r2, r2, #2
 352 0010 5A61     		str	r2, [r3, #20]
 140:Core/Src/init_LB2.c ****     CLEAR_BIT(GPIOA->ODR, GPIO_ODR_OD4);
 353              		.loc 1 140 5 view .LVU69
 354 0012 5A69     		ldr	r2, [r3, #20]
 355 0014 22F01002 		bic	r2, r2, #16
 356 0018 5A61     		str	r2, [r3, #20]
 141:Core/Src/init_LB2.c ****     CLEAR_BIT(GPIOB->ODR, GPIO_ODR_OD0);
 357              		.loc 1 141 5 view .LVU70
 358 001a 044A     		ldr	r2, .L20+4
 359 001c 5369     		ldr	r3, [r2, #20]
 360 001e 23F00103 		bic	r3, r3, #1
 361 0022 5361     		str	r3, [r2, #20]
 142:Core/Src/init_LB2.c **** }
 362              		.loc 1 142 1 is_stmt 0 view .LVU71
 363 0024 7047     		bx	lr
 364              	.L21:
 365 0026 00BF     		.align	2
 366              	.L20:
 367 0028 00000240 		.word	1073872896
 368 002c 00040240 		.word	1073873920
 369              		.cfi_endproc
 370              	.LFE134:
 372              		.section	.text.LineSensors_GPIO_Init,"ax",%progbits
 373              		.align	1
 374              		.global	LineSensors_GPIO_Init
 375              		.syntax unified
 376              		.thumb
 377              		.thumb_func
 379              	LineSensors_GPIO_Init:
 380              	.LFB135:
 143:Core/Src/init_LB2.c **** 
 144:Core/Src/init_LB2.c **** void LineSensors_GPIO_Init(void)
ARM GAS  C:\Users\VICTUS\AppData\Local\Temp\cc81NDDl.s 			page 10


 145:Core/Src/init_LB2.c **** {
 381              		.loc 1 145 1 is_stmt 1 view -0
 382              		.cfi_startproc
 383              		@ args = 0, pretend = 0, frame = 0
 384              		@ frame_needed = 0, uses_anonymous_args = 0
 385              		@ link register save eliminated.
 146:Core/Src/init_LB2.c ****     /* PA5, PA6, PA7 → input */
 147:Core/Src/init_LB2.c ****     CLEAR_BIT(GPIOA->MODER,
 386              		.loc 1 147 5 view .LVU73
 387 0000 044B     		ldr	r3, .L23
 388 0002 1A68     		ldr	r2, [r3]
 389 0004 22F47C42 		bic	r2, r2, #64512
 390 0008 1A60     		str	r2, [r3]
 148:Core/Src/init_LB2.c ****               GPIO_MODER_MODER5_Msk |
 149:Core/Src/init_LB2.c ****               GPIO_MODER_MODER6_Msk |
 150:Core/Src/init_LB2.c ****               GPIO_MODER_MODER7_Msk);
 151:Core/Src/init_LB2.c **** 
 152:Core/Src/init_LB2.c **** 
 153:Core/Src/init_LB2.c ****     /* No pull-up/down */
 154:Core/Src/init_LB2.c ****     CLEAR_BIT(GPIOA->PUPDR,
 391              		.loc 1 154 5 view .LVU74
 392 000a DA68     		ldr	r2, [r3, #12]
 393 000c 22F47C42 		bic	r2, r2, #64512
 394 0010 DA60     		str	r2, [r3, #12]
 155:Core/Src/init_LB2.c ****               GPIO_PUPDR_PUPD5_Msk |
 156:Core/Src/init_LB2.c ****               GPIO_PUPDR_PUPD6_Msk |
 157:Core/Src/init_LB2.c ****               GPIO_PUPDR_PUPD7_Msk);
 158:Core/Src/init_LB2.c **** 
 159:Core/Src/init_LB2.c **** }
 395              		.loc 1 159 1 is_stmt 0 view .LVU75
 396 0012 7047     		bx	lr
 397              	.L24:
 398              		.align	2
 399              	.L23:
 400 0014 00000240 		.word	1073872896
 401              		.cfi_endproc
 402              	.LFE135:
 404              		.section	.text.LineSensors_Read,"ax",%progbits
 405              		.align	1
 406              		.global	LineSensors_Read
 407              		.syntax unified
 408              		.thumb
 409              		.thumb_func
 411              	LineSensors_Read:
 412              	.LFB136:
 160:Core/Src/init_LB2.c **** 
 161:Core/Src/init_LB2.c **** void LineSensors_Read(void)
 162:Core/Src/init_LB2.c **** {
 413              		.loc 1 162 1 is_stmt 1 view -0
 414              		.cfi_startproc
 415              		@ args = 0, pretend = 0, frame = 0
 416              		@ frame_needed = 0, uses_anonymous_args = 0
 417              		@ link register save eliminated.
 163:Core/Src/init_LB2.c ****     sensor_left   = (GPIOA->IDR & GPIO_IDR_ID5) ? 1 : 0;
 418              		.loc 1 163 5 view .LVU77
 419              		.loc 1 163 27 is_stmt 0 view .LVU78
 420 0000 084B     		ldr	r3, .L26
ARM GAS  C:\Users\VICTUS\AppData\Local\Temp\cc81NDDl.s 			page 11


 421 0002 1A69     		ldr	r2, [r3, #16]
 422              		.loc 1 163 53 view .LVU79
 423 0004 C2F34012 		ubfx	r2, r2, #5, #1
 424              		.loc 1 163 19 view .LVU80
 425 0008 0749     		ldr	r1, .L26+4
 426 000a 0A70     		strb	r2, [r1]
 164:Core/Src/init_LB2.c ****     sensor_center = (GPIOA->IDR & GPIO_IDR_ID6) ? 1 : 0;
 427              		.loc 1 164 5 is_stmt 1 view .LVU81
 428              		.loc 1 164 27 is_stmt 0 view .LVU82
 429 000c 1A69     		ldr	r2, [r3, #16]
 430              		.loc 1 164 53 view .LVU83
 431 000e C2F38012 		ubfx	r2, r2, #6, #1
 432              		.loc 1 164 19 view .LVU84
 433 0012 0649     		ldr	r1, .L26+8
 434 0014 0A70     		strb	r2, [r1]
 165:Core/Src/init_LB2.c ****     sensor_right  = (GPIOA->IDR & GPIO_IDR_ID7) ? 1 : 0;
 435              		.loc 1 165 5 is_stmt 1 view .LVU85
 436              		.loc 1 165 27 is_stmt 0 view .LVU86
 437 0016 1B69     		ldr	r3, [r3, #16]
 438              		.loc 1 165 53 view .LVU87
 439 0018 C3F3C013 		ubfx	r3, r3, #7, #1
 440              		.loc 1 165 19 view .LVU88
 441 001c 044A     		ldr	r2, .L26+12
 442 001e 1370     		strb	r3, [r2]
 166:Core/Src/init_LB2.c **** }...
 443              		.loc 1 166 1 view .LVU89
 444 0020 7047     		bx	lr
 445              	.L27:
 446 0022 00BF     		.align	2
 447              	.L26:
 448 0024 00000240 		.word	1073872896
 449 0028 00000000 		.word	sensor_left
 450 002c 00000000 		.word	sensor_center
 451 0030 00000000 		.word	sensor_right
 452              		.cfi_endproc
 453              	.LFE136:
 455              		.text
 456              	.Letext0:
 457              		.file 2 "D:/Tools/xpack-arm-none-eabi-gcc-13.2.1-1.1/arm-none-eabi/include/machine/_default_types.
 458              		.file 3 "D:/Tools/xpack-arm-none-eabi-gcc-13.2.1-1.1/arm-none-eabi/include/sys/_stdint.h"
 459              		.file 4 "CMSIS/Devices/STM32F4xx/Inc/STM32F411RE/stm32f411xe.h"
 460              		.file 5 "Core/Inc/init_LB2.h"
 461              		.file 6 "Core/Inc/../../CMSIS/Devices/STM32F4xx/Inc/stm32f4xx.h"
ARM GAS  C:\Users\VICTUS\AppData\Local\Temp\cc81NDDl.s 			page 12


DEFINED SYMBOLS
                            *ABS*:00000000 init_LB2.c
C:\Users\VICTUS\AppData\Local\Temp\cc81NDDl.s:21     .text.GPIO_Init:00000000 $t
C:\Users\VICTUS\AppData\Local\Temp\cc81NDDl.s:27     .text.GPIO_Init:00000000 GPIO_Init
C:\Users\VICTUS\AppData\Local\Temp\cc81NDDl.s:83     .text.GPIO_Init:00000064 $d
C:\Users\VICTUS\AppData\Local\Temp\cc81NDDl.s:90     .text.RCC_Init:00000000 $t
C:\Users\VICTUS\AppData\Local\Temp\cc81NDDl.s:96     .text.RCC_Init:00000000 RCC_Init
C:\Users\VICTUS\AppData\Local\Temp\cc81NDDl.s:241    .text.RCC_Init:000000e4 $d
C:\Users\VICTUS\AppData\Local\Temp\cc81NDDl.s:247    .text.Motor_Forward:00000000 $t
C:\Users\VICTUS\AppData\Local\Temp\cc81NDDl.s:253    .text.Motor_Forward:00000000 Motor_Forward
C:\Users\VICTUS\AppData\Local\Temp\cc81NDDl.s:283    .text.Motor_Forward:00000028 $d
C:\Users\VICTUS\AppData\Local\Temp\cc81NDDl.s:289    .text.Motor_Backward:00000000 $t
C:\Users\VICTUS\AppData\Local\Temp\cc81NDDl.s:295    .text.Motor_Backward:00000000 Motor_Backward
C:\Users\VICTUS\AppData\Local\Temp\cc81NDDl.s:325    .text.Motor_Backward:00000028 $d
C:\Users\VICTUS\AppData\Local\Temp\cc81NDDl.s:331    .text.Motor_Stop:00000000 $t
C:\Users\VICTUS\AppData\Local\Temp\cc81NDDl.s:337    .text.Motor_Stop:00000000 Motor_Stop
C:\Users\VICTUS\AppData\Local\Temp\cc81NDDl.s:367    .text.Motor_Stop:00000028 $d
C:\Users\VICTUS\AppData\Local\Temp\cc81NDDl.s:373    .text.LineSensors_GPIO_Init:00000000 $t
C:\Users\VICTUS\AppData\Local\Temp\cc81NDDl.s:379    .text.LineSensors_GPIO_Init:00000000 LineSensors_GPIO_Init
C:\Users\VICTUS\AppData\Local\Temp\cc81NDDl.s:400    .text.LineSensors_GPIO_Init:00000014 $d
C:\Users\VICTUS\AppData\Local\Temp\cc81NDDl.s:405    .text.LineSensors_Read:00000000 $t
C:\Users\VICTUS\AppData\Local\Temp\cc81NDDl.s:411    .text.LineSensors_Read:00000000 LineSensors_Read
C:\Users\VICTUS\AppData\Local\Temp\cc81NDDl.s:448    .text.LineSensors_Read:00000024 $d

UNDEFINED SYMBOLS
sensor_left
sensor_center
sensor_right
