ARM GAS  C:\Users\VICTUS\AppData\Local\Temp\cc58J4bP.s 			page 1


   1              		.cpu cortex-m4
   2              		.arch armv7e-m
   3              		.fpu fpv4-sp-d16
   4              		.eabi_attribute 27, 1
   5              		.eabi_attribute 28, 1
   6              		.eabi_attribute 20, 1
   7              		.eabi_attribute 21, 1
   8              		.eabi_attribute 23, 3
   9              		.eabi_attribute 24, 1
  10              		.eabi_attribute 25, 1
  11              		.eabi_attribute 26, 1
  12              		.eabi_attribute 30, 1
  13              		.eabi_attribute 34, 1
  14              		.eabi_attribute 18, 4
  15              		.file	"init_LB1.c"
  16              		.text
  17              	.Ltext0:
  18              		.cfi_sections	.debug_frame
  19              		.file 1 "Core/Src/init_LB1.c"
  20              		.section	.text.GPIO_Init_CMSIS_LB1,"ax",%progbits
  21              		.align	1
  22              		.global	GPIO_Init_CMSIS_LB1
  23              		.syntax unified
  24              		.thumb
  25              		.thumb_func
  27              	GPIO_Init_CMSIS_LB1:
  28              	.LFB130:
   1:Core/Src/init_LB1.c **** #include "../Inc/init_LB1.h"
   2:Core/Src/init_LB1.c **** 
   3:Core/Src/init_LB1.c **** volatile uint32_t mcu_btn1_count = 0;
   4:Core/Src/init_LB1.c **** volatile uint32_t mcu_btn2_count = 0;
   5:Core/Src/init_LB1.c **** volatile uint32_t mcu_btn3_count = 0;
   6:Core/Src/init_LB1.c **** 
   7:Core/Src/init_LB1.c **** volatile uint8_t  mcu_btn1_event = 0;
   8:Core/Src/init_LB1.c **** volatile uint8_t  mcu_btn2_event = 0;
   9:Core/Src/init_LB1.c **** volatile uint8_t  mcu_btn3_event = 0;
  10:Core/Src/init_LB1.c **** 
  11:Core/Src/init_LB1.c **** 
  12:Core/Src/init_LB1.c **** 
  13:Core/Src/init_LB1.c **** void GPIO_Init_CMSIS_LB1(void){
  29              		.loc 1 13 31 view -0
  30              		.cfi_startproc
  31              		@ args = 0, pretend = 0, frame = 0
  32              		@ frame_needed = 0, uses_anonymous_args = 0
  33              		@ link register save eliminated.
  14:Core/Src/init_LB1.c **** 
  15:Core/Src/init_LB1.c ****     SET_BIT     (RCC->AHB1ENR, RCC_AHB1ENR_GPIODEN | RCC_AHB1ENR_GPIOAEN | RCC_AHB1ENR_GPIOBEN);
  34              		.loc 1 15 5 view .LVU1
  35 0000 464A     		ldr	r2, .L2
  36 0002 136B     		ldr	r3, [r2, #48]
  37 0004 43F00B03 		orr	r3, r3, #11
  38 0008 1363     		str	r3, [r2, #48]
  16:Core/Src/init_LB1.c **** 
  17:Core/Src/init_LB1.c ****     SET_BIT     (GPIOA->MODER,      GPIO_MODER_MODER8_0);         
  39              		.loc 1 17 5 view .LVU2
  40 000a A2F56052 		sub	r2, r2, #14336
  41 000e 1368     		ldr	r3, [r2]
ARM GAS  C:\Users\VICTUS\AppData\Local\Temp\cc58J4bP.s 			page 2


  42 0010 43F48033 		orr	r3, r3, #65536
  43 0014 1360     		str	r3, [r2]
  18:Core/Src/init_LB1.c ****     CLEAR_BIT   (GPIOA->OTYPER,     GPIO_OTYPER_OT8);             
  44              		.loc 1 18 5 view .LVU3
  45 0016 5368     		ldr	r3, [r2, #4]
  46 0018 23F48073 		bic	r3, r3, #256
  47 001c 5360     		str	r3, [r2, #4]
  19:Core/Src/init_LB1.c ****     SET_BIT     (GPIOA->OSPEEDR,    GPIO_OSPEEDER_OSPEEDR8_0);    
  48              		.loc 1 19 5 view .LVU4
  49 001e 9368     		ldr	r3, [r2, #8]
  50 0020 43F48033 		orr	r3, r3, #65536
  51 0024 9360     		str	r3, [r2, #8]
  20:Core/Src/init_LB1.c ****     SET_BIT     (GPIOA->BSRR,       GPIO_BSRR_BR8);               
  52              		.loc 1 20 5 view .LVU5
  53 0026 9369     		ldr	r3, [r2, #24]
  54 0028 43F08073 		orr	r3, r3, #16777216
  55 002c 9361     		str	r3, [r2, #24]
  21:Core/Src/init_LB1.c **** 
  22:Core/Src/init_LB1.c ****     SET_BIT     (GPIOB->MODER,      GPIO_MODER_MODER10_0);        
  56              		.loc 1 22 5 view .LVU6
  57 002e 3C4B     		ldr	r3, .L2+4
  58 0030 1968     		ldr	r1, [r3]
  59 0032 41F48011 		orr	r1, r1, #1048576
  60 0036 1960     		str	r1, [r3]
  23:Core/Src/init_LB1.c ****     CLEAR_BIT   (GPIOB->OTYPER,     GPIO_OTYPER_OT10);            
  61              		.loc 1 23 5 view .LVU7
  62 0038 5968     		ldr	r1, [r3, #4]
  63 003a 21F48061 		bic	r1, r1, #1024
  64 003e 5960     		str	r1, [r3, #4]
  24:Core/Src/init_LB1.c ****     SET_BIT     (GPIOB->OSPEEDR,    GPIO_OSPEEDER_OSPEEDR10_0);   
  65              		.loc 1 24 5 view .LVU8
  66 0040 9968     		ldr	r1, [r3, #8]
  67 0042 41F48011 		orr	r1, r1, #1048576
  68 0046 9960     		str	r1, [r3, #8]
  25:Core/Src/init_LB1.c ****     SET_BIT     (GPIOB->BSRR,       GPIO_BSRR_BR10);
  69              		.loc 1 25 5 view .LVU9
  70 0048 9969     		ldr	r1, [r3, #24]
  71 004a 41F08061 		orr	r1, r1, #67108864
  72 004e 9961     		str	r1, [r3, #24]
  26:Core/Src/init_LB1.c ****     
  27:Core/Src/init_LB1.c ****     SET_BIT     (GPIOB->MODER,      GPIO_MODER_MODER3_0);        
  73              		.loc 1 27 5 view .LVU10
  74 0050 1968     		ldr	r1, [r3]
  75 0052 41F04001 		orr	r1, r1, #64
  76 0056 1960     		str	r1, [r3]
  28:Core/Src/init_LB1.c ****     CLEAR_BIT   (GPIOB->OTYPER,     GPIO_OTYPER_OT3);            
  77              		.loc 1 28 5 view .LVU11
  78 0058 5968     		ldr	r1, [r3, #4]
  79 005a 21F00801 		bic	r1, r1, #8
  80 005e 5960     		str	r1, [r3, #4]
  29:Core/Src/init_LB1.c ****     SET_BIT     (GPIOB->OSPEEDR,    GPIO_OSPEEDER_OSPEEDR3_0);   
  81              		.loc 1 29 5 view .LVU12
  82 0060 9968     		ldr	r1, [r3, #8]
  83 0062 41F04001 		orr	r1, r1, #64
  84 0066 9960     		str	r1, [r3, #8]
  30:Core/Src/init_LB1.c ****     SET_BIT     (GPIOB->BSRR,       GPIO_BSRR_BR3);
  85              		.loc 1 30 5 view .LVU13
ARM GAS  C:\Users\VICTUS\AppData\Local\Temp\cc58J4bP.s 			page 3


  86 0068 9969     		ldr	r1, [r3, #24]
  87 006a 41F40021 		orr	r1, r1, #524288
  88 006e 9961     		str	r1, [r3, #24]
  31:Core/Src/init_LB1.c **** 
  32:Core/Src/init_LB1.c ****     SET_BIT     (GPIOB->MODER,      GPIO_MODER_MODER4_0);        
  89              		.loc 1 32 5 view .LVU14
  90 0070 1968     		ldr	r1, [r3]
  91 0072 41F48071 		orr	r1, r1, #256
  92 0076 1960     		str	r1, [r3]
  33:Core/Src/init_LB1.c ****     CLEAR_BIT   (GPIOB->OTYPER,     GPIO_OTYPER_OT4);            
  93              		.loc 1 33 5 view .LVU15
  94 0078 5968     		ldr	r1, [r3, #4]
  95 007a 21F01001 		bic	r1, r1, #16
  96 007e 5960     		str	r1, [r3, #4]
  34:Core/Src/init_LB1.c ****     SET_BIT     (GPIOB->OSPEEDR,    GPIO_OSPEEDER_OSPEEDR4_0);   
  97              		.loc 1 34 5 view .LVU16
  98 0080 9968     		ldr	r1, [r3, #8]
  99 0082 41F48071 		orr	r1, r1, #256
 100 0086 9960     		str	r1, [r3, #8]
  35:Core/Src/init_LB1.c ****     SET_BIT     (GPIOB->BSRR,       GPIO_BSRR_BR4);
 101              		.loc 1 35 5 view .LVU17
 102 0088 9969     		ldr	r1, [r3, #24]
 103 008a 41F48011 		orr	r1, r1, #1048576
 104 008e 9961     		str	r1, [r3, #24]
  36:Core/Src/init_LB1.c **** 
  37:Core/Src/init_LB1.c ****     SET_BIT     (GPIOB->MODER,      GPIO_MODER_MODER5_0);        
 105              		.loc 1 37 5 view .LVU18
 106 0090 1968     		ldr	r1, [r3]
 107 0092 41F48061 		orr	r1, r1, #1024
 108 0096 1960     		str	r1, [r3]
  38:Core/Src/init_LB1.c ****     CLEAR_BIT   (GPIOB->OTYPER,     GPIO_OTYPER_OT5);            
 109              		.loc 1 38 5 view .LVU19
 110 0098 5968     		ldr	r1, [r3, #4]
 111 009a 21F02001 		bic	r1, r1, #32
 112 009e 5960     		str	r1, [r3, #4]
  39:Core/Src/init_LB1.c ****     SET_BIT     (GPIOB->OSPEEDR,    GPIO_OSPEEDER_OSPEEDR5_0);   
 113              		.loc 1 39 5 view .LVU20
 114 00a0 9968     		ldr	r1, [r3, #8]
 115 00a2 41F48061 		orr	r1, r1, #1024
 116 00a6 9960     		str	r1, [r3, #8]
  40:Core/Src/init_LB1.c ****     SET_BIT     (GPIOB->BSRR,       GPIO_BSRR_BR5);
 117              		.loc 1 40 5 view .LVU21
 118 00a8 9969     		ldr	r1, [r3, #24]
 119 00aa 41F40011 		orr	r1, r1, #2097152
 120 00ae 9961     		str	r1, [r3, #24]
  41:Core/Src/init_LB1.c **** 
  42:Core/Src/init_LB1.c ****     SET_BIT     (GPIOA->MODER,      GPIO_MODER_MODER10_0);            
 121              		.loc 1 42 5 view .LVU22
 122 00b0 1368     		ldr	r3, [r2]
 123 00b2 43F48013 		orr	r3, r3, #1048576
 124 00b6 1360     		str	r3, [r2]
  43:Core/Src/init_LB1.c ****     CLEAR_BIT   (GPIOA->OTYPER,     GPIO_OTYPER_OT10);                
 125              		.loc 1 43 5 view .LVU23
 126 00b8 5368     		ldr	r3, [r2, #4]
 127 00ba 23F48063 		bic	r3, r3, #1024
 128 00be 5360     		str	r3, [r2, #4]
  44:Core/Src/init_LB1.c ****     SET_BIT     (GPIOA->OSPEEDR,    GPIO_OSPEEDER_OSPEEDR10_0);       
ARM GAS  C:\Users\VICTUS\AppData\Local\Temp\cc58J4bP.s 			page 4


 129              		.loc 1 44 5 view .LVU24
 130 00c0 9368     		ldr	r3, [r2, #8]
 131 00c2 43F48013 		orr	r3, r3, #1048576
 132 00c6 9360     		str	r3, [r2, #8]
  45:Core/Src/init_LB1.c ****     SET_BIT     (GPIOA->BSRR,       GPIO_BSRR_BR10);
 133              		.loc 1 45 5 view .LVU25
 134 00c8 9369     		ldr	r3, [r2, #24]
 135 00ca 43F08063 		orr	r3, r3, #67108864
 136 00ce 9361     		str	r3, [r2, #24]
  46:Core/Src/init_LB1.c ****     
  47:Core/Src/init_LB1.c ****     // --- PD2: input + pull-up ---
  48:Core/Src/init_LB1.c ****     CLEAR_BIT(GPIOD->MODER, GPIO_MODER_MODE2_Msk);      // 00 input
 137              		.loc 1 48 5 view .LVU26
 138 00d0 144B     		ldr	r3, .L2+8
 139 00d2 1968     		ldr	r1, [r3]
 140 00d4 21F03001 		bic	r1, r1, #48
 141 00d8 1960     		str	r1, [r3]
  49:Core/Src/init_LB1.c ****     CLEAR_BIT(GPIOD->PUPDR, GPIO_PUPDR_PUPD2_Msk);
 142              		.loc 1 49 5 view .LVU27
 143 00da D968     		ldr	r1, [r3, #12]
 144 00dc 21F03001 		bic	r1, r1, #48
 145 00e0 D960     		str	r1, [r3, #12]
  50:Core/Src/init_LB1.c ****     SET_BIT  (GPIOD->PUPDR, GPIO_PUPDR_PUPD2_0);        // 01 pull-up
 146              		.loc 1 50 5 view .LVU28
 147 00e2 D968     		ldr	r1, [r3, #12]
 148 00e4 41F01001 		orr	r1, r1, #16
 149 00e8 D960     		str	r1, [r3, #12]
  51:Core/Src/init_LB1.c **** 
  52:Core/Src/init_LB1.c ****     // --- PA0: input + pull-up ---
  53:Core/Src/init_LB1.c ****     CLEAR_BIT(GPIOA->MODER, GPIO_MODER_MODE0_Msk);      // 00 input
 150              		.loc 1 53 5 view .LVU29
 151 00ea 1368     		ldr	r3, [r2]
 152 00ec 23F00303 		bic	r3, r3, #3
 153 00f0 1360     		str	r3, [r2]
  54:Core/Src/init_LB1.c ****     CLEAR_BIT(GPIOA->PUPDR, GPIO_PUPDR_PUPD0_Msk);
 154              		.loc 1 54 5 view .LVU30
 155 00f2 D368     		ldr	r3, [r2, #12]
 156 00f4 23F00303 		bic	r3, r3, #3
 157 00f8 D360     		str	r3, [r2, #12]
  55:Core/Src/init_LB1.c ****     SET_BIT  (GPIOA->PUPDR, GPIO_PUPDR_PUPD0_0);        // 01 pull-up
 158              		.loc 1 55 5 view .LVU31
 159 00fa D368     		ldr	r3, [r2, #12]
 160 00fc 43F00103 		orr	r3, r3, #1
 161 0100 D360     		str	r3, [r2, #12]
  56:Core/Src/init_LB1.c **** 
  57:Core/Src/init_LB1.c ****     // --- PA1: input + pull-up ---
  58:Core/Src/init_LB1.c ****     CLEAR_BIT(GPIOA->MODER, GPIO_MODER_MODE1_Msk);      // 00 input
 162              		.loc 1 58 5 view .LVU32
 163 0102 1368     		ldr	r3, [r2]
 164 0104 23F00C03 		bic	r3, r3, #12
 165 0108 1360     		str	r3, [r2]
  59:Core/Src/init_LB1.c ****     CLEAR_BIT(GPIOA->PUPDR, GPIO_PUPDR_PUPD1_Msk);
 166              		.loc 1 59 5 view .LVU33
 167 010a D368     		ldr	r3, [r2, #12]
 168 010c 23F00C03 		bic	r3, r3, #12
 169 0110 D360     		str	r3, [r2, #12]
  60:Core/Src/init_LB1.c ****     SET_BIT  (GPIOA->PUPDR, GPIO_PUPDR_PUPD1_0);        // 01 pull-up
ARM GAS  C:\Users\VICTUS\AppData\Local\Temp\cc58J4bP.s 			page 5


 170              		.loc 1 60 5 view .LVU34
 171 0112 D368     		ldr	r3, [r2, #12]
 172 0114 43F00403 		orr	r3, r3, #4
 173 0118 D360     		str	r3, [r2, #12]
  61:Core/Src/init_LB1.c **** 
  62:Core/Src/init_LB1.c **** }
 174              		.loc 1 62 1 is_stmt 0 view .LVU35
 175 011a 7047     		bx	lr
 176              	.L3:
 177              		.align	2
 178              	.L2:
 179 011c 00380240 		.word	1073887232
 180 0120 00040240 		.word	1073873920
 181 0124 000C0240 		.word	1073875968
 182              		.cfi_endproc
 183              	.LFE130:
 185              		.section	.text.pressedButton1,"ax",%progbits
 186              		.align	1
 187              		.global	pressedButton1
 188              		.syntax unified
 189              		.thumb
 190              		.thumb_func
 192              	pressedButton1:
 193              	.LFB131:
  63:Core/Src/init_LB1.c **** 
  64:Core/Src/init_LB1.c **** 
  65:Core/Src/init_LB1.c **** int pressedButton1(void){
 194              		.loc 1 65 25 is_stmt 1 view -0
 195              		.cfi_startproc
 196              		@ args = 0, pretend = 0, frame = 0
 197              		@ frame_needed = 0, uses_anonymous_args = 0
 198              		@ link register save eliminated.
  66:Core/Src/init_LB1.c **** 
  67:Core/Src/init_LB1.c ****     if(READ_BIT(GPIOD->IDR , GPIO_IDR_IDR_2) == 0){
 199              		.loc 1 67 5 view .LVU37
 200              		.loc 1 67 8 is_stmt 0 view .LVU38
 201 0000 104B     		ldr	r3, .L11
 202 0002 1B69     		ldr	r3, [r3, #16]
 203              		.loc 1 67 7 view .LVU39
 204 0004 13F0040F 		tst	r3, #4
 205 0008 0DD0     		beq	.L9
  68:Core/Src/init_LB1.c ****         for(int i = 0; i < TIME_DELAY1; i++){}
  69:Core/Src/init_LB1.c ****         if(READ_BIT(GPIOD->IDR , GPIO_IDR_IDR_2) == 0){
  70:Core/Src/init_LB1.c ****             while(READ_BIT(GPIOD->IDR , GPIO_IDR_IDR_2) == 0){}
  71:Core/Src/init_LB1.c ****             mcu_btn1_count++;
  72:Core/Src/init_LB1.c ****             mcu_btn1_event = 1;
  73:Core/Src/init_LB1.c ****             return 1;
  74:Core/Src/init_LB1.c ****         }
  75:Core/Src/init_LB1.c **** 
  76:Core/Src/init_LB1.c ****     }
  77:Core/Src/init_LB1.c ****     return 0;
 206              		.loc 1 77 12 view .LVU40
 207 000a 0020     		movs	r0, #0
 208 000c 7047     		bx	lr
 209              	.LVL0:
 210              	.L7:
 211              	.LBB2:
ARM GAS  C:\Users\VICTUS\AppData\Local\Temp\cc58J4bP.s 			page 6


  68:Core/Src/init_LB1.c ****         for(int i = 0; i < TIME_DELAY1; i++){}
 212              		.loc 1 68 46 is_stmt 1 discriminator 3 view .LVU41
  68:Core/Src/init_LB1.c ****         for(int i = 0; i < TIME_DELAY1; i++){}
 213              		.loc 1 68 42 discriminator 3 view .LVU42
 214 000e 0133     		adds	r3, r3, #1
 215              	.LVL1:
 216              	.L5:
  68:Core/Src/init_LB1.c ****         for(int i = 0; i < TIME_DELAY1; i++){}
 217              		.loc 1 68 26 discriminator 1 view .LVU43
 218 0010 40F6AB52 		movw	r2, #3499
 219 0014 9342     		cmp	r3, r2
 220 0016 FADD     		ble	.L7
 221              	.LBE2:
  69:Core/Src/init_LB1.c ****             while(READ_BIT(GPIOD->IDR , GPIO_IDR_IDR_2) == 0){}
 222              		.loc 1 69 9 view .LVU44
  69:Core/Src/init_LB1.c ****             while(READ_BIT(GPIOD->IDR , GPIO_IDR_IDR_2) == 0){}
 223              		.loc 1 69 12 is_stmt 0 view .LVU45
 224 0018 0A4B     		ldr	r3, .L11
 225              	.LVL2:
  69:Core/Src/init_LB1.c ****             while(READ_BIT(GPIOD->IDR , GPIO_IDR_IDR_2) == 0){}
 226              		.loc 1 69 12 view .LVU46
 227 001a 1B69     		ldr	r3, [r3, #16]
  69:Core/Src/init_LB1.c ****             while(READ_BIT(GPIOD->IDR , GPIO_IDR_IDR_2) == 0){}
 228              		.loc 1 69 11 view .LVU47
 229 001c 13F0040F 		tst	r3, #4
 230 0020 03D0     		beq	.L8
 231              		.loc 1 77 12 view .LVU48
 232 0022 0020     		movs	r0, #0
  78:Core/Src/init_LB1.c **** }
 233              		.loc 1 78 1 view .LVU49
 234 0024 7047     		bx	lr
 235              	.LVL3:
 236              	.L9:
 237              	.LBB3:
  68:Core/Src/init_LB1.c ****         for(int i = 0; i < TIME_DELAY1; i++){}
 238              		.loc 1 68 17 view .LVU50
 239 0026 0023     		movs	r3, #0
 240 0028 F2E7     		b	.L5
 241              	.LVL4:
 242              	.L8:
  68:Core/Src/init_LB1.c ****         for(int i = 0; i < TIME_DELAY1; i++){}
 243              		.loc 1 68 17 view .LVU51
 244              	.LBE3:
  70:Core/Src/init_LB1.c ****             mcu_btn1_count++;
 245              		.loc 1 70 63 is_stmt 1 discriminator 1 view .LVU52
  70:Core/Src/init_LB1.c ****             mcu_btn1_count++;
 246              		.loc 1 70 57 discriminator 1 view .LVU53
  70:Core/Src/init_LB1.c ****             mcu_btn1_count++;
 247              		.loc 1 70 19 is_stmt 0 discriminator 1 view .LVU54
 248 002a 064B     		ldr	r3, .L11
 249 002c 1B69     		ldr	r3, [r3, #16]
  70:Core/Src/init_LB1.c ****             mcu_btn1_count++;
 250              		.loc 1 70 57 discriminator 1 view .LVU55
 251 002e 13F0040F 		tst	r3, #4
 252 0032 FAD0     		beq	.L8
  71:Core/Src/init_LB1.c ****             mcu_btn1_event = 1;
 253              		.loc 1 71 13 is_stmt 1 view .LVU56
ARM GAS  C:\Users\VICTUS\AppData\Local\Temp\cc58J4bP.s 			page 7


  71:Core/Src/init_LB1.c ****             mcu_btn1_event = 1;
 254              		.loc 1 71 27 is_stmt 0 view .LVU57
 255 0034 044A     		ldr	r2, .L11+4
 256 0036 1368     		ldr	r3, [r2]
 257 0038 0133     		adds	r3, r3, #1
 258 003a 1360     		str	r3, [r2]
  72:Core/Src/init_LB1.c ****             return 1;
 259              		.loc 1 72 13 is_stmt 1 view .LVU58
  72:Core/Src/init_LB1.c ****             return 1;
 260              		.loc 1 72 28 is_stmt 0 view .LVU59
 261 003c 0120     		movs	r0, #1
 262 003e 034B     		ldr	r3, .L11+8
 263 0040 1870     		strb	r0, [r3]
  73:Core/Src/init_LB1.c ****         }
 264              		.loc 1 73 13 is_stmt 1 view .LVU60
  73:Core/Src/init_LB1.c ****         }
 265              		.loc 1 73 20 is_stmt 0 view .LVU61
 266 0042 7047     		bx	lr
 267              	.L12:
 268              		.align	2
 269              	.L11:
 270 0044 000C0240 		.word	1073875968
 271 0048 00000000 		.word	mcu_btn1_count
 272 004c 00000000 		.word	mcu_btn1_event
 273              		.cfi_endproc
 274              	.LFE131:
 276              		.section	.text.pressedButton2,"ax",%progbits
 277              		.align	1
 278              		.global	pressedButton2
 279              		.syntax unified
 280              		.thumb
 281              		.thumb_func
 283              	pressedButton2:
 284              	.LFB132:
  79:Core/Src/init_LB1.c **** 
  80:Core/Src/init_LB1.c **** int pressedButton2(void){
 285              		.loc 1 80 25 is_stmt 1 view -0
 286              		.cfi_startproc
 287              		@ args = 0, pretend = 0, frame = 0
 288              		@ frame_needed = 0, uses_anonymous_args = 0
 289              		@ link register save eliminated.
  81:Core/Src/init_LB1.c **** 
  82:Core/Src/init_LB1.c ****     if(READ_BIT(GPIOA->IDR , GPIO_IDR_IDR_0) == 0){
 290              		.loc 1 82 5 view .LVU63
 291              		.loc 1 82 8 is_stmt 0 view .LVU64
 292 0000 104B     		ldr	r3, .L20
 293 0002 1B69     		ldr	r3, [r3, #16]
 294              		.loc 1 82 7 view .LVU65
 295 0004 13F0010F 		tst	r3, #1
 296 0008 0DD0     		beq	.L18
  83:Core/Src/init_LB1.c ****         for(int i = 0; i < TIME_DELAY1; i++){}
  84:Core/Src/init_LB1.c ****         if(READ_BIT(GPIOA->IDR , GPIO_IDR_IDR_0) == 0){
  85:Core/Src/init_LB1.c ****             while(READ_BIT(GPIOA->IDR , GPIO_IDR_IDR_0) == 0){}
  86:Core/Src/init_LB1.c ****             mcu_btn2_count++;            
  87:Core/Src/init_LB1.c ****             mcu_btn2_event = 1;            
  88:Core/Src/init_LB1.c ****             return 1;
  89:Core/Src/init_LB1.c ****         }
ARM GAS  C:\Users\VICTUS\AppData\Local\Temp\cc58J4bP.s 			page 8


  90:Core/Src/init_LB1.c **** 
  91:Core/Src/init_LB1.c ****     }
  92:Core/Src/init_LB1.c ****     return 0;
 297              		.loc 1 92 12 view .LVU66
 298 000a 0020     		movs	r0, #0
 299 000c 7047     		bx	lr
 300              	.LVL5:
 301              	.L16:
 302              	.LBB4:
  83:Core/Src/init_LB1.c ****         for(int i = 0; i < TIME_DELAY1; i++){}
 303              		.loc 1 83 46 is_stmt 1 discriminator 3 view .LVU67
  83:Core/Src/init_LB1.c ****         for(int i = 0; i < TIME_DELAY1; i++){}
 304              		.loc 1 83 42 discriminator 3 view .LVU68
 305 000e 0133     		adds	r3, r3, #1
 306              	.LVL6:
 307              	.L14:
  83:Core/Src/init_LB1.c ****         for(int i = 0; i < TIME_DELAY1; i++){}
 308              		.loc 1 83 26 discriminator 1 view .LVU69
 309 0010 40F6AB52 		movw	r2, #3499
 310 0014 9342     		cmp	r3, r2
 311 0016 FADD     		ble	.L16
 312              	.LBE4:
  84:Core/Src/init_LB1.c ****             while(READ_BIT(GPIOA->IDR , GPIO_IDR_IDR_0) == 0){}
 313              		.loc 1 84 9 view .LVU70
  84:Core/Src/init_LB1.c ****             while(READ_BIT(GPIOA->IDR , GPIO_IDR_IDR_0) == 0){}
 314              		.loc 1 84 12 is_stmt 0 view .LVU71
 315 0018 0A4B     		ldr	r3, .L20
 316              	.LVL7:
  84:Core/Src/init_LB1.c ****             while(READ_BIT(GPIOA->IDR , GPIO_IDR_IDR_0) == 0){}
 317              		.loc 1 84 12 view .LVU72
 318 001a 1B69     		ldr	r3, [r3, #16]
  84:Core/Src/init_LB1.c ****             while(READ_BIT(GPIOA->IDR , GPIO_IDR_IDR_0) == 0){}
 319              		.loc 1 84 11 view .LVU73
 320 001c 13F0010F 		tst	r3, #1
 321 0020 03D0     		beq	.L17
 322              		.loc 1 92 12 view .LVU74
 323 0022 0020     		movs	r0, #0
  93:Core/Src/init_LB1.c **** }
 324              		.loc 1 93 1 view .LVU75
 325 0024 7047     		bx	lr
 326              	.LVL8:
 327              	.L18:
 328              	.LBB5:
  83:Core/Src/init_LB1.c ****         for(int i = 0; i < TIME_DELAY1; i++){}
 329              		.loc 1 83 17 view .LVU76
 330 0026 0023     		movs	r3, #0
 331 0028 F2E7     		b	.L14
 332              	.LVL9:
 333              	.L17:
  83:Core/Src/init_LB1.c ****         for(int i = 0; i < TIME_DELAY1; i++){}
 334              		.loc 1 83 17 view .LVU77
 335              	.LBE5:
  85:Core/Src/init_LB1.c ****             mcu_btn2_count++;            
 336              		.loc 1 85 63 is_stmt 1 discriminator 1 view .LVU78
  85:Core/Src/init_LB1.c ****             mcu_btn2_count++;            
 337              		.loc 1 85 57 discriminator 1 view .LVU79
  85:Core/Src/init_LB1.c ****             mcu_btn2_count++;            
ARM GAS  C:\Users\VICTUS\AppData\Local\Temp\cc58J4bP.s 			page 9


 338              		.loc 1 85 19 is_stmt 0 discriminator 1 view .LVU80
 339 002a 064B     		ldr	r3, .L20
 340 002c 1B69     		ldr	r3, [r3, #16]
  85:Core/Src/init_LB1.c ****             mcu_btn2_count++;            
 341              		.loc 1 85 57 discriminator 1 view .LVU81
 342 002e 13F0010F 		tst	r3, #1
 343 0032 FAD0     		beq	.L17
  86:Core/Src/init_LB1.c ****             mcu_btn2_event = 1;            
 344              		.loc 1 86 13 is_stmt 1 view .LVU82
  86:Core/Src/init_LB1.c ****             mcu_btn2_event = 1;            
 345              		.loc 1 86 27 is_stmt 0 view .LVU83
 346 0034 044A     		ldr	r2, .L20+4
 347 0036 1368     		ldr	r3, [r2]
 348 0038 0133     		adds	r3, r3, #1
 349 003a 1360     		str	r3, [r2]
  87:Core/Src/init_LB1.c ****             return 1;
 350              		.loc 1 87 13 is_stmt 1 view .LVU84
  87:Core/Src/init_LB1.c ****             return 1;
 351              		.loc 1 87 28 is_stmt 0 view .LVU85
 352 003c 0120     		movs	r0, #1
 353 003e 034B     		ldr	r3, .L20+8
 354 0040 1870     		strb	r0, [r3]
  88:Core/Src/init_LB1.c ****         }
 355              		.loc 1 88 13 is_stmt 1 view .LVU86
  88:Core/Src/init_LB1.c ****         }
 356              		.loc 1 88 20 is_stmt 0 view .LVU87
 357 0042 7047     		bx	lr
 358              	.L21:
 359              		.align	2
 360              	.L20:
 361 0044 00000240 		.word	1073872896
 362 0048 00000000 		.word	mcu_btn2_count
 363 004c 00000000 		.word	mcu_btn2_event
 364              		.cfi_endproc
 365              	.LFE132:
 367              		.section	.text.pressedButton3,"ax",%progbits
 368              		.align	1
 369              		.global	pressedButton3
 370              		.syntax unified
 371              		.thumb
 372              		.thumb_func
 374              	pressedButton3:
 375              	.LFB133:
  94:Core/Src/init_LB1.c **** 
  95:Core/Src/init_LB1.c **** int pressedButton3(void){
 376              		.loc 1 95 25 is_stmt 1 view -0
 377              		.cfi_startproc
 378              		@ args = 0, pretend = 0, frame = 0
 379              		@ frame_needed = 0, uses_anonymous_args = 0
 380              		@ link register save eliminated.
  96:Core/Src/init_LB1.c **** 
  97:Core/Src/init_LB1.c ****     if(READ_BIT(GPIOA->IDR , GPIO_IDR_IDR_1) == 0){
 381              		.loc 1 97 5 view .LVU89
 382              		.loc 1 97 8 is_stmt 0 view .LVU90
 383 0000 104B     		ldr	r3, .L29
 384 0002 1B69     		ldr	r3, [r3, #16]
 385              		.loc 1 97 7 view .LVU91
ARM GAS  C:\Users\VICTUS\AppData\Local\Temp\cc58J4bP.s 			page 10


 386 0004 13F0020F 		tst	r3, #2
 387 0008 0DD0     		beq	.L27
  98:Core/Src/init_LB1.c ****         for(int i = 0; i < TIME_DELAY1; i++){}
  99:Core/Src/init_LB1.c ****         if(READ_BIT(GPIOA->IDR , GPIO_IDR_IDR_1) == 0){
 100:Core/Src/init_LB1.c ****             while(READ_BIT(GPIOA->IDR , GPIO_IDR_IDR_1) == 0){}
 101:Core/Src/init_LB1.c ****             mcu_btn3_count++;
 102:Core/Src/init_LB1.c ****             mcu_btn3_event = 1;
 103:Core/Src/init_LB1.c ****             return 1;
 104:Core/Src/init_LB1.c ****         }
 105:Core/Src/init_LB1.c **** 
 106:Core/Src/init_LB1.c ****     }
 107:Core/Src/init_LB1.c ****     return 0;
 388              		.loc 1 107 12 view .LVU92
 389 000a 0020     		movs	r0, #0
 390 000c 7047     		bx	lr
 391              	.LVL10:
 392              	.L25:
 393              	.LBB6:
  98:Core/Src/init_LB1.c ****         for(int i = 0; i < TIME_DELAY1; i++){}
 394              		.loc 1 98 46 is_stmt 1 discriminator 3 view .LVU93
  98:Core/Src/init_LB1.c ****         for(int i = 0; i < TIME_DELAY1; i++){}
 395              		.loc 1 98 42 discriminator 3 view .LVU94
 396 000e 0133     		adds	r3, r3, #1
 397              	.LVL11:
 398              	.L23:
  98:Core/Src/init_LB1.c ****         for(int i = 0; i < TIME_DELAY1; i++){}
 399              		.loc 1 98 26 discriminator 1 view .LVU95
 400 0010 40F6AB52 		movw	r2, #3499
 401 0014 9342     		cmp	r3, r2
 402 0016 FADD     		ble	.L25
 403              	.LBE6:
  99:Core/Src/init_LB1.c ****             while(READ_BIT(GPIOA->IDR , GPIO_IDR_IDR_1) == 0){}
 404              		.loc 1 99 9 view .LVU96
  99:Core/Src/init_LB1.c ****             while(READ_BIT(GPIOA->IDR , GPIO_IDR_IDR_1) == 0){}
 405              		.loc 1 99 12 is_stmt 0 view .LVU97
 406 0018 0A4B     		ldr	r3, .L29
 407              	.LVL12:
  99:Core/Src/init_LB1.c ****             while(READ_BIT(GPIOA->IDR , GPIO_IDR_IDR_1) == 0){}
 408              		.loc 1 99 12 view .LVU98
 409 001a 1B69     		ldr	r3, [r3, #16]
  99:Core/Src/init_LB1.c ****             while(READ_BIT(GPIOA->IDR , GPIO_IDR_IDR_1) == 0){}
 410              		.loc 1 99 11 view .LVU99
 411 001c 13F0020F 		tst	r3, #2
 412 0020 03D0     		beq	.L26
 413              		.loc 1 107 12 view .LVU100
 414 0022 0020     		movs	r0, #0
 108:Core/Src/init_LB1.c **** }
 415              		.loc 1 108 1 view .LVU101
 416 0024 7047     		bx	lr
 417              	.LVL13:
 418              	.L27:
 419              	.LBB7:
  98:Core/Src/init_LB1.c ****         for(int i = 0; i < TIME_DELAY1; i++){}
 420              		.loc 1 98 17 view .LVU102
 421 0026 0023     		movs	r3, #0
 422 0028 F2E7     		b	.L23
 423              	.LVL14:
ARM GAS  C:\Users\VICTUS\AppData\Local\Temp\cc58J4bP.s 			page 11


 424              	.L26:
  98:Core/Src/init_LB1.c ****         for(int i = 0; i < TIME_DELAY1; i++){}
 425              		.loc 1 98 17 view .LVU103
 426              	.LBE7:
 100:Core/Src/init_LB1.c ****             mcu_btn3_count++;
 427              		.loc 1 100 63 is_stmt 1 discriminator 1 view .LVU104
 100:Core/Src/init_LB1.c ****             mcu_btn3_count++;
 428              		.loc 1 100 57 discriminator 1 view .LVU105
 100:Core/Src/init_LB1.c ****             mcu_btn3_count++;
 429              		.loc 1 100 19 is_stmt 0 discriminator 1 view .LVU106
 430 002a 064B     		ldr	r3, .L29
 431 002c 1B69     		ldr	r3, [r3, #16]
 100:Core/Src/init_LB1.c ****             mcu_btn3_count++;
 432              		.loc 1 100 57 discriminator 1 view .LVU107
 433 002e 13F0020F 		tst	r3, #2
 434 0032 FAD0     		beq	.L26
 101:Core/Src/init_LB1.c ****             mcu_btn3_event = 1;
 435              		.loc 1 101 13 is_stmt 1 view .LVU108
 101:Core/Src/init_LB1.c ****             mcu_btn3_event = 1;
 436              		.loc 1 101 27 is_stmt 0 view .LVU109
 437 0034 044A     		ldr	r2, .L29+4
 438 0036 1368     		ldr	r3, [r2]
 439 0038 0133     		adds	r3, r3, #1
 440 003a 1360     		str	r3, [r2]
 102:Core/Src/init_LB1.c ****             return 1;
 441              		.loc 1 102 13 is_stmt 1 view .LVU110
 102:Core/Src/init_LB1.c ****             return 1;
 442              		.loc 1 102 28 is_stmt 0 view .LVU111
 443 003c 0120     		movs	r0, #1
 444 003e 034B     		ldr	r3, .L29+8
 445 0040 1870     		strb	r0, [r3]
 103:Core/Src/init_LB1.c ****         }
 446              		.loc 1 103 13 is_stmt 1 view .LVU112
 103:Core/Src/init_LB1.c ****         }
 447              		.loc 1 103 20 is_stmt 0 view .LVU113
 448 0042 7047     		bx	lr
 449              	.L30:
 450              		.align	2
 451              	.L29:
 452 0044 00000240 		.word	1073872896
 453 0048 00000000 		.word	mcu_btn3_count
 454 004c 00000000 		.word	mcu_btn3_event
 455              		.cfi_endproc
 456              	.LFE133:
 458              		.section	.text.TurningOnState,"ax",%progbits
 459              		.align	1
 460              		.global	TurningOnState
 461              		.syntax unified
 462              		.thumb
 463              		.thumb_func
 465              	TurningOnState:
 466              	.LFB134:
 109:Core/Src/init_LB1.c **** 
 110:Core/Src/init_LB1.c **** void TurningOnState(void){
 467              		.loc 1 110 26 is_stmt 1 view -0
 468              		.cfi_startproc
 469              		@ args = 0, pretend = 0, frame = 0
ARM GAS  C:\Users\VICTUS\AppData\Local\Temp\cc58J4bP.s 			page 12


 470              		@ frame_needed = 0, uses_anonymous_args = 0
 471              		@ link register save eliminated.
 111:Core/Src/init_LB1.c **** 
 112:Core/Src/init_LB1.c ****     if(READ_BIT(GPIOA->IDR , GPIO_IDR_IDR_8) == 0){
 472              		.loc 1 112 5 view .LVU115
 473              		.loc 1 112 8 is_stmt 0 view .LVU116
 474 0000 204B     		ldr	r3, .L38
 475 0002 1B69     		ldr	r3, [r3, #16]
 476              		.loc 1 112 7 view .LVU117
 477 0004 13F4807F 		tst	r3, #256
 478 0008 05D1     		bne	.L32
 113:Core/Src/init_LB1.c ****         SET_BIT(GPIOA->BSRR, GPIO_BSRR_BS8);
 479              		.loc 1 113 9 is_stmt 1 view .LVU118
 480 000a 1E4A     		ldr	r2, .L38
 481 000c 9369     		ldr	r3, [r2, #24]
 482 000e 43F48073 		orr	r3, r3, #256
 483 0012 9361     		str	r3, [r2, #24]
 484 0014 7047     		bx	lr
 485              	.L32:
 114:Core/Src/init_LB1.c ****     }
 115:Core/Src/init_LB1.c **** 
 116:Core/Src/init_LB1.c ****     else if(READ_BIT(GPIOB->IDR , GPIO_IDR_IDR_10) == 0){
 486              		.loc 1 116 10 view .LVU119
 487              		.loc 1 116 13 is_stmt 0 view .LVU120
 488 0016 1C4B     		ldr	r3, .L38+4
 489 0018 1B69     		ldr	r3, [r3, #16]
 490              		.loc 1 116 12 view .LVU121
 491 001a 13F4806F 		tst	r3, #1024
 492 001e 05D1     		bne	.L34
 117:Core/Src/init_LB1.c ****         SET_BIT(GPIOB->BSRR, GPIO_BSRR_BS10);
 493              		.loc 1 117 9 is_stmt 1 view .LVU122
 494 0020 194A     		ldr	r2, .L38+4
 495 0022 9369     		ldr	r3, [r2, #24]
 496 0024 43F48063 		orr	r3, r3, #1024
 497 0028 9361     		str	r3, [r2, #24]
 498 002a 7047     		bx	lr
 499              	.L34:
 118:Core/Src/init_LB1.c ****     }
 119:Core/Src/init_LB1.c **** 
 120:Core/Src/init_LB1.c ****     else if(READ_BIT(GPIOB->IDR , GPIO_IDR_IDR_4) == 0){
 500              		.loc 1 120 10 view .LVU123
 501              		.loc 1 120 13 is_stmt 0 view .LVU124
 502 002c 164B     		ldr	r3, .L38+4
 503 002e 1B69     		ldr	r3, [r3, #16]
 504              		.loc 1 120 12 view .LVU125
 505 0030 13F0100F 		tst	r3, #16
 506 0034 05D1     		bne	.L35
 121:Core/Src/init_LB1.c ****         SET_BIT(GPIOB->BSRR, GPIO_BSRR_BS4);
 507              		.loc 1 121 9 is_stmt 1 view .LVU126
 508 0036 144A     		ldr	r2, .L38+4
 509 0038 9369     		ldr	r3, [r2, #24]
 510 003a 43F01003 		orr	r3, r3, #16
 511 003e 9361     		str	r3, [r2, #24]
 512 0040 7047     		bx	lr
 513              	.L35:
 122:Core/Src/init_LB1.c ****     }
 123:Core/Src/init_LB1.c **** 
ARM GAS  C:\Users\VICTUS\AppData\Local\Temp\cc58J4bP.s 			page 13


 124:Core/Src/init_LB1.c ****     else if(READ_BIT(GPIOB->IDR , GPIO_IDR_IDR_5) == 0){
 514              		.loc 1 124 10 view .LVU127
 515              		.loc 1 124 13 is_stmt 0 view .LVU128
 516 0042 114B     		ldr	r3, .L38+4
 517 0044 1B69     		ldr	r3, [r3, #16]
 518              		.loc 1 124 12 view .LVU129
 519 0046 13F0200F 		tst	r3, #32
 520 004a 05D1     		bne	.L36
 125:Core/Src/init_LB1.c ****         SET_BIT(GPIOB->BSRR, GPIO_BSRR_BS5);
 521              		.loc 1 125 9 is_stmt 1 view .LVU130
 522 004c 0E4A     		ldr	r2, .L38+4
 523 004e 9369     		ldr	r3, [r2, #24]
 524 0050 43F02003 		orr	r3, r3, #32
 525 0054 9361     		str	r3, [r2, #24]
 526 0056 7047     		bx	lr
 527              	.L36:
 126:Core/Src/init_LB1.c ****     }
 127:Core/Src/init_LB1.c **** 
 128:Core/Src/init_LB1.c ****     else if(READ_BIT(GPIOB->IDR , GPIO_IDR_IDR_3) == 0){
 528              		.loc 1 128 10 view .LVU131
 529              		.loc 1 128 13 is_stmt 0 view .LVU132
 530 0058 0B4B     		ldr	r3, .L38+4
 531 005a 1B69     		ldr	r3, [r3, #16]
 532              		.loc 1 128 12 view .LVU133
 533 005c 13F0080F 		tst	r3, #8
 534 0060 05D1     		bne	.L37
 129:Core/Src/init_LB1.c ****         SET_BIT(GPIOB->BSRR, GPIO_BSRR_BS3);
 535              		.loc 1 129 9 is_stmt 1 view .LVU134
 536 0062 094A     		ldr	r2, .L38+4
 537 0064 9369     		ldr	r3, [r2, #24]
 538 0066 43F00803 		orr	r3, r3, #8
 539 006a 9361     		str	r3, [r2, #24]
 540 006c 7047     		bx	lr
 541              	.L37:
 130:Core/Src/init_LB1.c ****     }
 131:Core/Src/init_LB1.c **** 
 132:Core/Src/init_LB1.c ****     else if(READ_BIT(GPIOA->IDR , GPIO_IDR_IDR_10) == 0){
 542              		.loc 1 132 10 view .LVU135
 543              		.loc 1 132 13 is_stmt 0 view .LVU136
 544 006e 054B     		ldr	r3, .L38
 545 0070 1B69     		ldr	r3, [r3, #16]
 546              		.loc 1 132 12 view .LVU137
 547 0072 13F4806F 		tst	r3, #1024
 548 0076 04D1     		bne	.L31
 133:Core/Src/init_LB1.c ****         SET_BIT(GPIOA->BSRR, GPIO_BSRR_BS10);
 549              		.loc 1 133 9 is_stmt 1 view .LVU138
 550 0078 024A     		ldr	r2, .L38
 551 007a 9369     		ldr	r3, [r2, #24]
 552 007c 43F48063 		orr	r3, r3, #1024
 553 0080 9361     		str	r3, [r2, #24]
 554              	.L31:
 134:Core/Src/init_LB1.c ****     }
 135:Core/Src/init_LB1.c **** 
 136:Core/Src/init_LB1.c **** }
 555              		.loc 1 136 1 is_stmt 0 view .LVU139
 556 0082 7047     		bx	lr
 557              	.L39:
ARM GAS  C:\Users\VICTUS\AppData\Local\Temp\cc58J4bP.s 			page 14


 558              		.align	2
 559              	.L38:
 560 0084 00000240 		.word	1073872896
 561 0088 00040240 		.word	1073873920
 562              		.cfi_endproc
 563              	.LFE134:
 565              		.section	.text.TurningOffState,"ax",%progbits
 566              		.align	1
 567              		.global	TurningOffState
 568              		.syntax unified
 569              		.thumb
 570              		.thumb_func
 572              	TurningOffState:
 573              	.LFB135:
 137:Core/Src/init_LB1.c **** 
 138:Core/Src/init_LB1.c **** void TurningOffState(void){
 574              		.loc 1 138 27 is_stmt 1 view -0
 575              		.cfi_startproc
 576              		@ args = 0, pretend = 0, frame = 0
 577              		@ frame_needed = 0, uses_anonymous_args = 0
 578              		@ link register save eliminated.
 139:Core/Src/init_LB1.c **** 
 140:Core/Src/init_LB1.c ****     if(READ_BIT(GPIOA->IDR , GPIO_IDR_IDR_8) != 0){
 579              		.loc 1 140 5 view .LVU141
 580              		.loc 1 140 8 is_stmt 0 view .LVU142
 581 0000 204B     		ldr	r3, .L47
 582 0002 1B69     		ldr	r3, [r3, #16]
 583              		.loc 1 140 7 view .LVU143
 584 0004 13F4807F 		tst	r3, #256
 585 0008 05D0     		beq	.L41
 141:Core/Src/init_LB1.c ****         SET_BIT(GPIOA->BSRR, GPIO_BSRR_BR8);
 586              		.loc 1 141 9 is_stmt 1 view .LVU144
 587 000a 1E4A     		ldr	r2, .L47
 588 000c 9369     		ldr	r3, [r2, #24]
 589 000e 43F08073 		orr	r3, r3, #16777216
 590 0012 9361     		str	r3, [r2, #24]
 591 0014 7047     		bx	lr
 592              	.L41:
 142:Core/Src/init_LB1.c ****     }
 143:Core/Src/init_LB1.c **** 
 144:Core/Src/init_LB1.c ****     else if(READ_BIT(GPIOB->IDR , GPIO_IDR_IDR_10) != 0){
 593              		.loc 1 144 10 view .LVU145
 594              		.loc 1 144 13 is_stmt 0 view .LVU146
 595 0016 1C4B     		ldr	r3, .L47+4
 596 0018 1B69     		ldr	r3, [r3, #16]
 597              		.loc 1 144 12 view .LVU147
 598 001a 13F4806F 		tst	r3, #1024
 599 001e 05D0     		beq	.L43
 145:Core/Src/init_LB1.c ****         SET_BIT(GPIOB->BSRR, GPIO_BSRR_BR10);
 600              		.loc 1 145 9 is_stmt 1 view .LVU148
 601 0020 194A     		ldr	r2, .L47+4
 602 0022 9369     		ldr	r3, [r2, #24]
 603 0024 43F08063 		orr	r3, r3, #67108864
 604 0028 9361     		str	r3, [r2, #24]
 605 002a 7047     		bx	lr
 606              	.L43:
 146:Core/Src/init_LB1.c ****     }
ARM GAS  C:\Users\VICTUS\AppData\Local\Temp\cc58J4bP.s 			page 15


 147:Core/Src/init_LB1.c **** 
 148:Core/Src/init_LB1.c ****     else if(READ_BIT(GPIOB->IDR , GPIO_IDR_IDR_4) != 0){
 607              		.loc 1 148 10 view .LVU149
 608              		.loc 1 148 13 is_stmt 0 view .LVU150
 609 002c 164B     		ldr	r3, .L47+4
 610 002e 1B69     		ldr	r3, [r3, #16]
 611              		.loc 1 148 12 view .LVU151
 612 0030 13F0100F 		tst	r3, #16
 613 0034 05D0     		beq	.L44
 149:Core/Src/init_LB1.c ****         SET_BIT(GPIOB->BSRR, GPIO_BSRR_BR4);
 614              		.loc 1 149 9 is_stmt 1 view .LVU152
 615 0036 144A     		ldr	r2, .L47+4
 616 0038 9369     		ldr	r3, [r2, #24]
 617 003a 43F48013 		orr	r3, r3, #1048576
 618 003e 9361     		str	r3, [r2, #24]
 619 0040 7047     		bx	lr
 620              	.L44:
 150:Core/Src/init_LB1.c ****     }
 151:Core/Src/init_LB1.c **** 
 152:Core/Src/init_LB1.c ****     else if(READ_BIT(GPIOB->IDR , GPIO_IDR_IDR_5) != 0){
 621              		.loc 1 152 10 view .LVU153
 622              		.loc 1 152 13 is_stmt 0 view .LVU154
 623 0042 114B     		ldr	r3, .L47+4
 624 0044 1B69     		ldr	r3, [r3, #16]
 625              		.loc 1 152 12 view .LVU155
 626 0046 13F0200F 		tst	r3, #32
 627 004a 05D0     		beq	.L45
 153:Core/Src/init_LB1.c ****         SET_BIT(GPIOB->BSRR, GPIO_BSRR_BR5);
 628              		.loc 1 153 9 is_stmt 1 view .LVU156
 629 004c 0E4A     		ldr	r2, .L47+4
 630 004e 9369     		ldr	r3, [r2, #24]
 631 0050 43F40013 		orr	r3, r3, #2097152
 632 0054 9361     		str	r3, [r2, #24]
 633 0056 7047     		bx	lr
 634              	.L45:
 154:Core/Src/init_LB1.c ****     }
 155:Core/Src/init_LB1.c **** 
 156:Core/Src/init_LB1.c ****     else if(READ_BIT(GPIOB->IDR , GPIO_IDR_IDR_3) != 0){
 635              		.loc 1 156 10 view .LVU157
 636              		.loc 1 156 13 is_stmt 0 view .LVU158
 637 0058 0B4B     		ldr	r3, .L47+4
 638 005a 1B69     		ldr	r3, [r3, #16]
 639              		.loc 1 156 12 view .LVU159
 640 005c 13F0080F 		tst	r3, #8
 641 0060 05D0     		beq	.L46
 157:Core/Src/init_LB1.c ****         SET_BIT(GPIOB->BSRR, GPIO_BSRR_BR3);
 642              		.loc 1 157 9 is_stmt 1 view .LVU160
 643 0062 094A     		ldr	r2, .L47+4
 644 0064 9369     		ldr	r3, [r2, #24]
 645 0066 43F40023 		orr	r3, r3, #524288
 646 006a 9361     		str	r3, [r2, #24]
 647 006c 7047     		bx	lr
 648              	.L46:
 158:Core/Src/init_LB1.c ****     }
 159:Core/Src/init_LB1.c **** 
 160:Core/Src/init_LB1.c ****     else if(READ_BIT(GPIOA->IDR , GPIO_IDR_IDR_10) != 0){
 649              		.loc 1 160 10 view .LVU161
ARM GAS  C:\Users\VICTUS\AppData\Local\Temp\cc58J4bP.s 			page 16


 650              		.loc 1 160 13 is_stmt 0 view .LVU162
 651 006e 054B     		ldr	r3, .L47
 652 0070 1B69     		ldr	r3, [r3, #16]
 653              		.loc 1 160 12 view .LVU163
 654 0072 13F4806F 		tst	r3, #1024
 655 0076 04D0     		beq	.L40
 161:Core/Src/init_LB1.c ****         SET_BIT(GPIOA->BSRR, GPIO_BSRR_BR10);
 656              		.loc 1 161 9 is_stmt 1 view .LVU164
 657 0078 024A     		ldr	r2, .L47
 658 007a 9369     		ldr	r3, [r2, #24]
 659 007c 43F08063 		orr	r3, r3, #67108864
 660 0080 9361     		str	r3, [r2, #24]
 661              	.L40:
 162:Core/Src/init_LB1.c ****     }
 163:Core/Src/init_LB1.c **** 
 164:Core/Src/init_LB1.c **** }
 662              		.loc 1 164 1 is_stmt 0 view .LVU165
 663 0082 7047     		bx	lr
 664              	.L48:
 665              		.align	2
 666              	.L47:
 667 0084 00000240 		.word	1073872896
 668 0088 00040240 		.word	1073873920
 669              		.cfi_endproc
 670              	.LFE135:
 672              		.section	.text.TheSwitcher,"ax",%progbits
 673              		.align	1
 674              		.global	TheSwitcher
 675              		.syntax unified
 676              		.thumb
 677              		.thumb_func
 679              	TheSwitcher:
 680              	.LVL15:
 681              	.LFB136:
 165:Core/Src/init_LB1.c **** 
 166:Core/Src/init_LB1.c **** int TheSwitcher(int count){
 682              		.loc 1 166 27 is_stmt 1 view -0
 683              		.cfi_startproc
 684              		@ args = 0, pretend = 0, frame = 0
 685              		@ frame_needed = 0, uses_anonymous_args = 0
 686              		@ link register save eliminated.
 167:Core/Src/init_LB1.c **** 
 168:Core/Src/init_LB1.c ****     return count & 1;
 687              		.loc 1 168 5 view .LVU167
 169:Core/Src/init_LB1.c **** 
 170:Core/Src/init_LB1.c **** }
 688              		.loc 1 170 1 is_stmt 0 view .LVU168
 689 0000 00F00100 		and	r0, r0, #1
 690              	.LVL16:
 691              		.loc 1 170 1 view .LVU169
 692 0004 7047     		bx	lr
 693              		.cfi_endproc
 694              	.LFE136:
 696              		.global	mcu_btn3_event
 697              		.section	.bss.mcu_btn3_event,"aw",%nobits
 700              	mcu_btn3_event:
 701 0000 00       		.space	1
ARM GAS  C:\Users\VICTUS\AppData\Local\Temp\cc58J4bP.s 			page 17


 702              		.global	mcu_btn2_event
 703              		.section	.bss.mcu_btn2_event,"aw",%nobits
 706              	mcu_btn2_event:
 707 0000 00       		.space	1
 708              		.global	mcu_btn1_event
 709              		.section	.bss.mcu_btn1_event,"aw",%nobits
 712              	mcu_btn1_event:
 713 0000 00       		.space	1
 714              		.global	mcu_btn3_count
 715              		.section	.bss.mcu_btn3_count,"aw",%nobits
 716              		.align	2
 719              	mcu_btn3_count:
 720 0000 00000000 		.space	4
 721              		.global	mcu_btn2_count
 722              		.section	.bss.mcu_btn2_count,"aw",%nobits
 723              		.align	2
 726              	mcu_btn2_count:
 727 0000 00000000 		.space	4
 728              		.global	mcu_btn1_count
 729              		.section	.bss.mcu_btn1_count,"aw",%nobits
 730              		.align	2
 733              	mcu_btn1_count:
 734 0000 00000000 		.space	4
 735              		.text
 736              	.Letext0:
 737              		.file 2 "D:/Tools/xpack-arm-none-eabi-gcc-13.2.1-1.1/arm-none-eabi/include/machine/_default_types.
 738              		.file 3 "D:/Tools/xpack-arm-none-eabi-gcc-13.2.1-1.1/arm-none-eabi/include/sys/_stdint.h"
 739              		.file 4 "CMSIS/Devices/STM32F4xx/Inc/STM32F411RE/stm32f411xe.h"
 740              		.file 5 "Core/Src/../Inc/init_LB1.h"
ARM GAS  C:\Users\VICTUS\AppData\Local\Temp\cc58J4bP.s 			page 18


DEFINED SYMBOLS
                            *ABS*:00000000 init_LB1.c
C:\Users\VICTUS\AppData\Local\Temp\cc58J4bP.s:21     .text.GPIO_Init_CMSIS_LB1:00000000 $t
C:\Users\VICTUS\AppData\Local\Temp\cc58J4bP.s:27     .text.GPIO_Init_CMSIS_LB1:00000000 GPIO_Init_CMSIS_LB1
C:\Users\VICTUS\AppData\Local\Temp\cc58J4bP.s:179    .text.GPIO_Init_CMSIS_LB1:0000011c $d
C:\Users\VICTUS\AppData\Local\Temp\cc58J4bP.s:186    .text.pressedButton1:00000000 $t
C:\Users\VICTUS\AppData\Local\Temp\cc58J4bP.s:192    .text.pressedButton1:00000000 pressedButton1
C:\Users\VICTUS\AppData\Local\Temp\cc58J4bP.s:270    .text.pressedButton1:00000044 $d
C:\Users\VICTUS\AppData\Local\Temp\cc58J4bP.s:733    .bss.mcu_btn1_count:00000000 mcu_btn1_count
C:\Users\VICTUS\AppData\Local\Temp\cc58J4bP.s:712    .bss.mcu_btn1_event:00000000 mcu_btn1_event
C:\Users\VICTUS\AppData\Local\Temp\cc58J4bP.s:277    .text.pressedButton2:00000000 $t
C:\Users\VICTUS\AppData\Local\Temp\cc58J4bP.s:283    .text.pressedButton2:00000000 pressedButton2
C:\Users\VICTUS\AppData\Local\Temp\cc58J4bP.s:361    .text.pressedButton2:00000044 $d
C:\Users\VICTUS\AppData\Local\Temp\cc58J4bP.s:726    .bss.mcu_btn2_count:00000000 mcu_btn2_count
C:\Users\VICTUS\AppData\Local\Temp\cc58J4bP.s:706    .bss.mcu_btn2_event:00000000 mcu_btn2_event
C:\Users\VICTUS\AppData\Local\Temp\cc58J4bP.s:368    .text.pressedButton3:00000000 $t
C:\Users\VICTUS\AppData\Local\Temp\cc58J4bP.s:374    .text.pressedButton3:00000000 pressedButton3
C:\Users\VICTUS\AppData\Local\Temp\cc58J4bP.s:452    .text.pressedButton3:00000044 $d
C:\Users\VICTUS\AppData\Local\Temp\cc58J4bP.s:719    .bss.mcu_btn3_count:00000000 mcu_btn3_count
C:\Users\VICTUS\AppData\Local\Temp\cc58J4bP.s:700    .bss.mcu_btn3_event:00000000 mcu_btn3_event
C:\Users\VICTUS\AppData\Local\Temp\cc58J4bP.s:459    .text.TurningOnState:00000000 $t
C:\Users\VICTUS\AppData\Local\Temp\cc58J4bP.s:465    .text.TurningOnState:00000000 TurningOnState
C:\Users\VICTUS\AppData\Local\Temp\cc58J4bP.s:560    .text.TurningOnState:00000084 $d
C:\Users\VICTUS\AppData\Local\Temp\cc58J4bP.s:566    .text.TurningOffState:00000000 $t
C:\Users\VICTUS\AppData\Local\Temp\cc58J4bP.s:572    .text.TurningOffState:00000000 TurningOffState
C:\Users\VICTUS\AppData\Local\Temp\cc58J4bP.s:667    .text.TurningOffState:00000084 $d
C:\Users\VICTUS\AppData\Local\Temp\cc58J4bP.s:673    .text.TheSwitcher:00000000 $t
C:\Users\VICTUS\AppData\Local\Temp\cc58J4bP.s:679    .text.TheSwitcher:00000000 TheSwitcher
C:\Users\VICTUS\AppData\Local\Temp\cc58J4bP.s:701    .bss.mcu_btn3_event:00000000 $d
C:\Users\VICTUS\AppData\Local\Temp\cc58J4bP.s:707    .bss.mcu_btn2_event:00000000 $d
C:\Users\VICTUS\AppData\Local\Temp\cc58J4bP.s:713    .bss.mcu_btn1_event:00000000 $d
C:\Users\VICTUS\AppData\Local\Temp\cc58J4bP.s:716    .bss.mcu_btn3_count:00000000 $d
C:\Users\VICTUS\AppData\Local\Temp\cc58J4bP.s:723    .bss.mcu_btn2_count:00000000 $d
C:\Users\VICTUS\AppData\Local\Temp\cc58J4bP.s:730    .bss.mcu_btn1_count:00000000 $d

NO UNDEFINED SYMBOLS
