ARM GAS  C:\Users\VICTUS\AppData\Local\Temp\ccx72cqK.s 			page 1


   1              		.cpu cortex-m4
   2              		.arch armv7e-m
   3              		.fpu fpv4-sp-d16
   4              		.eabi_attribute 27, 1
   5              		.eabi_attribute 28, 1
   6              		.eabi_attribute 20, 1
   7              		.eabi_attribute 21, 1
   8              		.eabi_attribute 23, 3
   9              		.eabi_attribute 24, 1
  10              		.eabi_attribute 25, 1
  11              		.eabi_attribute 26, 1
  12              		.eabi_attribute 30, 1
  13              		.eabi_attribute 34, 1
  14              		.eabi_attribute 18, 4
  15              		.file	"init_LB2.c"
  16              		.text
  17              	.Ltext0:
  18              		.cfi_sections	.debug_frame
  19              		.file 1 "Core/Src/init_LB2.c"
  20              		.section	.text.GPIO_Init,"ax",%progbits
  21              		.align	1
  22              		.global	GPIO_Init
  23              		.syntax unified
  24              		.thumb
  25              		.thumb_func
  27              	GPIO_Init:
  28              	.LFB130:
   1:Core/Src/init_LB2.c **** #include "init_LB2.h"
   2:Core/Src/init_LB2.c **** 
   3:Core/Src/init_LB2.c **** #define PWM_MAX 100
   4:Core/Src/init_LB2.c **** 
   5:Core/Src/init_LB2.c **** void GPIO_Init(void){
  29              		.loc 1 5 21 view -0
  30              		.cfi_startproc
  31              		@ args = 0, pretend = 0, frame = 0
  32              		@ frame_needed = 0, uses_anonymous_args = 0
  33              		@ link register save eliminated.
   6:Core/Src/init_LB2.c **** 
   7:Core/Src/init_LB2.c ****     /*------------------------------------------------------------*/
   8:Core/Src/init_LB2.c ****     /* Enable GPIO clocks                                         */
   9:Core/Src/init_LB2.c ****     /*------------------------------------------------------------*/
  10:Core/Src/init_LB2.c ****     SET_BIT(RCC->AHB1ENR,
  34              		.loc 1 10 5 view .LVU1
  35 0000 264A     		ldr	r2, .L2
  36 0002 136B     		ldr	r3, [r2, #48]
  37 0004 43F00703 		orr	r3, r3, #7
  38 0008 1363     		str	r3, [r2, #48]
  11:Core/Src/init_LB2.c ****             RCC_AHB1ENR_GPIOAEN |
  12:Core/Src/init_LB2.c ****             RCC_AHB1ENR_GPIOBEN |
  13:Core/Src/init_LB2.c ****             RCC_AHB1ENR_GPIOCEN);
  14:Core/Src/init_LB2.c **** 
  15:Core/Src/init_LB2.c ****     /*------------------------------------------------------------*/
  16:Core/Src/init_LB2.c ****     /* Direction pins: PA0, PA1, PA4, PB0                         */
  17:Core/Src/init_LB2.c ****     /* Output, push-pull                                          */
  18:Core/Src/init_LB2.c ****     /*------------------------------------------------------------*/
  19:Core/Src/init_LB2.c **** 
  20:Core/Src/init_LB2.c ****     /* PA0 */
ARM GAS  C:\Users\VICTUS\AppData\Local\Temp\ccx72cqK.s 			page 2


  21:Core/Src/init_LB2.c ****     MODIFY_REG(GPIOA->MODER,
  39              		.loc 1 21 5 view .LVU2
  40 000a 254B     		ldr	r3, .L2+4
  41 000c 1A68     		ldr	r2, [r3]
  42 000e 22F00302 		bic	r2, r2, #3
  43 0012 42F00102 		orr	r2, r2, #1
  44 0016 1A60     		str	r2, [r3]
  22:Core/Src/init_LB2.c ****                GPIO_MODER_MODER0_Msk,
  23:Core/Src/init_LB2.c ****                GPIO_MODER_MODER0_0);
  24:Core/Src/init_LB2.c **** 
  25:Core/Src/init_LB2.c ****     /* PA1 */
  26:Core/Src/init_LB2.c ****     MODIFY_REG(GPIOA->MODER,
  45              		.loc 1 26 5 view .LVU3
  46 0018 1A68     		ldr	r2, [r3]
  47 001a 22F00C02 		bic	r2, r2, #12
  48 001e 42F00402 		orr	r2, r2, #4
  49 0022 1A60     		str	r2, [r3]
  27:Core/Src/init_LB2.c ****                GPIO_MODER_MODER1_Msk,
  28:Core/Src/init_LB2.c ****                GPIO_MODER_MODER1_0);
  29:Core/Src/init_LB2.c **** 
  30:Core/Src/init_LB2.c ****     /* PA4 */
  31:Core/Src/init_LB2.c ****     MODIFY_REG(GPIOA->MODER,
  50              		.loc 1 31 5 view .LVU4
  51 0024 1A68     		ldr	r2, [r3]
  52 0026 22F44072 		bic	r2, r2, #768
  53 002a 42F48072 		orr	r2, r2, #256
  54 002e 1A60     		str	r2, [r3]
  32:Core/Src/init_LB2.c ****                GPIO_MODER_MODER4_Msk,
  33:Core/Src/init_LB2.c ****                GPIO_MODER_MODER4_0);
  34:Core/Src/init_LB2.c **** 
  35:Core/Src/init_LB2.c ****     /* PB0 */
  36:Core/Src/init_LB2.c ****     MODIFY_REG(GPIOB->MODER,
  55              		.loc 1 36 5 view .LVU5
  56 0030 1C4A     		ldr	r2, .L2+8
  57 0032 1368     		ldr	r3, [r2]
  58 0034 23F00303 		bic	r3, r3, #3
  59 0038 43F00103 		orr	r3, r3, #1
  60 003c 1360     		str	r3, [r2]
  37:Core/Src/init_LB2.c ****                GPIO_MODER_MODER0_Msk,
  38:Core/Src/init_LB2.c ****                GPIO_MODER_MODER0_0);
  39:Core/Src/init_LB2.c **** 
  40:Core/Src/init_LB2.c ****     /*------------------------------------------------------------*/
  41:Core/Src/init_LB2.c ****     /* PWM pins: PC6 (TIM3_CH1), PC7 (TIM3_CH2)                   */
  42:Core/Src/init_LB2.c ****     /* Alternate Function                                         */
  43:Core/Src/init_LB2.c ****     /*------------------------------------------------------------*/
  44:Core/Src/init_LB2.c **** 
  45:Core/Src/init_LB2.c ****     /* PC6 */
  46:Core/Src/init_LB2.c ****     MODIFY_REG(GPIOC->MODER,
  61              		.loc 1 46 5 view .LVU6
  62 003e 1A4B     		ldr	r3, .L2+12
  63 0040 1A68     		ldr	r2, [r3]
  64 0042 22F44052 		bic	r2, r2, #12288
  65 0046 42F40052 		orr	r2, r2, #8192
  66 004a 1A60     		str	r2, [r3]
  47:Core/Src/init_LB2.c ****                GPIO_MODER_MODER6_Msk,
  48:Core/Src/init_LB2.c ****                GPIO_MODER_MODER6_1);
  49:Core/Src/init_LB2.c **** 
ARM GAS  C:\Users\VICTUS\AppData\Local\Temp\ccx72cqK.s 			page 3


  50:Core/Src/init_LB2.c ****     /* PC7 */
  51:Core/Src/init_LB2.c ****     MODIFY_REG(GPIOC->MODER,
  67              		.loc 1 51 5 view .LVU7
  68 004c 1A68     		ldr	r2, [r3]
  69 004e 22F44042 		bic	r2, r2, #49152
  70 0052 42F40042 		orr	r2, r2, #32768
  71 0056 1A60     		str	r2, [r3]
  52:Core/Src/init_LB2.c ****                GPIO_MODER_MODER7_Msk,
  53:Core/Src/init_LB2.c ****                GPIO_MODER_MODER7_1);
  54:Core/Src/init_LB2.c **** 
  55:Core/Src/init_LB2.c ****     /* Set AF2 (TIM3) for PC6 and PC7 */
  56:Core/Src/init_LB2.c ****     MODIFY_REG(GPIOC->AFR[0],
  72              		.loc 1 56 5 view .LVU8
  73 0058 1A6A     		ldr	r2, [r3, #32]
  74 005a 22F07062 		bic	r2, r2, #251658240
  75 005e 42F00072 		orr	r2, r2, #33554432
  76 0062 1A62     		str	r2, [r3, #32]
  57:Core/Src/init_LB2.c ****                GPIO_AFRL_AFSEL6_Msk,
  58:Core/Src/init_LB2.c ****                (2U << GPIO_AFRL_AFSEL6_Pos));
  59:Core/Src/init_LB2.c **** 
  60:Core/Src/init_LB2.c ****     MODIFY_REG(GPIOC->AFR[0],
  77              		.loc 1 60 5 view .LVU9
  78 0064 1A6A     		ldr	r2, [r3, #32]
  79 0066 22F07042 		bic	r2, r2, #-268435456
  80 006a 42F00052 		orr	r2, r2, #536870912
  81 006e 1A62     		str	r2, [r3, #32]
  61:Core/Src/init_LB2.c ****                GPIO_AFRL_AFSEL7_Msk,
  62:Core/Src/init_LB2.c ****                (2U << GPIO_AFRL_AFSEL7_Pos));
  63:Core/Src/init_LB2.c **** 
  64:Core/Src/init_LB2.c ****     /* High speed for PWM pins */
  65:Core/Src/init_LB2.c ****     MODIFY_REG(GPIOC->OSPEEDR,
  82              		.loc 1 65 5 view .LVU10
  83 0070 9A68     		ldr	r2, [r3, #8]
  84 0072 42F47042 		orr	r2, r2, #61440
  85 0076 9A60     		str	r2, [r3, #8]
  66:Core/Src/init_LB2.c ****                GPIO_OSPEEDR_OSPEED6_Msk |
  67:Core/Src/init_LB2.c ****                GPIO_OSPEEDR_OSPEED7_Msk,
  68:Core/Src/init_LB2.c ****                GPIO_OSPEEDER_OSPEEDR6 |
  69:Core/Src/init_LB2.c ****                GPIO_OSPEEDER_OSPEEDR7);
  70:Core/Src/init_LB2.c **** 
  71:Core/Src/init_LB2.c ****     /* No pull-up / pull-down */
  72:Core/Src/init_LB2.c ****     CLEAR_BIT(GPIOC->PUPDR,
  86              		.loc 1 72 5 view .LVU11
  87 0078 DA68     		ldr	r2, [r3, #12]
  88 007a 22F47042 		bic	r2, r2, #61440
  89 007e DA60     		str	r2, [r3, #12]
  73:Core/Src/init_LB2.c ****               GPIO_PUPDR_PUPD6_Msk |
  74:Core/Src/init_LB2.c ****               GPIO_PUPDR_PUPD7_Msk);
  75:Core/Src/init_LB2.c **** 
  76:Core/Src/init_LB2.c ****     SET_BIT(GPIOC->MODER, GPIO_MODER_MODER9_1);     
  90              		.loc 1 76 5 view .LVU12
  91 0080 1A68     		ldr	r2, [r3]
  92 0082 42F40022 		orr	r2, r2, #524288
  93 0086 1A60     		str	r2, [r3]
  77:Core/Src/init_LB2.c ****     SET_BIT(GPIOC->OSPEEDR,GPIO_OSPEEDER_OSPEEDR9);  
  94              		.loc 1 77 5 view .LVU13
  95 0088 9A68     		ldr	r2, [r3, #8]
ARM GAS  C:\Users\VICTUS\AppData\Local\Temp\ccx72cqK.s 			page 4


  96 008a 42F44022 		orr	r2, r2, #786432
  97 008e 9A60     		str	r2, [r3, #8]
  78:Core/Src/init_LB2.c ****     MODIFY_REG(GPIOC->AFR[1], GPIO_AFRH_AFSEL9_Msk, 0x00UL);
  98              		.loc 1 78 5 view .LVU14
  99 0090 5A6A     		ldr	r2, [r3, #36]
 100 0092 22F0F002 		bic	r2, r2, #240
 101 0096 5A62     		str	r2, [r3, #36]
  79:Core/Src/init_LB2.c **** 
  80:Core/Src/init_LB2.c **** }
 102              		.loc 1 80 1 is_stmt 0 view .LVU15
 103 0098 7047     		bx	lr
 104              	.L3:
 105 009a 00BF     		.align	2
 106              	.L2:
 107 009c 00380240 		.word	1073887232
 108 00a0 00000240 		.word	1073872896
 109 00a4 00040240 		.word	1073873920
 110 00a8 00080240 		.word	1073874944
 111              		.cfi_endproc
 112              	.LFE130:
 114              		.section	.text.RCC_Init,"ax",%progbits
 115              		.align	1
 116              		.global	RCC_Init
 117              		.syntax unified
 118              		.thumb
 119              		.thumb_func
 121              	RCC_Init:
 122              	.LFB131:
  81:Core/Src/init_LB2.c **** 
  82:Core/Src/init_LB2.c **** 
  83:Core/Src/init_LB2.c **** void RCC_Init(void)
  84:Core/Src/init_LB2.c **** {
 123              		.loc 1 84 1 is_stmt 1 view -0
 124              		.cfi_startproc
 125              		@ args = 0, pretend = 0, frame = 0
 126              		@ frame_needed = 0, uses_anonymous_args = 0
 127              		@ link register save eliminated.
  85:Core/Src/init_LB2.c ****     /*--------------------------------------------------------------------*/
  86:Core/Src/init_LB2.c ****     /* 1. Reset clock configuration and switch to HSI                     */
  87:Core/Src/init_LB2.c ****     /*--------------------------------------------------------------------*/
  88:Core/Src/init_LB2.c **** 
  89:Core/Src/init_LB2.c ****     /* Set HSI trimming to default */
  90:Core/Src/init_LB2.c ****     MODIFY_REG(RCC->CR, RCC_CR_HSITRIM, 0x80U);
 128              		.loc 1 90 5 view .LVU17
 129 0000 384A     		ldr	r2, .L11
 130 0002 1368     		ldr	r3, [r2]
 131 0004 23F0F803 		bic	r3, r3, #248
 132 0008 43F08003 		orr	r3, r3, #128
 133 000c 1360     		str	r3, [r2]
  91:Core/Src/init_LB2.c **** 
  92:Core/Src/init_LB2.c ****     /* Reset CFGR register */
  93:Core/Src/init_LB2.c ****     CLEAR_REG(RCC->CFGR);
 134              		.loc 1 93 5 view .LVU18
 135 000e 0023     		movs	r3, #0
 136 0010 9360     		str	r3, [r2, #8]
  94:Core/Src/init_LB2.c **** 
  95:Core/Src/init_LB2.c ****     /* Wait until HSI is used as system clock */
ARM GAS  C:\Users\VICTUS\AppData\Local\Temp\ccx72cqK.s 			page 5


  96:Core/Src/init_LB2.c ****     while ((RCC->CFGR & RCC_CFGR_SWS_Msk) != RCC_CFGR_SWS_HSI);
 137              		.loc 1 96 5 view .LVU19
 138              	.L5:
 139              		.loc 1 96 43 discriminator 1 view .LVU20
 140              		.loc 1 96 16 is_stmt 0 discriminator 1 view .LVU21
 141 0012 344B     		ldr	r3, .L11
 142 0014 9B68     		ldr	r3, [r3, #8]
 143              		.loc 1 96 43 discriminator 1 view .LVU22
 144 0016 13F00C0F 		tst	r3, #12
 145 001a FAD1     		bne	.L5
  97:Core/Src/init_LB2.c **** 
  98:Core/Src/init_LB2.c ****     /*--------------------------------------------------------------------*/
  99:Core/Src/init_LB2.c ****     /* 2. Disable PLL, HSE and CSS before reconfiguration                 */
 100:Core/Src/init_LB2.c ****     /*--------------------------------------------------------------------*/
 101:Core/Src/init_LB2.c **** 
 102:Core/Src/init_LB2.c ****     /* Disable PLL */
 103:Core/Src/init_LB2.c ****     CLEAR_BIT(RCC->CR, RCC_CR_PLLON);
 146              		.loc 1 103 5 is_stmt 1 view .LVU23
 147 001c 314A     		ldr	r2, .L11
 148 001e 1368     		ldr	r3, [r2]
 149 0020 23F08073 		bic	r3, r3, #16777216
 150 0024 1360     		str	r3, [r2]
 104:Core/Src/init_LB2.c ****     while (READ_BIT(RCC->CR, RCC_CR_PLLRDY) != RESET);
 151              		.loc 1 104 5 view .LVU24
 152              	.L6:
 153              		.loc 1 104 45 discriminator 1 view .LVU25
 154              		.loc 1 104 12 is_stmt 0 discriminator 1 view .LVU26
 155 0026 2F4B     		ldr	r3, .L11
 156 0028 1B68     		ldr	r3, [r3]
 157              		.loc 1 104 45 discriminator 1 view .LVU27
 158 002a 13F0007F 		tst	r3, #33554432
 159 002e FAD1     		bne	.L6
 105:Core/Src/init_LB2.c **** 
 106:Core/Src/init_LB2.c ****     /* Disable HSE and CSS */
 107:Core/Src/init_LB2.c ****     CLEAR_BIT(RCC->CR, RCC_CR_HSEON | RCC_CR_CSSON);
 160              		.loc 1 107 5 is_stmt 1 view .LVU28
 161 0030 2C4A     		ldr	r2, .L11
 162 0032 1368     		ldr	r3, [r2]
 163 0034 23F41023 		bic	r3, r3, #589824
 164 0038 1360     		str	r3, [r2]
 108:Core/Src/init_LB2.c ****     while (READ_BIT(RCC->CR, RCC_CR_HSERDY) != RESET);
 165              		.loc 1 108 5 view .LVU29
 166              	.L7:
 167              		.loc 1 108 45 discriminator 1 view .LVU30
 168              		.loc 1 108 12 is_stmt 0 discriminator 1 view .LVU31
 169 003a 2A4B     		ldr	r3, .L11
 170 003c 1B68     		ldr	r3, [r3]
 171              		.loc 1 108 45 discriminator 1 view .LVU32
 172 003e 13F4003F 		tst	r3, #131072
 173 0042 FAD1     		bne	.L7
 109:Core/Src/init_LB2.c **** 
 110:Core/Src/init_LB2.c ****     /* Disable HSE bypass */
 111:Core/Src/init_LB2.c ****     CLEAR_BIT(RCC->CR, RCC_CR_HSEBYP);
 174              		.loc 1 111 5 is_stmt 1 view .LVU33
 175 0044 274B     		ldr	r3, .L11
 176 0046 1A68     		ldr	r2, [r3]
 177 0048 22F48022 		bic	r2, r2, #262144
ARM GAS  C:\Users\VICTUS\AppData\Local\Temp\ccx72cqK.s 			page 6


 178 004c 1A60     		str	r2, [r3]
 112:Core/Src/init_LB2.c **** 
 113:Core/Src/init_LB2.c ****     /*--------------------------------------------------------------------*/
 114:Core/Src/init_LB2.c ****     /* 3. Enable HSE                                                      */
 115:Core/Src/init_LB2.c ****     /*--------------------------------------------------------------------*/
 116:Core/Src/init_LB2.c **** 
 117:Core/Src/init_LB2.c ****     SET_BIT(RCC->CR, RCC_CR_HSEON);
 179              		.loc 1 117 5 view .LVU34
 180 004e 1A68     		ldr	r2, [r3]
 181 0050 42F48032 		orr	r2, r2, #65536
 182 0054 1A60     		str	r2, [r3]
 118:Core/Src/init_LB2.c ****     while (READ_BIT(RCC->CR, RCC_CR_HSERDY) == RESET);
 183              		.loc 1 118 5 view .LVU35
 184              	.L8:
 185              		.loc 1 118 45 discriminator 1 view .LVU36
 186              		.loc 1 118 12 is_stmt 0 discriminator 1 view .LVU37
 187 0056 234B     		ldr	r3, .L11
 188 0058 1B68     		ldr	r3, [r3]
 189              		.loc 1 118 45 discriminator 1 view .LVU38
 190 005a 13F4003F 		tst	r3, #131072
 191 005e FAD0     		beq	.L8
 119:Core/Src/init_LB2.c **** 
 120:Core/Src/init_LB2.c ****     /*--------------------------------------------------------------------*/
 121:Core/Src/init_LB2.c ****     /* 4. Configure Flash latency BEFORE increasing frequency             */
 122:Core/Src/init_LB2.c ****     /*--------------------------------------------------------------------*/
 123:Core/Src/init_LB2.c **** 
 124:Core/Src/init_LB2.c ****     MODIFY_REG(FLASH->ACR,
 192              		.loc 1 124 5 is_stmt 1 view .LVU39
 193 0060 214A     		ldr	r2, .L11+4
 194 0062 1368     		ldr	r3, [r2]
 195 0064 23F00703 		bic	r3, r3, #7
 196 0068 43F00503 		orr	r3, r3, #5
 197 006c 1360     		str	r3, [r2]
 125:Core/Src/init_LB2.c ****                FLASH_ACR_LATENCY_Msk,
 126:Core/Src/init_LB2.c ****                FLASH_ACR_LATENCY_5WS);
 127:Core/Src/init_LB2.c **** 
 128:Core/Src/init_LB2.c ****     /*--------------------------------------------------------------------*/
 129:Core/Src/init_LB2.c ****     /* 5. Configure PLL                                                   */
 130:Core/Src/init_LB2.c ****     /*--------------------------------------------------------------------*/
 131:Core/Src/init_LB2.c **** 
 132:Core/Src/init_LB2.c ****     /* Clear PLL configuration register */
 133:Core/Src/init_LB2.c ****     CLEAR_REG(RCC->PLLCFGR);
 198              		.loc 1 133 5 view .LVU40
 199 006e 1D4B     		ldr	r3, .L11
 200 0070 0022     		movs	r2, #0
 201 0072 5A60     		str	r2, [r3, #4]
 134:Core/Src/init_LB2.c **** 
 135:Core/Src/init_LB2.c ****     /* Select HSE as PLL source */
 136:Core/Src/init_LB2.c ****     SET_BIT(RCC->PLLCFGR, RCC_PLLCFGR_PLLSRC_HSE);
 202              		.loc 1 136 5 view .LVU41
 203 0074 5A68     		ldr	r2, [r3, #4]
 204 0076 42F48002 		orr	r2, r2, #4194304
 205 007a 5A60     		str	r2, [r3, #4]
 137:Core/Src/init_LB2.c **** 
 138:Core/Src/init_LB2.c ****     /* PLLM = 4  (8 MHz / 4 = 2 MHz) */
 139:Core/Src/init_LB2.c ****     MODIFY_REG(RCC->PLLCFGR,
 206              		.loc 1 139 5 view .LVU42
ARM GAS  C:\Users\VICTUS\AppData\Local\Temp\ccx72cqK.s 			page 7


 207 007c 5A68     		ldr	r2, [r3, #4]
 208 007e 22F03F02 		bic	r2, r2, #63
 209 0082 42F00402 		orr	r2, r2, #4
 210 0086 5A60     		str	r2, [r3, #4]
 140:Core/Src/init_LB2.c ****                RCC_PLLCFGR_PLLM_Msk,
 141:Core/Src/init_LB2.c ****                (4U << RCC_PLLCFGR_PLLM_Pos));
 142:Core/Src/init_LB2.c **** 
 143:Core/Src/init_LB2.c ****     /* PLLN = 100 (2 MHz * 100 = 200 MHz) */
 144:Core/Src/init_LB2.c ****     MODIFY_REG(RCC->PLLCFGR,
 211              		.loc 1 144 5 view .LVU43
 212 0088 5A68     		ldr	r2, [r3, #4]
 213 008a 6FF38E12 		bfc	r2, #6, #9
 214 008e 42F4C852 		orr	r2, r2, #6400
 215 0092 5A60     		str	r2, [r3, #4]
 145:Core/Src/init_LB2.c ****                RCC_PLLCFGR_PLLN_Msk,
 146:Core/Src/init_LB2.c ****                (100U << RCC_PLLCFGR_PLLN_Pos));
 147:Core/Src/init_LB2.c **** 
 148:Core/Src/init_LB2.c ****     /* PLLP = 2 (200 MHz / 2 = 100 MHz SYSCLK) */
 149:Core/Src/init_LB2.c ****     CLEAR_BIT(RCC->PLLCFGR, RCC_PLLCFGR_PLLP_Msk);
 216              		.loc 1 149 5 view .LVU44
 217 0094 5A68     		ldr	r2, [r3, #4]
 218 0096 22F44032 		bic	r2, r2, #196608
 219 009a 5A60     		str	r2, [r3, #4]
 150:Core/Src/init_LB2.c **** 
 151:Core/Src/init_LB2.c ****     /*--------------------------------------------------------------------*/
 152:Core/Src/init_LB2.c ****     /* 6. Configure AHB and APB prescalers                                */
 153:Core/Src/init_LB2.c ****     /*--------------------------------------------------------------------*/
 154:Core/Src/init_LB2.c **** 
 155:Core/Src/init_LB2.c ****     MODIFY_REG(RCC->CFGR,
 220              		.loc 1 155 5 view .LVU45
 221 009c 9A68     		ldr	r2, [r3, #8]
 222 009e 22F47C42 		bic	r2, r2, #64512
 223 00a2 22F0F002 		bic	r2, r2, #240
 224 00a6 42F48052 		orr	r2, r2, #4096
 225 00aa 9A60     		str	r2, [r3, #8]
 156:Core/Src/init_LB2.c ****                RCC_CFGR_HPRE_Msk  |
 157:Core/Src/init_LB2.c ****                RCC_CFGR_PPRE1_Msk |
 158:Core/Src/init_LB2.c ****                RCC_CFGR_PPRE2_Msk,
 159:Core/Src/init_LB2.c ****                RCC_CFGR_HPRE_DIV1 |
 160:Core/Src/init_LB2.c ****                RCC_CFGR_PPRE1_DIV2 |  /* APB1 = 50 MHz */
 161:Core/Src/init_LB2.c ****                RCC_CFGR_PPRE2_DIV1);  /* APB2 = 100 MHz */
 162:Core/Src/init_LB2.c **** 
 163:Core/Src/init_LB2.c ****     /*--------------------------------------------------------------------*/
 164:Core/Src/init_LB2.c ****     /* 7. Enable PLL                                                       */
 165:Core/Src/init_LB2.c ****     /*--------------------------------------------------------------------*/
 166:Core/Src/init_LB2.c **** 
 167:Core/Src/init_LB2.c ****     SET_BIT(RCC->CR, RCC_CR_PLLON);
 226              		.loc 1 167 5 view .LVU46
 227 00ac 1A68     		ldr	r2, [r3]
 228 00ae 42F08072 		orr	r2, r2, #16777216
 229 00b2 1A60     		str	r2, [r3]
 168:Core/Src/init_LB2.c ****     while (READ_BIT(RCC->CR, RCC_CR_PLLRDY) == RESET);
 230              		.loc 1 168 5 view .LVU47
 231              	.L9:
 232              		.loc 1 168 45 discriminator 1 view .LVU48
 233              		.loc 1 168 12 is_stmt 0 discriminator 1 view .LVU49
 234 00b4 0B4B     		ldr	r3, .L11
ARM GAS  C:\Users\VICTUS\AppData\Local\Temp\ccx72cqK.s 			page 8


 235 00b6 1B68     		ldr	r3, [r3]
 236              		.loc 1 168 45 discriminator 1 view .LVU50
 237 00b8 13F0007F 		tst	r3, #33554432
 238 00bc FAD0     		beq	.L9
 169:Core/Src/init_LB2.c **** 
 170:Core/Src/init_LB2.c ****     /*--------------------------------------------------------------------*/
 171:Core/Src/init_LB2.c ****     /* 8. Switch system clock to PLL                                       */
 172:Core/Src/init_LB2.c ****     /*--------------------------------------------------------------------*/
 173:Core/Src/init_LB2.c **** 
 174:Core/Src/init_LB2.c ****     MODIFY_REG(RCC->CFGR,
 239              		.loc 1 174 5 is_stmt 1 view .LVU51
 240 00be 094A     		ldr	r2, .L11
 241 00c0 9368     		ldr	r3, [r2, #8]
 242 00c2 23F00303 		bic	r3, r3, #3
 243 00c6 43F00203 		orr	r3, r3, #2
 244 00ca 9360     		str	r3, [r2, #8]
 175:Core/Src/init_LB2.c ****                RCC_CFGR_SW_Msk,
 176:Core/Src/init_LB2.c ****                RCC_CFGR_SW_PLL);
 177:Core/Src/init_LB2.c **** 
 178:Core/Src/init_LB2.c ****     while ((RCC->CFGR & RCC_CFGR_SWS_Msk) != RCC_CFGR_SWS_PLL);
 245              		.loc 1 178 5 view .LVU52
 246              	.L10:
 247              		.loc 1 178 43 discriminator 1 view .LVU53
 248              		.loc 1 178 16 is_stmt 0 discriminator 1 view .LVU54
 249 00cc 054B     		ldr	r3, .L11
 250 00ce 9B68     		ldr	r3, [r3, #8]
 251              		.loc 1 178 23 discriminator 1 view .LVU55
 252 00d0 03F00C03 		and	r3, r3, #12
 253              		.loc 1 178 43 discriminator 1 view .LVU56
 254 00d4 082B     		cmp	r3, #8
 255 00d6 F9D1     		bne	.L10
 179:Core/Src/init_LB2.c **** 
 180:Core/Src/init_LB2.c ****     /*--------------------------------------------------------------------*/
 181:Core/Src/init_LB2.c ****     /* 9. Enable Clock Security System                                     */
 182:Core/Src/init_LB2.c ****     /*--------------------------------------------------------------------*/
 183:Core/Src/init_LB2.c **** 
 184:Core/Src/init_LB2.c ****     SET_BIT(RCC->CR, RCC_CR_CSSON);
 256              		.loc 1 184 5 is_stmt 1 view .LVU57
 257 00d8 024A     		ldr	r2, .L11
 258 00da 1368     		ldr	r3, [r2]
 259 00dc 43F40023 		orr	r3, r3, #524288
 260 00e0 1360     		str	r3, [r2]
 185:Core/Src/init_LB2.c **** }
 261              		.loc 1 185 1 is_stmt 0 view .LVU58
 262 00e2 7047     		bx	lr
 263              	.L12:
 264              		.align	2
 265              	.L11:
 266 00e4 00380240 		.word	1073887232
 267 00e8 003C0240 		.word	1073888256
 268              		.cfi_endproc
 269              	.LFE131:
 271              		.section	.text.TIM3_PWM_Init,"ax",%progbits
 272              		.align	1
 273              		.global	TIM3_PWM_Init
 274              		.syntax unified
 275              		.thumb
ARM GAS  C:\Users\VICTUS\AppData\Local\Temp\ccx72cqK.s 			page 9


 276              		.thumb_func
 278              	TIM3_PWM_Init:
 279              	.LFB132:
 186:Core/Src/init_LB2.c **** 
 187:Core/Src/init_LB2.c **** 
 188:Core/Src/init_LB2.c **** void TIM3_PWM_Init(void)
 189:Core/Src/init_LB2.c **** {
 280              		.loc 1 189 1 is_stmt 1 view -0
 281              		.cfi_startproc
 282              		@ args = 0, pretend = 0, frame = 0
 283              		@ frame_needed = 0, uses_anonymous_args = 0
 284              		@ link register save eliminated.
 190:Core/Src/init_LB2.c ****     /*------------------------------------------------------------*/
 191:Core/Src/init_LB2.c ****     /* Enable TIM3 clock                                          */
 192:Core/Src/init_LB2.c ****     /*------------------------------------------------------------*/
 193:Core/Src/init_LB2.c ****     SET_BIT(RCC->APB1ENR, RCC_APB1ENR_TIM3EN);
 285              		.loc 1 193 5 view .LVU60
 286 0000 144A     		ldr	r2, .L14
 287 0002 136C     		ldr	r3, [r2, #64]
 288 0004 43F00203 		orr	r3, r3, #2
 289 0008 1364     		str	r3, [r2, #64]
 194:Core/Src/init_LB2.c **** 
 195:Core/Src/init_LB2.c ****     /*------------------------------------------------------------*/
 196:Core/Src/init_LB2.c ****     /* Timer base configuration                                   */
 197:Core/Src/init_LB2.c ****     /*------------------------------------------------------------*/
 198:Core/Src/init_LB2.c ****     TIM3->PSC = 99;          /* 100 MHz / (99+1) = 1 MHz */
 290              		.loc 1 198 5 view .LVU61
 291              		.loc 1 198 15 is_stmt 0 view .LVU62
 292 000a 134B     		ldr	r3, .L14+4
 293 000c 6322     		movs	r2, #99
 294 000e 9A62     		str	r2, [r3, #40]
 199:Core/Src/init_LB2.c ****     TIM3->ARR = PWM_MAX;     /* 1 MHz / 100 = 10 kHz */
 295              		.loc 1 199 5 is_stmt 1 view .LVU63
 296              		.loc 1 199 15 is_stmt 0 view .LVU64
 297 0010 6422     		movs	r2, #100
 298 0012 DA62     		str	r2, [r3, #44]
 200:Core/Src/init_LB2.c **** 
 201:Core/Src/init_LB2.c ****     /*------------------------------------------------------------*/
 202:Core/Src/init_LB2.c ****     /* PWM Mode 1 on CH1 and CH2                                  */
 203:Core/Src/init_LB2.c ****     /*------------------------------------------------------------*/
 204:Core/Src/init_LB2.c ****     MODIFY_REG(TIM3->CCMR1,
 299              		.loc 1 204 5 is_stmt 1 view .LVU65
 300 0014 9A69     		ldr	r2, [r3, #24]
 301 0016 22F4E042 		bic	r2, r2, #28672
 302 001a 22F07002 		bic	r2, r2, #112
 303 001e 42F4C042 		orr	r2, r2, #24576
 304 0022 42F06002 		orr	r2, r2, #96
 305 0026 9A61     		str	r2, [r3, #24]
 205:Core/Src/init_LB2.c ****                TIM_CCMR1_OC1M_Msk |
 206:Core/Src/init_LB2.c ****                TIM_CCMR1_OC2M_Msk,
 207:Core/Src/init_LB2.c ****                TIM_CCMR1_OC1M_1 | TIM_CCMR1_OC1M_2 |
 208:Core/Src/init_LB2.c ****                TIM_CCMR1_OC2M_1 | TIM_CCMR1_OC2M_2);
 209:Core/Src/init_LB2.c **** 
 210:Core/Src/init_LB2.c ****     /* Enable preload */
 211:Core/Src/init_LB2.c ****     SET_BIT(TIM3->CCMR1,
 306              		.loc 1 211 5 view .LVU66
 307 0028 9A69     		ldr	r2, [r3, #24]
ARM GAS  C:\Users\VICTUS\AppData\Local\Temp\ccx72cqK.s 			page 10


 308 002a 42F40062 		orr	r2, r2, #2048
 309 002e 42F00802 		orr	r2, r2, #8
 310 0032 9A61     		str	r2, [r3, #24]
 212:Core/Src/init_LB2.c ****             TIM_CCMR1_OC1PE |
 213:Core/Src/init_LB2.c ****             TIM_CCMR1_OC2PE);
 214:Core/Src/init_LB2.c **** 
 215:Core/Src/init_LB2.c ****     /*------------------------------------------------------------*/
 216:Core/Src/init_LB2.c ****     /* Enable output compare on CH1 and CH2                       */
 217:Core/Src/init_LB2.c ****     /*------------------------------------------------------------*/
 218:Core/Src/init_LB2.c ****     SET_BIT(TIM3->CCER,
 311              		.loc 1 218 5 view .LVU67
 312 0034 1A6A     		ldr	r2, [r3, #32]
 313 0036 42F01102 		orr	r2, r2, #17
 314 003a 1A62     		str	r2, [r3, #32]
 219:Core/Src/init_LB2.c ****             TIM_CCER_CC1E |
 220:Core/Src/init_LB2.c ****             TIM_CCER_CC2E);
 221:Core/Src/init_LB2.c **** 
 222:Core/Src/init_LB2.c ****     /* Initial duty cycle = 0 */
 223:Core/Src/init_LB2.c ****     TIM3->CCR1 = 0;
 315              		.loc 1 223 5 view .LVU68
 316              		.loc 1 223 16 is_stmt 0 view .LVU69
 317 003c 0022     		movs	r2, #0
 318 003e 5A63     		str	r2, [r3, #52]
 224:Core/Src/init_LB2.c ****     TIM3->CCR2 = 0;
 319              		.loc 1 224 5 is_stmt 1 view .LVU70
 320              		.loc 1 224 16 is_stmt 0 view .LVU71
 321 0040 9A63     		str	r2, [r3, #56]
 225:Core/Src/init_LB2.c **** 
 226:Core/Src/init_LB2.c ****     /* Enable auto-reload preload */
 227:Core/Src/init_LB2.c ****     SET_BIT(TIM3->CR1, TIM_CR1_ARPE);
 322              		.loc 1 227 5 is_stmt 1 view .LVU72
 323 0042 1A68     		ldr	r2, [r3]
 324 0044 42F08002 		orr	r2, r2, #128
 325 0048 1A60     		str	r2, [r3]
 228:Core/Src/init_LB2.c **** 
 229:Core/Src/init_LB2.c ****     /* Start timer */
 230:Core/Src/init_LB2.c ****     SET_BIT(TIM3->CR1, TIM_CR1_CEN);
 326              		.loc 1 230 5 view .LVU73
 327 004a 1A68     		ldr	r2, [r3]
 328 004c 42F00102 		orr	r2, r2, #1
 329 0050 1A60     		str	r2, [r3]
 231:Core/Src/init_LB2.c **** }
 330              		.loc 1 231 1 is_stmt 0 view .LVU74
 331 0052 7047     		bx	lr
 332              	.L15:
 333              		.align	2
 334              	.L14:
 335 0054 00380240 		.word	1073887232
 336 0058 00040040 		.word	1073742848
 337              		.cfi_endproc
 338              	.LFE132:
 340              		.section	.text.Motor_SetSpeed_Left,"ax",%progbits
 341              		.align	1
 342              		.global	Motor_SetSpeed_Left
 343              		.syntax unified
 344              		.thumb
 345              		.thumb_func
ARM GAS  C:\Users\VICTUS\AppData\Local\Temp\ccx72cqK.s 			page 11


 347              	Motor_SetSpeed_Left:
 348              	.LVL0:
 349              	.LFB133:
 232:Core/Src/init_LB2.c **** 
 233:Core/Src/init_LB2.c **** void Motor_SetSpeed_Left(int16_t speed)
 234:Core/Src/init_LB2.c **** {
 350              		.loc 1 234 1 is_stmt 1 view -0
 351              		.cfi_startproc
 352              		@ args = 0, pretend = 0, frame = 0
 353              		@ frame_needed = 0, uses_anonymous_args = 0
 354              		@ link register save eliminated.
 235:Core/Src/init_LB2.c ****     if (speed >= 0)
 355              		.loc 1 235 5 view .LVU76
 356              		.loc 1 235 8 is_stmt 0 view .LVU77
 357 0000 0028     		cmp	r0, #0
 358              		.loc 1 235 8 view .LVU78
 359 0002 0EDB     		blt	.L17
 236:Core/Src/init_LB2.c ****     {
 237:Core/Src/init_LB2.c ****         SET_BIT(GPIOA->ODR, GPIO_ODR_OD0);   /* IN1 = 1 */
 360              		.loc 1 237 9 is_stmt 1 view .LVU79
 361 0004 0D4B     		ldr	r3, .L21
 362 0006 5A69     		ldr	r2, [r3, #20]
 363 0008 42F00102 		orr	r2, r2, #1
 364 000c 5A61     		str	r2, [r3, #20]
 238:Core/Src/init_LB2.c ****         CLEAR_BIT(GPIOA->ODR, GPIO_ODR_OD1); /* IN2 = 0 */
 365              		.loc 1 238 9 view .LVU80
 366 000e 5A69     		ldr	r2, [r3, #20]
 367 0010 22F00202 		bic	r2, r2, #2
 368 0014 5A61     		str	r2, [r3, #20]
 369              	.LVL1:
 370              	.L18:
 239:Core/Src/init_LB2.c ****     }
 240:Core/Src/init_LB2.c ****     else
 241:Core/Src/init_LB2.c ****     {
 242:Core/Src/init_LB2.c ****         CLEAR_BIT(GPIOA->ODR, GPIO_ODR_OD0);
 243:Core/Src/init_LB2.c ****         SET_BIT(GPIOA->ODR, GPIO_ODR_OD1);
 244:Core/Src/init_LB2.c ****         speed = -speed;
 245:Core/Src/init_LB2.c ****     }
 246:Core/Src/init_LB2.c **** 
 247:Core/Src/init_LB2.c ****     if (speed > PWM_MAX) speed = PWM_MAX;
 371              		.loc 1 247 5 view .LVU81
 372              		.loc 1 247 8 is_stmt 0 view .LVU82
 373 0016 6428     		cmp	r0, #100
 374 0018 00DD     		ble	.L19
 375              		.loc 1 247 32 discriminator 1 view .LVU83
 376 001a 6420     		movs	r0, #100
 377              	.LVL2:
 378              	.L19:
 248:Core/Src/init_LB2.c ****     TIM3->CCR1 = speed;
 379              		.loc 1 248 5 is_stmt 1 view .LVU84
 380              		.loc 1 248 16 is_stmt 0 view .LVU85
 381 001c 084B     		ldr	r3, .L21+4
 382 001e 5863     		str	r0, [r3, #52]
 249:Core/Src/init_LB2.c **** }
 383              		.loc 1 249 1 view .LVU86
 384 0020 7047     		bx	lr
 385              	.L17:
ARM GAS  C:\Users\VICTUS\AppData\Local\Temp\ccx72cqK.s 			page 12


 242:Core/Src/init_LB2.c ****         SET_BIT(GPIOA->ODR, GPIO_ODR_OD1);
 386              		.loc 1 242 9 is_stmt 1 view .LVU87
 387 0022 064B     		ldr	r3, .L21
 388 0024 5A69     		ldr	r2, [r3, #20]
 389 0026 22F00102 		bic	r2, r2, #1
 390 002a 5A61     		str	r2, [r3, #20]
 243:Core/Src/init_LB2.c ****         speed = -speed;
 391              		.loc 1 243 9 view .LVU88
 392 002c 5A69     		ldr	r2, [r3, #20]
 393 002e 42F00202 		orr	r2, r2, #2
 394 0032 5A61     		str	r2, [r3, #20]
 244:Core/Src/init_LB2.c ****     }
 395              		.loc 1 244 9 view .LVU89
 244:Core/Src/init_LB2.c ****     }
 396              		.loc 1 244 15 is_stmt 0 view .LVU90
 397 0034 4042     		rsbs	r0, r0, #0
 398              	.LVL3:
 244:Core/Src/init_LB2.c ****     }
 399              		.loc 1 244 15 view .LVU91
 400 0036 00B2     		sxth	r0, r0
 401              	.LVL4:
 244:Core/Src/init_LB2.c ****     }
 402              		.loc 1 244 15 view .LVU92
 403 0038 EDE7     		b	.L18
 404              	.L22:
 405 003a 00BF     		.align	2
 406              	.L21:
 407 003c 00000240 		.word	1073872896
 408 0040 00040040 		.word	1073742848
 409              		.cfi_endproc
 410              	.LFE133:
 412              		.section	.text.Motor_SetSpeed_Right,"ax",%progbits
 413              		.align	1
 414              		.global	Motor_SetSpeed_Right
 415              		.syntax unified
 416              		.thumb
 417              		.thumb_func
 419              	Motor_SetSpeed_Right:
 420              	.LVL5:
 421              	.LFB134:
 250:Core/Src/init_LB2.c **** 
 251:Core/Src/init_LB2.c **** 
 252:Core/Src/init_LB2.c **** void Motor_SetSpeed_Right(int16_t speed)
 253:Core/Src/init_LB2.c **** {
 422              		.loc 1 253 1 is_stmt 1 view -0
 423              		.cfi_startproc
 424              		@ args = 0, pretend = 0, frame = 0
 425              		@ frame_needed = 0, uses_anonymous_args = 0
 426              		@ link register save eliminated.
 254:Core/Src/init_LB2.c ****     if (speed >= 0)
 427              		.loc 1 254 5 view .LVU94
 428              		.loc 1 254 8 is_stmt 0 view .LVU95
 429 0000 0028     		cmp	r0, #0
 430              		.loc 1 254 8 view .LVU96
 431 0002 10DB     		blt	.L24
 255:Core/Src/init_LB2.c ****     {
 256:Core/Src/init_LB2.c ****         SET_BIT(GPIOA->ODR, GPIO_ODR_OD4);   /* IN3 = 1 */
ARM GAS  C:\Users\VICTUS\AppData\Local\Temp\ccx72cqK.s 			page 13


 432              		.loc 1 256 9 is_stmt 1 view .LVU97
 433 0004 0F4A     		ldr	r2, .L28
 434 0006 5369     		ldr	r3, [r2, #20]
 435 0008 43F01003 		orr	r3, r3, #16
 436 000c 5361     		str	r3, [r2, #20]
 257:Core/Src/init_LB2.c ****         CLEAR_BIT(GPIOB->ODR, GPIO_ODR_OD0); /* IN4 = 0 */
 437              		.loc 1 257 9 view .LVU98
 438 000e 02F58062 		add	r2, r2, #1024
 439 0012 5369     		ldr	r3, [r2, #20]
 440 0014 23F00103 		bic	r3, r3, #1
 441 0018 5361     		str	r3, [r2, #20]
 442              	.LVL6:
 443              	.L25:
 258:Core/Src/init_LB2.c ****     }
 259:Core/Src/init_LB2.c ****     else
 260:Core/Src/init_LB2.c ****     {
 261:Core/Src/init_LB2.c ****         CLEAR_BIT(GPIOA->ODR, GPIO_ODR_OD4);
 262:Core/Src/init_LB2.c ****         SET_BIT(GPIOB->ODR, GPIO_ODR_OD0);
 263:Core/Src/init_LB2.c ****         speed = -speed;
 264:Core/Src/init_LB2.c ****     }
 265:Core/Src/init_LB2.c **** 
 266:Core/Src/init_LB2.c ****     if (speed > PWM_MAX) speed = PWM_MAX;
 444              		.loc 1 266 5 view .LVU99
 445              		.loc 1 266 8 is_stmt 0 view .LVU100
 446 001a 6428     		cmp	r0, #100
 447 001c 00DD     		ble	.L26
 448              		.loc 1 266 32 discriminator 1 view .LVU101
 449 001e 6420     		movs	r0, #100
 450              	.LVL7:
 451              	.L26:
 267:Core/Src/init_LB2.c ****     TIM3->CCR2 = speed;
 452              		.loc 1 267 5 is_stmt 1 view .LVU102
 453              		.loc 1 267 16 is_stmt 0 view .LVU103
 454 0020 094B     		ldr	r3, .L28+4
 455 0022 9863     		str	r0, [r3, #56]
 268:Core/Src/init_LB2.c **** }
 456              		.loc 1 268 1 view .LVU104
 457 0024 7047     		bx	lr
 458              	.L24:
 261:Core/Src/init_LB2.c ****         SET_BIT(GPIOB->ODR, GPIO_ODR_OD0);
 459              		.loc 1 261 9 is_stmt 1 view .LVU105
 460 0026 074A     		ldr	r2, .L28
 461 0028 5369     		ldr	r3, [r2, #20]
 462 002a 23F01003 		bic	r3, r3, #16
 463 002e 5361     		str	r3, [r2, #20]
 262:Core/Src/init_LB2.c ****         speed = -speed;
 464              		.loc 1 262 9 view .LVU106
 465 0030 02F58062 		add	r2, r2, #1024
 466 0034 5369     		ldr	r3, [r2, #20]
 467 0036 43F00103 		orr	r3, r3, #1
 468 003a 5361     		str	r3, [r2, #20]
 263:Core/Src/init_LB2.c ****     }
 469              		.loc 1 263 9 view .LVU107
 263:Core/Src/init_LB2.c ****     }
 470              		.loc 1 263 15 is_stmt 0 view .LVU108
 471 003c 4042     		rsbs	r0, r0, #0
 472              	.LVL8:
ARM GAS  C:\Users\VICTUS\AppData\Local\Temp\ccx72cqK.s 			page 14


 263:Core/Src/init_LB2.c ****     }
 473              		.loc 1 263 15 view .LVU109
 474 003e 00B2     		sxth	r0, r0
 475              	.LVL9:
 263:Core/Src/init_LB2.c ****     }
 476              		.loc 1 263 15 view .LVU110
 477 0040 EBE7     		b	.L25
 478              	.L29:
 479 0042 00BF     		.align	2
 480              	.L28:
 481 0044 00000240 		.word	1073872896
 482 0048 00040040 		.word	1073742848
 483              		.cfi_endproc
 484              	.LFE134:
 486              		.text
 487              	.Letext0:
 488              		.file 2 "D:/Tools/xpack-arm-none-eabi-gcc-13.2.1-1.1/arm-none-eabi/include/machine/_default_types.
 489              		.file 3 "D:/Tools/xpack-arm-none-eabi-gcc-13.2.1-1.1/arm-none-eabi/include/sys/_stdint.h"
 490              		.file 4 "CMSIS/Devices/STM32F4xx/Inc/STM32F411RE/stm32f411xe.h"
 491              		.file 5 "Core/Inc/../../CMSIS/Devices/STM32F4xx/Inc/stm32f4xx.h"
ARM GAS  C:\Users\VICTUS\AppData\Local\Temp\ccx72cqK.s 			page 15


DEFINED SYMBOLS
                            *ABS*:00000000 init_LB2.c
C:\Users\VICTUS\AppData\Local\Temp\ccx72cqK.s:21     .text.GPIO_Init:00000000 $t
C:\Users\VICTUS\AppData\Local\Temp\ccx72cqK.s:27     .text.GPIO_Init:00000000 GPIO_Init
C:\Users\VICTUS\AppData\Local\Temp\ccx72cqK.s:107    .text.GPIO_Init:0000009c $d
C:\Users\VICTUS\AppData\Local\Temp\ccx72cqK.s:115    .text.RCC_Init:00000000 $t
C:\Users\VICTUS\AppData\Local\Temp\ccx72cqK.s:121    .text.RCC_Init:00000000 RCC_Init
C:\Users\VICTUS\AppData\Local\Temp\ccx72cqK.s:266    .text.RCC_Init:000000e4 $d
C:\Users\VICTUS\AppData\Local\Temp\ccx72cqK.s:272    .text.TIM3_PWM_Init:00000000 $t
C:\Users\VICTUS\AppData\Local\Temp\ccx72cqK.s:278    .text.TIM3_PWM_Init:00000000 TIM3_PWM_Init
C:\Users\VICTUS\AppData\Local\Temp\ccx72cqK.s:335    .text.TIM3_PWM_Init:00000054 $d
C:\Users\VICTUS\AppData\Local\Temp\ccx72cqK.s:341    .text.Motor_SetSpeed_Left:00000000 $t
C:\Users\VICTUS\AppData\Local\Temp\ccx72cqK.s:347    .text.Motor_SetSpeed_Left:00000000 Motor_SetSpeed_Left
C:\Users\VICTUS\AppData\Local\Temp\ccx72cqK.s:407    .text.Motor_SetSpeed_Left:0000003c $d
C:\Users\VICTUS\AppData\Local\Temp\ccx72cqK.s:413    .text.Motor_SetSpeed_Right:00000000 $t
C:\Users\VICTUS\AppData\Local\Temp\ccx72cqK.s:419    .text.Motor_SetSpeed_Right:00000000 Motor_SetSpeed_Right
C:\Users\VICTUS\AppData\Local\Temp\ccx72cqK.s:481    .text.Motor_SetSpeed_Right:00000044 $d

NO UNDEFINED SYMBOLS
