ARM GAS  C:\Users\VICTUS\AppData\Local\Temp\ccjjxt6n.s 			page 1


   1              		.cpu cortex-m4
   2              		.arch armv7e-m
   3              		.fpu fpv4-sp-d16
   4              		.eabi_attribute 27, 1
   5              		.eabi_attribute 28, 1
   6              		.eabi_attribute 20, 1
   7              		.eabi_attribute 21, 1
   8              		.eabi_attribute 23, 3
   9              		.eabi_attribute 24, 1
  10              		.eabi_attribute 25, 1
  11              		.eabi_attribute 26, 1
  12              		.eabi_attribute 30, 1
  13              		.eabi_attribute 34, 1
  14              		.eabi_attribute 18, 4
  15              		.file	"init_LB2.c"
  16              		.text
  17              	.Ltext0:
  18              		.cfi_sections	.debug_frame
  19              		.file 1 "Core/Src/init_LB2.c"
  20              		.section	.text.RCC_Init,"ax",%progbits
  21              		.align	1
  22              		.global	RCC_Init
  23              		.syntax unified
  24              		.thumb
  25              		.thumb_func
  27              	RCC_Init:
  28              	.LFB130:
   1:Core/Src/init_LB2.c **** #include "init_LB2.h"
   2:Core/Src/init_LB2.c **** 
   3:Core/Src/init_LB2.c **** /* ===================== GLOBALS ===================== */
   4:Core/Src/init_LB2.c **** volatile uint8_t sensor_left;
   5:Core/Src/init_LB2.c **** volatile uint8_t sensor_center;
   6:Core/Src/init_LB2.c **** volatile uint8_t sensor_right;
   7:Core/Src/init_LB2.c **** 
   8:Core/Src/init_LB2.c **** volatile int8_t line_error;
   9:Core/Src/init_LB2.c **** 
  10:Core/Src/init_LB2.c **** /* ===================== RCC ===================== */
  11:Core/Src/init_LB2.c **** void RCC_Init(void)
  12:Core/Src/init_LB2.c **** {
  29              		.loc 1 12 1 view -0
  30              		.cfi_startproc
  31              		@ args = 0, pretend = 0, frame = 0
  32              		@ frame_needed = 0, uses_anonymous_args = 0
  33              		@ link register save eliminated.
  13:Core/Src/init_LB2.c ****     MODIFY_REG(RCC->CR, RCC_CR_HSITRIM, 0x80U);
  34              		.loc 1 13 5 view .LVU1
  35 0000 354A     		ldr	r2, .L7
  36 0002 1368     		ldr	r3, [r2]
  37 0004 23F0F803 		bic	r3, r3, #248
  38 0008 43F08003 		orr	r3, r3, #128
  39 000c 1360     		str	r3, [r2]
  14:Core/Src/init_LB2.c ****     CLEAR_REG(RCC->CFGR);
  40              		.loc 1 14 5 view .LVU2
  41 000e 0023     		movs	r3, #0
  42 0010 9360     		str	r3, [r2, #8]
  15:Core/Src/init_LB2.c **** 
  16:Core/Src/init_LB2.c ****     while ((RCC->CFGR & RCC_CFGR_SWS_Msk) != RCC_CFGR_SWS_HSI);
ARM GAS  C:\Users\VICTUS\AppData\Local\Temp\ccjjxt6n.s 			page 2


  43              		.loc 1 16 5 view .LVU3
  44              	.L2:
  45              		.loc 1 16 43 discriminator 1 view .LVU4
  46              		.loc 1 16 16 is_stmt 0 discriminator 1 view .LVU5
  47 0012 314B     		ldr	r3, .L7
  48 0014 9B68     		ldr	r3, [r3, #8]
  49              		.loc 1 16 43 discriminator 1 view .LVU6
  50 0016 13F00C0F 		tst	r3, #12
  51 001a FAD1     		bne	.L2
  17:Core/Src/init_LB2.c **** 
  18:Core/Src/init_LB2.c ****     CLEAR_BIT(RCC->CR, RCC_CR_PLLON);
  52              		.loc 1 18 5 is_stmt 1 view .LVU7
  53 001c 2E4A     		ldr	r2, .L7
  54 001e 1368     		ldr	r3, [r2]
  55 0020 23F08073 		bic	r3, r3, #16777216
  56 0024 1360     		str	r3, [r2]
  19:Core/Src/init_LB2.c ****     while (READ_BIT(RCC->CR, RCC_CR_PLLRDY));
  57              		.loc 1 19 5 view .LVU8
  58              	.L3:
  59              		.loc 1 19 12 discriminator 1 view .LVU9
  60 0026 2C4B     		ldr	r3, .L7
  61 0028 1B68     		ldr	r3, [r3]
  62 002a 13F0007F 		tst	r3, #33554432
  63 002e FAD1     		bne	.L3
  20:Core/Src/init_LB2.c **** 
  21:Core/Src/init_LB2.c ****     CLEAR_BIT(RCC->CR, RCC_CR_HSEON | RCC_CR_CSSON);
  64              		.loc 1 21 5 view .LVU10
  65 0030 294B     		ldr	r3, .L7
  66 0032 1A68     		ldr	r2, [r3]
  67 0034 22F41022 		bic	r2, r2, #589824
  68 0038 1A60     		str	r2, [r3]
  22:Core/Src/init_LB2.c ****     CLEAR_BIT(RCC->CR, RCC_CR_HSEBYP);
  69              		.loc 1 22 5 view .LVU11
  70 003a 1A68     		ldr	r2, [r3]
  71 003c 22F48022 		bic	r2, r2, #262144
  72 0040 1A60     		str	r2, [r3]
  23:Core/Src/init_LB2.c **** 
  24:Core/Src/init_LB2.c ****     SET_BIT(RCC->CR, RCC_CR_HSEON);
  73              		.loc 1 24 5 view .LVU12
  74 0042 1A68     		ldr	r2, [r3]
  75 0044 42F48032 		orr	r2, r2, #65536
  76 0048 1A60     		str	r2, [r3]
  25:Core/Src/init_LB2.c ****     while (!(RCC->CR & RCC_CR_HSERDY));
  77              		.loc 1 25 5 view .LVU13
  78              	.L4:
  79              		.loc 1 25 12 discriminator 1 view .LVU14
  80              		.loc 1 25 17 is_stmt 0 discriminator 1 view .LVU15
  81 004a 234B     		ldr	r3, .L7
  82 004c 1B68     		ldr	r3, [r3]
  83              		.loc 1 25 12 discriminator 1 view .LVU16
  84 004e 13F4003F 		tst	r3, #131072
  85 0052 FAD0     		beq	.L4
  26:Core/Src/init_LB2.c **** 
  27:Core/Src/init_LB2.c ****     MODIFY_REG(FLASH->ACR,
  86              		.loc 1 27 5 is_stmt 1 view .LVU17
  87 0054 214A     		ldr	r2, .L7+4
  88 0056 1368     		ldr	r3, [r2]
ARM GAS  C:\Users\VICTUS\AppData\Local\Temp\ccjjxt6n.s 			page 3


  89 0058 23F00703 		bic	r3, r3, #7
  90 005c 43F00503 		orr	r3, r3, #5
  91 0060 1360     		str	r3, [r2]
  28:Core/Src/init_LB2.c ****                FLASH_ACR_LATENCY_Msk,
  29:Core/Src/init_LB2.c ****                FLASH_ACR_LATENCY_5WS);
  30:Core/Src/init_LB2.c **** 
  31:Core/Src/init_LB2.c ****     CLEAR_REG(RCC->PLLCFGR);
  92              		.loc 1 31 5 view .LVU18
  93 0062 1D4B     		ldr	r3, .L7
  94 0064 0022     		movs	r2, #0
  95 0066 5A60     		str	r2, [r3, #4]
  32:Core/Src/init_LB2.c ****     SET_BIT(RCC->PLLCFGR, RCC_PLLCFGR_PLLSRC_HSE);
  96              		.loc 1 32 5 view .LVU19
  97 0068 5A68     		ldr	r2, [r3, #4]
  98 006a 42F48002 		orr	r2, r2, #4194304
  99 006e 5A60     		str	r2, [r3, #4]
  33:Core/Src/init_LB2.c ****     MODIFY_REG(RCC->PLLCFGR, RCC_PLLCFGR_PLLM_Msk, 4U << RCC_PLLCFGR_PLLM_Pos);
 100              		.loc 1 33 5 view .LVU20
 101 0070 5A68     		ldr	r2, [r3, #4]
 102 0072 22F03F02 		bic	r2, r2, #63
 103 0076 42F00402 		orr	r2, r2, #4
 104 007a 5A60     		str	r2, [r3, #4]
  34:Core/Src/init_LB2.c ****     MODIFY_REG(RCC->PLLCFGR, RCC_PLLCFGR_PLLN_Msk, 100U << RCC_PLLCFGR_PLLN_Pos);
 105              		.loc 1 34 5 view .LVU21
 106 007c 5A68     		ldr	r2, [r3, #4]
 107 007e 6FF38E12 		bfc	r2, #6, #9
 108 0082 42F4C852 		orr	r2, r2, #6400
 109 0086 5A60     		str	r2, [r3, #4]
  35:Core/Src/init_LB2.c ****     CLEAR_BIT(RCC->PLLCFGR, RCC_PLLCFGR_PLLP_Msk);
 110              		.loc 1 35 5 view .LVU22
 111 0088 5A68     		ldr	r2, [r3, #4]
 112 008a 22F44032 		bic	r2, r2, #196608
 113 008e 5A60     		str	r2, [r3, #4]
  36:Core/Src/init_LB2.c **** 
  37:Core/Src/init_LB2.c ****     MODIFY_REG(RCC->CFGR,
 114              		.loc 1 37 5 view .LVU23
 115 0090 9A68     		ldr	r2, [r3, #8]
 116 0092 22F47C42 		bic	r2, r2, #64512
 117 0096 22F0F002 		bic	r2, r2, #240
 118 009a 42F48052 		orr	r2, r2, #4096
 119 009e 9A60     		str	r2, [r3, #8]
  38:Core/Src/init_LB2.c ****                RCC_CFGR_HPRE_Msk  |
  39:Core/Src/init_LB2.c ****                RCC_CFGR_PPRE1_Msk |
  40:Core/Src/init_LB2.c ****                RCC_CFGR_PPRE2_Msk,
  41:Core/Src/init_LB2.c ****                RCC_CFGR_HPRE_DIV1 |
  42:Core/Src/init_LB2.c ****                RCC_CFGR_PPRE1_DIV2 |
  43:Core/Src/init_LB2.c ****                RCC_CFGR_PPRE2_DIV1);
  44:Core/Src/init_LB2.c **** 
  45:Core/Src/init_LB2.c ****     SET_BIT(RCC->CR, RCC_CR_PLLON);
 120              		.loc 1 45 5 view .LVU24
 121 00a0 1A68     		ldr	r2, [r3]
 122 00a2 42F08072 		orr	r2, r2, #16777216
 123 00a6 1A60     		str	r2, [r3]
  46:Core/Src/init_LB2.c ****     while (!(RCC->CR & RCC_CR_PLLRDY));
 124              		.loc 1 46 5 view .LVU25
 125              	.L5:
 126              		.loc 1 46 12 discriminator 1 view .LVU26
ARM GAS  C:\Users\VICTUS\AppData\Local\Temp\ccjjxt6n.s 			page 4


 127              		.loc 1 46 17 is_stmt 0 discriminator 1 view .LVU27
 128 00a8 0B4B     		ldr	r3, .L7
 129 00aa 1B68     		ldr	r3, [r3]
 130              		.loc 1 46 12 discriminator 1 view .LVU28
 131 00ac 13F0007F 		tst	r3, #33554432
 132 00b0 FAD0     		beq	.L5
  47:Core/Src/init_LB2.c **** 
  48:Core/Src/init_LB2.c ****     MODIFY_REG(RCC->CFGR, RCC_CFGR_SW_Msk, RCC_CFGR_SW_PLL);
 133              		.loc 1 48 5 is_stmt 1 view .LVU29
 134 00b2 094A     		ldr	r2, .L7
 135 00b4 9368     		ldr	r3, [r2, #8]
 136 00b6 23F00303 		bic	r3, r3, #3
 137 00ba 43F00203 		orr	r3, r3, #2
 138 00be 9360     		str	r3, [r2, #8]
  49:Core/Src/init_LB2.c ****     while ((RCC->CFGR & RCC_CFGR_SWS_Msk) != RCC_CFGR_SWS_PLL);
 139              		.loc 1 49 5 view .LVU30
 140              	.L6:
 141              		.loc 1 49 43 discriminator 1 view .LVU31
 142              		.loc 1 49 16 is_stmt 0 discriminator 1 view .LVU32
 143 00c0 054B     		ldr	r3, .L7
 144 00c2 9B68     		ldr	r3, [r3, #8]
 145              		.loc 1 49 23 discriminator 1 view .LVU33
 146 00c4 03F00C03 		and	r3, r3, #12
 147              		.loc 1 49 43 discriminator 1 view .LVU34
 148 00c8 082B     		cmp	r3, #8
 149 00ca F9D1     		bne	.L6
  50:Core/Src/init_LB2.c **** 
  51:Core/Src/init_LB2.c ****     SET_BIT(RCC->CR, RCC_CR_CSSON);
 150              		.loc 1 51 5 is_stmt 1 view .LVU35
 151 00cc 024A     		ldr	r2, .L7
 152 00ce 1368     		ldr	r3, [r2]
 153 00d0 43F40023 		orr	r3, r3, #524288
 154 00d4 1360     		str	r3, [r2]
  52:Core/Src/init_LB2.c **** }
 155              		.loc 1 52 1 is_stmt 0 view .LVU36
 156 00d6 7047     		bx	lr
 157              	.L8:
 158              		.align	2
 159              	.L7:
 160 00d8 00380240 		.word	1073887232
 161 00dc 003C0240 		.word	1073888256
 162              		.cfi_endproc
 163              	.LFE130:
 165              		.section	.text.GPIO_Init,"ax",%progbits
 166              		.align	1
 167              		.global	GPIO_Init
 168              		.syntax unified
 169              		.thumb
 170              		.thumb_func
 172              	GPIO_Init:
 173              	.LFB131:
  53:Core/Src/init_LB2.c **** 
  54:Core/Src/init_LB2.c **** /* ===================== GPIO ===================== */
  55:Core/Src/init_LB2.c **** void GPIO_Init(void)
  56:Core/Src/init_LB2.c **** {
 174              		.loc 1 56 1 is_stmt 1 view -0
 175              		.cfi_startproc
ARM GAS  C:\Users\VICTUS\AppData\Local\Temp\ccjjxt6n.s 			page 5


 176              		@ args = 0, pretend = 0, frame = 0
 177              		@ frame_needed = 0, uses_anonymous_args = 0
 178              		@ link register save eliminated.
  57:Core/Src/init_LB2.c ****     SET_BIT(RCC->AHB1ENR,
 179              		.loc 1 57 5 view .LVU38
 180 0000 184A     		ldr	r2, .L10
 181 0002 136B     		ldr	r3, [r2, #48]
 182 0004 43F00703 		orr	r3, r3, #7
 183 0008 1363     		str	r3, [r2, #48]
  58:Core/Src/init_LB2.c ****             RCC_AHB1ENR_GPIOAEN |
  59:Core/Src/init_LB2.c ****             RCC_AHB1ENR_GPIOBEN |
  60:Core/Src/init_LB2.c ****             RCC_AHB1ENR_GPIOCEN);
  61:Core/Src/init_LB2.c **** 
  62:Core/Src/init_LB2.c ****     /* Motor direction pins */
  63:Core/Src/init_LB2.c ****     MODIFY_REG(GPIOA->MODER, GPIO_MODER_MODER0_Msk, GPIO_MODER_MODER0_0);
 184              		.loc 1 63 5 view .LVU39
 185 000a 174B     		ldr	r3, .L10+4
 186 000c 1A68     		ldr	r2, [r3]
 187 000e 22F00302 		bic	r2, r2, #3
 188 0012 42F00102 		orr	r2, r2, #1
 189 0016 1A60     		str	r2, [r3]
  64:Core/Src/init_LB2.c ****     MODIFY_REG(GPIOA->MODER, GPIO_MODER_MODER1_Msk, GPIO_MODER_MODER1_0);
 190              		.loc 1 64 5 view .LVU40
 191 0018 1A68     		ldr	r2, [r3]
 192 001a 22F00C02 		bic	r2, r2, #12
 193 001e 42F00402 		orr	r2, r2, #4
 194 0022 1A60     		str	r2, [r3]
  65:Core/Src/init_LB2.c ****     MODIFY_REG(GPIOA->MODER, GPIO_MODER_MODER4_Msk, GPIO_MODER_MODER4_0);
 195              		.loc 1 65 5 view .LVU41
 196 0024 1A68     		ldr	r2, [r3]
 197 0026 22F44072 		bic	r2, r2, #768
 198 002a 42F48072 		orr	r2, r2, #256
 199 002e 1A60     		str	r2, [r3]
  66:Core/Src/init_LB2.c ****     MODIFY_REG(GPIOB->MODER, GPIO_MODER_MODER0_Msk, GPIO_MODER_MODER0_0);
 200              		.loc 1 66 5 view .LVU42
 201 0030 0E4A     		ldr	r2, .L10+8
 202 0032 1368     		ldr	r3, [r2]
 203 0034 23F00303 		bic	r3, r3, #3
 204 0038 43F00103 		orr	r3, r3, #1
 205 003c 1360     		str	r3, [r2]
  67:Core/Src/init_LB2.c **** 
  68:Core/Src/init_LB2.c ****     /* PWM pins PC6, PC7 */
  69:Core/Src/init_LB2.c ****     MODIFY_REG(GPIOC->MODER,
 206              		.loc 1 69 5 view .LVU43
 207 003e 0C4B     		ldr	r3, .L10+12
 208 0040 1A68     		ldr	r2, [r3]
 209 0042 22F47042 		bic	r2, r2, #61440
 210 0046 42F42042 		orr	r2, r2, #40960
 211 004a 1A60     		str	r2, [r3]
  70:Core/Src/init_LB2.c ****                GPIO_MODER_MODER6_Msk | GPIO_MODER_MODER7_Msk,
  71:Core/Src/init_LB2.c ****                GPIO_MODER_MODER6_1 | GPIO_MODER_MODER7_1);
  72:Core/Src/init_LB2.c **** 
  73:Core/Src/init_LB2.c ****     MODIFY_REG(GPIOC->AFR[0],
 212              		.loc 1 73 5 view .LVU44
 213 004c 1A6A     		ldr	r2, [r3, #32]
 214 004e 22F07F42 		bic	r2, r2, #-16777216
 215 0052 42F00852 		orr	r2, r2, #570425344
ARM GAS  C:\Users\VICTUS\AppData\Local\Temp\ccjjxt6n.s 			page 6


 216 0056 1A62     		str	r2, [r3, #32]
  74:Core/Src/init_LB2.c ****                GPIO_AFRL_AFSEL6_Msk | GPIO_AFRL_AFSEL7_Msk,
  75:Core/Src/init_LB2.c ****                (2U << GPIO_AFRL_AFSEL6_Pos) |
  76:Core/Src/init_LB2.c ****                (2U << GPIO_AFRL_AFSEL7_Pos));
  77:Core/Src/init_LB2.c **** 
  78:Core/Src/init_LB2.c ****     MODIFY_REG(GPIOC->OSPEEDR,
 217              		.loc 1 78 5 view .LVU45
 218 0058 9A68     		ldr	r2, [r3, #8]
 219 005a 42F47042 		orr	r2, r2, #61440
 220 005e 9A60     		str	r2, [r3, #8]
  79:Core/Src/init_LB2.c ****                GPIO_OSPEEDR_OSPEED6_Msk | GPIO_OSPEEDR_OSPEED7_Msk,
  80:Core/Src/init_LB2.c ****                GPIO_OSPEEDER_OSPEEDR6 | GPIO_OSPEEDER_OSPEEDR7);
  81:Core/Src/init_LB2.c **** }
 221              		.loc 1 81 1 is_stmt 0 view .LVU46
 222 0060 7047     		bx	lr
 223              	.L11:
 224 0062 00BF     		.align	2
 225              	.L10:
 226 0064 00380240 		.word	1073887232
 227 0068 00000240 		.word	1073872896
 228 006c 00040240 		.word	1073873920
 229 0070 00080240 		.word	1073874944
 230              		.cfi_endproc
 231              	.LFE131:
 233              		.section	.text.TIM3_PWM_Init,"ax",%progbits
 234              		.align	1
 235              		.global	TIM3_PWM_Init
 236              		.syntax unified
 237              		.thumb
 238              		.thumb_func
 240              	TIM3_PWM_Init:
 241              	.LFB132:
  82:Core/Src/init_LB2.c **** 
  83:Core/Src/init_LB2.c **** /* ===================== TIM3 PWM ===================== */
  84:Core/Src/init_LB2.c **** void TIM3_PWM_Init(void)
  85:Core/Src/init_LB2.c **** {
 242              		.loc 1 85 1 is_stmt 1 view -0
 243              		.cfi_startproc
 244              		@ args = 0, pretend = 0, frame = 0
 245              		@ frame_needed = 0, uses_anonymous_args = 0
 246              		@ link register save eliminated.
  86:Core/Src/init_LB2.c ****     SET_BIT(RCC->APB1ENR, RCC_APB1ENR_TIM3EN);
 247              		.loc 1 86 5 view .LVU48
 248 0000 124A     		ldr	r2, .L13
 249 0002 136C     		ldr	r3, [r2, #64]
 250 0004 43F00203 		orr	r3, r3, #2
 251 0008 1364     		str	r3, [r2, #64]
  87:Core/Src/init_LB2.c **** 
  88:Core/Src/init_LB2.c ****     TIM3->PSC = 99;
 252              		.loc 1 88 5 view .LVU49
 253              		.loc 1 88 15 is_stmt 0 view .LVU50
 254 000a 114B     		ldr	r3, .L13+4
 255 000c 6322     		movs	r2, #99
 256 000e 9A62     		str	r2, [r3, #40]
  89:Core/Src/init_LB2.c ****     TIM3->ARR = PWM_MAX;
 257              		.loc 1 89 5 is_stmt 1 view .LVU51
 258              		.loc 1 89 15 is_stmt 0 view .LVU52
ARM GAS  C:\Users\VICTUS\AppData\Local\Temp\ccjjxt6n.s 			page 7


 259 0010 C821     		movs	r1, #200
 260 0012 D962     		str	r1, [r3, #44]
  90:Core/Src/init_LB2.c **** 
  91:Core/Src/init_LB2.c ****     MODIFY_REG(TIM3->CCMR1,
 261              		.loc 1 91 5 is_stmt 1 view .LVU53
 262 0014 9A69     		ldr	r2, [r3, #24]
 263 0016 22F4E042 		bic	r2, r2, #28672
 264 001a 22F07002 		bic	r2, r2, #112
 265 001e 42F4C042 		orr	r2, r2, #24576
 266 0022 42F06002 		orr	r2, r2, #96
 267 0026 9A61     		str	r2, [r3, #24]
  92:Core/Src/init_LB2.c ****                TIM_CCMR1_OC1M_Msk | TIM_CCMR1_OC2M_Msk,
  93:Core/Src/init_LB2.c ****                TIM_CCMR1_OC1M_1 | TIM_CCMR1_OC1M_2 |
  94:Core/Src/init_LB2.c ****                TIM_CCMR1_OC2M_1 | TIM_CCMR1_OC2M_2);
  95:Core/Src/init_LB2.c **** 
  96:Core/Src/init_LB2.c ****     SET_BIT(TIM3->CCMR1, TIM_CCMR1_OC1PE | TIM_CCMR1_OC2PE);
 268              		.loc 1 96 5 view .LVU54
 269 0028 9A69     		ldr	r2, [r3, #24]
 270 002a 42F40062 		orr	r2, r2, #2048
 271 002e 42F00802 		orr	r2, r2, #8
 272 0032 9A61     		str	r2, [r3, #24]
  97:Core/Src/init_LB2.c ****     SET_BIT(TIM3->CCER, TIM_CCER_CC1E | TIM_CCER_CC2E);
 273              		.loc 1 97 5 view .LVU55
 274 0034 1A6A     		ldr	r2, [r3, #32]
 275 0036 42F01102 		orr	r2, r2, #17
 276 003a 1A62     		str	r2, [r3, #32]
  98:Core/Src/init_LB2.c **** 
  99:Core/Src/init_LB2.c ****     TIM3->CCR1 = 200;
 277              		.loc 1 99 5 view .LVU56
 278              		.loc 1 99 16 is_stmt 0 view .LVU57
 279 003c 5963     		str	r1, [r3, #52]
 100:Core/Src/init_LB2.c ****     TIM3->CCR2 = 200;
 280              		.loc 1 100 5 is_stmt 1 view .LVU58
 281              		.loc 1 100 16 is_stmt 0 view .LVU59
 282 003e 9963     		str	r1, [r3, #56]
 101:Core/Src/init_LB2.c **** 
 102:Core/Src/init_LB2.c ****     SET_BIT(TIM3->CR1, TIM_CR1_ARPE | TIM_CR1_CEN);
 283              		.loc 1 102 5 is_stmt 1 view .LVU60
 284 0040 1A68     		ldr	r2, [r3]
 285 0042 42F08102 		orr	r2, r2, #129
 286 0046 1A60     		str	r2, [r3]
 103:Core/Src/init_LB2.c **** }
 287              		.loc 1 103 1 is_stmt 0 view .LVU61
 288 0048 7047     		bx	lr
 289              	.L14:
 290 004a 00BF     		.align	2
 291              	.L13:
 292 004c 00380240 		.word	1073887232
 293 0050 00040040 		.word	1073742848
 294              		.cfi_endproc
 295              	.LFE132:
 297              		.section	.text.LineSensors_GPIO_Init,"ax",%progbits
 298              		.align	1
 299              		.global	LineSensors_GPIO_Init
 300              		.syntax unified
 301              		.thumb
 302              		.thumb_func
ARM GAS  C:\Users\VICTUS\AppData\Local\Temp\ccjjxt6n.s 			page 8


 304              	LineSensors_GPIO_Init:
 305              	.LFB133:
 104:Core/Src/init_LB2.c **** 
 105:Core/Src/init_LB2.c **** /* ===================== LINE SENSORS (DO) ===================== */
 106:Core/Src/init_LB2.c **** void LineSensors_GPIO_Init(void)
 107:Core/Src/init_LB2.c **** {
 306              		.loc 1 107 1 is_stmt 1 view -0
 307              		.cfi_startproc
 308              		@ args = 0, pretend = 0, frame = 0
 309              		@ frame_needed = 0, uses_anonymous_args = 0
 310              		@ link register save eliminated.
 108:Core/Src/init_LB2.c ****     CLEAR_BIT(GPIOA->MODER,
 311              		.loc 1 108 5 view .LVU63
 312 0000 094A     		ldr	r2, .L16
 313 0002 1368     		ldr	r3, [r2]
 314 0004 23F47043 		bic	r3, r3, #61440
 315 0008 1360     		str	r3, [r2]
 109:Core/Src/init_LB2.c ****               GPIO_MODER_MODER6_Msk |
 110:Core/Src/init_LB2.c ****               GPIO_MODER_MODER7_Msk);
 111:Core/Src/init_LB2.c **** 
 112:Core/Src/init_LB2.c ****     CLEAR_BIT(GPIOB->MODER,
 316              		.loc 1 112 5 view .LVU64
 317 000a 084B     		ldr	r3, .L16+4
 318 000c 1968     		ldr	r1, [r3]
 319 000e 21F00C01 		bic	r1, r1, #12
 320 0012 1960     		str	r1, [r3]
 113:Core/Src/init_LB2.c ****               GPIO_MODER_MODER1_Msk);
 114:Core/Src/init_LB2.c **** 
 115:Core/Src/init_LB2.c ****     CLEAR_BIT(GPIOA->PUPDR,
 321              		.loc 1 115 5 view .LVU65
 322 0014 D168     		ldr	r1, [r2, #12]
 323 0016 21F47041 		bic	r1, r1, #61440
 324 001a D160     		str	r1, [r2, #12]
 116:Core/Src/init_LB2.c ****               GPIO_PUPDR_PUPD6_Msk |
 117:Core/Src/init_LB2.c ****               GPIO_PUPDR_PUPD7_Msk);
 118:Core/Src/init_LB2.c **** 
 119:Core/Src/init_LB2.c ****     CLEAR_BIT(GPIOB->PUPDR,
 325              		.loc 1 119 5 view .LVU66
 326 001c DA68     		ldr	r2, [r3, #12]
 327 001e 22F00C02 		bic	r2, r2, #12
 328 0022 DA60     		str	r2, [r3, #12]
 120:Core/Src/init_LB2.c ****               GPIO_PUPDR_PUPD1_Msk);
 121:Core/Src/init_LB2.c **** }
 329              		.loc 1 121 1 is_stmt 0 view .LVU67
 330 0024 7047     		bx	lr
 331              	.L17:
 332 0026 00BF     		.align	2
 333              	.L16:
 334 0028 00000240 		.word	1073872896
 335 002c 00040240 		.word	1073873920
 336              		.cfi_endproc
 337              	.LFE133:
 339              		.section	.text.LineSensors_Read,"ax",%progbits
 340              		.align	1
 341              		.global	LineSensors_Read
 342              		.syntax unified
 343              		.thumb
ARM GAS  C:\Users\VICTUS\AppData\Local\Temp\ccjjxt6n.s 			page 9


 344              		.thumb_func
 346              	LineSensors_Read:
 347              	.LFB134:
 122:Core/Src/init_LB2.c **** 
 123:Core/Src/init_LB2.c **** void LineSensors_Read(void)
 124:Core/Src/init_LB2.c **** {
 348              		.loc 1 124 1 is_stmt 1 view -0
 349              		.cfi_startproc
 350              		@ args = 0, pretend = 0, frame = 0
 351              		@ frame_needed = 0, uses_anonymous_args = 0
 352              		@ link register save eliminated.
 125:Core/Src/init_LB2.c ****     sensor_left   = (GPIOA->IDR & GPIO_IDR_ID6) ? 1 : 0;
 353              		.loc 1 125 5 view .LVU69
 354              		.loc 1 125 27 is_stmt 0 view .LVU70
 355 0000 084A     		ldr	r2, .L19
 356 0002 1369     		ldr	r3, [r2, #16]
 357              		.loc 1 125 53 view .LVU71
 358 0004 C3F38013 		ubfx	r3, r3, #6, #1
 359              		.loc 1 125 19 view .LVU72
 360 0008 0749     		ldr	r1, .L19+4
 361 000a 0B70     		strb	r3, [r1]
 126:Core/Src/init_LB2.c ****     sensor_center = (GPIOA->IDR & GPIO_IDR_ID7) ? 1 : 0;
 362              		.loc 1 126 5 is_stmt 1 view .LVU73
 363              		.loc 1 126 27 is_stmt 0 view .LVU74
 364 000c 1369     		ldr	r3, [r2, #16]
 365              		.loc 1 126 53 view .LVU75
 366 000e C3F3C013 		ubfx	r3, r3, #7, #1
 367              		.loc 1 126 19 view .LVU76
 368 0012 064A     		ldr	r2, .L19+8
 369 0014 1370     		strb	r3, [r2]
 127:Core/Src/init_LB2.c ****     sensor_right  = (GPIOB->IDR & GPIO_IDR_ID1) ? 1 : 0;
 370              		.loc 1 127 5 is_stmt 1 view .LVU77
 371              		.loc 1 127 27 is_stmt 0 view .LVU78
 372 0016 064B     		ldr	r3, .L19+12
 373 0018 1B69     		ldr	r3, [r3, #16]
 374              		.loc 1 127 53 view .LVU79
 375 001a C3F34003 		ubfx	r3, r3, #1, #1
 376              		.loc 1 127 19 view .LVU80
 377 001e 054A     		ldr	r2, .L19+16
 378 0020 1370     		strb	r3, [r2]
 128:Core/Src/init_LB2.c **** }
 379              		.loc 1 128 1 view .LVU81
 380 0022 7047     		bx	lr
 381              	.L20:
 382              		.align	2
 383              	.L19:
 384 0024 00000240 		.word	1073872896
 385 0028 00000000 		.word	sensor_left
 386 002c 00000000 		.word	sensor_center
 387 0030 00040240 		.word	1073873920
 388 0034 00000000 		.word	sensor_right
 389              		.cfi_endproc
 390              	.LFE134:
 392              		.section	.text.Line_CalcError,"ax",%progbits
 393              		.align	1
 394              		.global	Line_CalcError
 395              		.syntax unified
ARM GAS  C:\Users\VICTUS\AppData\Local\Temp\ccjjxt6n.s 			page 10


 396              		.thumb
 397              		.thumb_func
 399              	Line_CalcError:
 400              	.LFB135:
 129:Core/Src/init_LB2.c **** 
 130:Core/Src/init_LB2.c **** void Line_CalcError(void)
 131:Core/Src/init_LB2.c **** {
 401              		.loc 1 131 1 is_stmt 1 view -0
 402              		.cfi_startproc
 403              		@ args = 0, pretend = 0, frame = 0
 404              		@ frame_needed = 0, uses_anonymous_args = 0
 405              		@ link register save eliminated.
 132:Core/Src/init_LB2.c ****     if (sensor_center == 0)
 406              		.loc 1 132 5 view .LVU83
 407              		.loc 1 132 23 is_stmt 0 view .LVU84
 408 0000 0C4B     		ldr	r3, .L26
 409 0002 1B78     		ldrb	r3, [r3]	@ zero_extendqisi2
 410              		.loc 1 132 8 view .LVU85
 411 0004 1BB9     		cbnz	r3, .L22
 133:Core/Src/init_LB2.c ****         line_error = 0;
 412              		.loc 1 133 9 is_stmt 1 view .LVU86
 413              		.loc 1 133 20 is_stmt 0 view .LVU87
 414 0006 0C4B     		ldr	r3, .L26+4
 415 0008 0022     		movs	r2, #0
 416 000a 1A70     		strb	r2, [r3]
 417 000c 7047     		bx	lr
 418              	.L22:
 134:Core/Src/init_LB2.c ****     else if (sensor_left == 0)
 419              		.loc 1 134 10 is_stmt 1 view .LVU88
 420              		.loc 1 134 26 is_stmt 0 view .LVU89
 421 000e 0B4B     		ldr	r3, .L26+8
 422 0010 1B78     		ldrb	r3, [r3]	@ zero_extendqisi2
 423              		.loc 1 134 13 view .LVU90
 424 0012 1BB9     		cbnz	r3, .L24
 135:Core/Src/init_LB2.c ****         line_error = -1;
 425              		.loc 1 135 9 is_stmt 1 view .LVU91
 426              		.loc 1 135 20 is_stmt 0 view .LVU92
 427 0014 084B     		ldr	r3, .L26+4
 428 0016 FF22     		movs	r2, #255
 429 0018 1A70     		strb	r2, [r3]
 430 001a 7047     		bx	lr
 431              	.L24:
 136:Core/Src/init_LB2.c ****     else if (sensor_right == 0)
 432              		.loc 1 136 10 is_stmt 1 view .LVU93
 433              		.loc 1 136 27 is_stmt 0 view .LVU94
 434 001c 084B     		ldr	r3, .L26+12
 435 001e 1B78     		ldrb	r3, [r3]	@ zero_extendqisi2
 436              		.loc 1 136 13 view .LVU95
 437 0020 1BB9     		cbnz	r3, .L25
 137:Core/Src/init_LB2.c ****         line_error = 1;
 438              		.loc 1 137 9 is_stmt 1 view .LVU96
 439              		.loc 1 137 20 is_stmt 0 view .LVU97
 440 0022 054B     		ldr	r3, .L26+4
 441 0024 0122     		movs	r2, #1
 442 0026 1A70     		strb	r2, [r3]
 443 0028 7047     		bx	lr
 444              	.L25:
ARM GAS  C:\Users\VICTUS\AppData\Local\Temp\ccjjxt6n.s 			page 11


 138:Core/Src/init_LB2.c ****     else
 139:Core/Src/init_LB2.c ****         line_error = 0;
 445              		.loc 1 139 9 is_stmt 1 view .LVU98
 446              		.loc 1 139 20 is_stmt 0 view .LVU99
 447 002a 034B     		ldr	r3, .L26+4
 448 002c 0022     		movs	r2, #0
 449 002e 1A70     		strb	r2, [r3]
 140:Core/Src/init_LB2.c **** }
 450              		.loc 1 140 1 view .LVU100
 451 0030 7047     		bx	lr
 452              	.L27:
 453 0032 00BF     		.align	2
 454              	.L26:
 455 0034 00000000 		.word	sensor_center
 456 0038 00000000 		.word	line_error
 457 003c 00000000 		.word	sensor_left
 458 0040 00000000 		.word	sensor_right
 459              		.cfi_endproc
 460              	.LFE135:
 462              		.section	.text.Motor_SetSpeed_Left,"ax",%progbits
 463              		.align	1
 464              		.global	Motor_SetSpeed_Left
 465              		.syntax unified
 466              		.thumb
 467              		.thumb_func
 469              	Motor_SetSpeed_Left:
 470              	.LVL0:
 471              	.LFB136:
 141:Core/Src/init_LB2.c **** 
 142:Core/Src/init_LB2.c **** /* ===================== MOTORS ===================== */
 143:Core/Src/init_LB2.c **** void Motor_SetSpeed_Left(int16_t speed)
 144:Core/Src/init_LB2.c **** {
 472              		.loc 1 144 1 is_stmt 1 view -0
 473              		.cfi_startproc
 474              		@ args = 0, pretend = 0, frame = 0
 475              		@ frame_needed = 0, uses_anonymous_args = 0
 476              		@ link register save eliminated.
 145:Core/Src/init_LB2.c ****     if (speed >= 0)
 477              		.loc 1 145 5 view .LVU102
 478              		.loc 1 145 8 is_stmt 0 view .LVU103
 479 0000 0028     		cmp	r0, #0
 480              		.loc 1 145 8 view .LVU104
 481 0002 0EDB     		blt	.L29
 146:Core/Src/init_LB2.c ****     {
 147:Core/Src/init_LB2.c ****         SET_BIT(GPIOA->ODR, GPIO_ODR_OD0);
 482              		.loc 1 147 9 is_stmt 1 view .LVU105
 483 0004 0D4B     		ldr	r3, .L33
 484 0006 5A69     		ldr	r2, [r3, #20]
 485 0008 42F00102 		orr	r2, r2, #1
 486 000c 5A61     		str	r2, [r3, #20]
 148:Core/Src/init_LB2.c ****         CLEAR_BIT(GPIOA->ODR, GPIO_ODR_OD1);
 487              		.loc 1 148 9 view .LVU106
 488 000e 5A69     		ldr	r2, [r3, #20]
 489 0010 22F00202 		bic	r2, r2, #2
 490 0014 5A61     		str	r2, [r3, #20]
 491              	.LVL1:
 492              	.L30:
ARM GAS  C:\Users\VICTUS\AppData\Local\Temp\ccjjxt6n.s 			page 12


 149:Core/Src/init_LB2.c ****     }
 150:Core/Src/init_LB2.c ****     else
 151:Core/Src/init_LB2.c ****     {
 152:Core/Src/init_LB2.c ****         CLEAR_BIT(GPIOA->ODR, GPIO_ODR_OD0);
 153:Core/Src/init_LB2.c ****         SET_BIT(GPIOA->ODR, GPIO_ODR_OD1);
 154:Core/Src/init_LB2.c ****         speed = -speed;
 155:Core/Src/init_LB2.c ****     }
 156:Core/Src/init_LB2.c **** 
 157:Core/Src/init_LB2.c ****     if (speed > PWM_MAX) speed = PWM_MAX;
 493              		.loc 1 157 5 view .LVU107
 494              		.loc 1 157 8 is_stmt 0 view .LVU108
 495 0016 C828     		cmp	r0, #200
 496 0018 00DD     		ble	.L31
 497              		.loc 1 157 32 discriminator 1 view .LVU109
 498 001a C820     		movs	r0, #200
 499              	.LVL2:
 500              	.L31:
 158:Core/Src/init_LB2.c ****     TIM3->CCR1 = speed;
 501              		.loc 1 158 5 is_stmt 1 view .LVU110
 502              		.loc 1 158 16 is_stmt 0 view .LVU111
 503 001c 084B     		ldr	r3, .L33+4
 504 001e 5863     		str	r0, [r3, #52]
 159:Core/Src/init_LB2.c **** }
 505              		.loc 1 159 1 view .LVU112
 506 0020 7047     		bx	lr
 507              	.L29:
 152:Core/Src/init_LB2.c ****         SET_BIT(GPIOA->ODR, GPIO_ODR_OD1);
 508              		.loc 1 152 9 is_stmt 1 view .LVU113
 509 0022 064B     		ldr	r3, .L33
 510 0024 5A69     		ldr	r2, [r3, #20]
 511 0026 22F00102 		bic	r2, r2, #1
 512 002a 5A61     		str	r2, [r3, #20]
 153:Core/Src/init_LB2.c ****         speed = -speed;
 513              		.loc 1 153 9 view .LVU114
 514 002c 5A69     		ldr	r2, [r3, #20]
 515 002e 42F00202 		orr	r2, r2, #2
 516 0032 5A61     		str	r2, [r3, #20]
 154:Core/Src/init_LB2.c ****     }
 517              		.loc 1 154 9 view .LVU115
 154:Core/Src/init_LB2.c ****     }
 518              		.loc 1 154 15 is_stmt 0 view .LVU116
 519 0034 4042     		rsbs	r0, r0, #0
 520              	.LVL3:
 154:Core/Src/init_LB2.c ****     }
 521              		.loc 1 154 15 view .LVU117
 522 0036 00B2     		sxth	r0, r0
 523              	.LVL4:
 154:Core/Src/init_LB2.c ****     }
 524              		.loc 1 154 15 view .LVU118
 525 0038 EDE7     		b	.L30
 526              	.L34:
 527 003a 00BF     		.align	2
 528              	.L33:
 529 003c 00000240 		.word	1073872896
 530 0040 00040040 		.word	1073742848
 531              		.cfi_endproc
 532              	.LFE136:
ARM GAS  C:\Users\VICTUS\AppData\Local\Temp\ccjjxt6n.s 			page 13


 534              		.section	.text.Motor_SetSpeed_Right,"ax",%progbits
 535              		.align	1
 536              		.global	Motor_SetSpeed_Right
 537              		.syntax unified
 538              		.thumb
 539              		.thumb_func
 541              	Motor_SetSpeed_Right:
 542              	.LVL5:
 543              	.LFB137:
 160:Core/Src/init_LB2.c **** 
 161:Core/Src/init_LB2.c **** void Motor_SetSpeed_Right(int16_t speed)
 162:Core/Src/init_LB2.c **** {
 544              		.loc 1 162 1 is_stmt 1 view -0
 545              		.cfi_startproc
 546              		@ args = 0, pretend = 0, frame = 0
 547              		@ frame_needed = 0, uses_anonymous_args = 0
 548              		@ link register save eliminated.
 163:Core/Src/init_LB2.c ****     if (speed >= 0)
 549              		.loc 1 163 5 view .LVU120
 550              		.loc 1 163 8 is_stmt 0 view .LVU121
 551 0000 0028     		cmp	r0, #0
 552              		.loc 1 163 8 view .LVU122
 553 0002 10DB     		blt	.L36
 164:Core/Src/init_LB2.c ****     {
 165:Core/Src/init_LB2.c ****         SET_BIT(GPIOA->ODR, GPIO_ODR_OD4);
 554              		.loc 1 165 9 is_stmt 1 view .LVU123
 555 0004 0F4A     		ldr	r2, .L40
 556 0006 5369     		ldr	r3, [r2, #20]
 557 0008 43F01003 		orr	r3, r3, #16
 558 000c 5361     		str	r3, [r2, #20]
 166:Core/Src/init_LB2.c ****         CLEAR_BIT(GPIOB->ODR, GPIO_ODR_OD0);
 559              		.loc 1 166 9 view .LVU124
 560 000e 02F58062 		add	r2, r2, #1024
 561 0012 5369     		ldr	r3, [r2, #20]
 562 0014 23F00103 		bic	r3, r3, #1
 563 0018 5361     		str	r3, [r2, #20]
 564              	.LVL6:
 565              	.L37:
 167:Core/Src/init_LB2.c ****     }
 168:Core/Src/init_LB2.c ****     else
 169:Core/Src/init_LB2.c ****     {
 170:Core/Src/init_LB2.c ****         CLEAR_BIT(GPIOA->ODR, GPIO_ODR_OD4);
 171:Core/Src/init_LB2.c ****         SET_BIT(GPIOB->ODR, GPIO_ODR_OD0);
 172:Core/Src/init_LB2.c ****         speed = -speed;
 173:Core/Src/init_LB2.c ****     }
 174:Core/Src/init_LB2.c **** 
 175:Core/Src/init_LB2.c ****     if (speed > PWM_MAX) speed = PWM_MAX;
 566              		.loc 1 175 5 view .LVU125
 567              		.loc 1 175 8 is_stmt 0 view .LVU126
 568 001a C828     		cmp	r0, #200
 569 001c 00DD     		ble	.L38
 570              		.loc 1 175 32 discriminator 1 view .LVU127
 571 001e C820     		movs	r0, #200
 572              	.LVL7:
 573              	.L38:
 176:Core/Src/init_LB2.c ****     TIM3->CCR2 = speed;
 574              		.loc 1 176 5 is_stmt 1 view .LVU128
ARM GAS  C:\Users\VICTUS\AppData\Local\Temp\ccjjxt6n.s 			page 14


 575              		.loc 1 176 16 is_stmt 0 view .LVU129
 576 0020 094B     		ldr	r3, .L40+4
 577 0022 9863     		str	r0, [r3, #56]
 177:Core/Src/init_LB2.c **** }
 578              		.loc 1 177 1 view .LVU130
 579 0024 7047     		bx	lr
 580              	.L36:
 170:Core/Src/init_LB2.c ****         SET_BIT(GPIOB->ODR, GPIO_ODR_OD0);
 581              		.loc 1 170 9 is_stmt 1 view .LVU131
 582 0026 074A     		ldr	r2, .L40
 583 0028 5369     		ldr	r3, [r2, #20]
 584 002a 23F01003 		bic	r3, r3, #16
 585 002e 5361     		str	r3, [r2, #20]
 171:Core/Src/init_LB2.c ****         speed = -speed;
 586              		.loc 1 171 9 view .LVU132
 587 0030 02F58062 		add	r2, r2, #1024
 588 0034 5369     		ldr	r3, [r2, #20]
 589 0036 43F00103 		orr	r3, r3, #1
 590 003a 5361     		str	r3, [r2, #20]
 172:Core/Src/init_LB2.c ****     }
 591              		.loc 1 172 9 view .LVU133
 172:Core/Src/init_LB2.c ****     }
 592              		.loc 1 172 15 is_stmt 0 view .LVU134
 593 003c 4042     		rsbs	r0, r0, #0
 594              	.LVL8:
 172:Core/Src/init_LB2.c ****     }
 595              		.loc 1 172 15 view .LVU135
 596 003e 00B2     		sxth	r0, r0
 597              	.LVL9:
 172:Core/Src/init_LB2.c ****     }
 598              		.loc 1 172 15 view .LVU136
 599 0040 EBE7     		b	.L37
 600              	.L41:
 601 0042 00BF     		.align	2
 602              	.L40:
 603 0044 00000240 		.word	1073872896
 604 0048 00040040 		.word	1073742848
 605              		.cfi_endproc
 606              	.LFE137:
 608              		.section	.text.Robot_Move,"ax",%progbits
 609              		.align	1
 610              		.global	Robot_Move
 611              		.syntax unified
 612              		.thumb
 613              		.thumb_func
 615              	Robot_Move:
 616              	.LFB138:
 178:Core/Src/init_LB2.c **** 
 179:Core/Src/init_LB2.c **** void Robot_Move(void)
 180:Core/Src/init_LB2.c **** {
 617              		.loc 1 180 1 is_stmt 1 view -0
 618              		.cfi_startproc
 619              		@ args = 0, pretend = 0, frame = 0
 620              		@ frame_needed = 0, uses_anonymous_args = 0
 621 0000 10B5     		push	{r4, lr}
 622              	.LCFI0:
 623              		.cfi_def_cfa_offset 8
ARM GAS  C:\Users\VICTUS\AppData\Local\Temp\ccjjxt6n.s 			page 15


 624              		.cfi_offset 4, -8
 625              		.cfi_offset 14, -4
 181:Core/Src/init_LB2.c ****     int16_t correction = KP * line_error;
 626              		.loc 1 181 5 view .LVU138
 627              		.loc 1 181 29 is_stmt 0 view .LVU139
 628 0002 094B     		ldr	r3, .L44
 629 0004 1C78     		ldrb	r4, [r3]	@ zero_extendqisi2
 630 0006 64B2     		sxtb	r4, r4
 631 0008 04EB8404 		add	r4, r4, r4, lsl #2
 632 000c 04EB8404 		add	r4, r4, r4, lsl #2
 633 0010 A4B2     		uxth	r4, r4
 634              	.LVL10:
 182:Core/Src/init_LB2.c **** 
 183:Core/Src/init_LB2.c ****     Motor_SetSpeed_Left(BASE_SPEED - correction);
 635              		.loc 1 183 5 is_stmt 1 view .LVU140
 636              		.loc 1 183 36 is_stmt 0 view .LVU141
 637 0012 C4F14600 		rsb	r0, r4, #70
 638              		.loc 1 183 5 view .LVU142
 639 0016 00B2     		sxth	r0, r0
 640 0018 FFF7FEFF 		bl	Motor_SetSpeed_Left
 641              	.LVL11:
 184:Core/Src/init_LB2.c ****     Motor_SetSpeed_Right(BASE_SPEED + correction);
 642              		.loc 1 184 5 is_stmt 1 view .LVU143
 643              		.loc 1 184 37 is_stmt 0 view .LVU144
 644 001c 04F14600 		add	r0, r4, #70
 645              		.loc 1 184 5 view .LVU145
 646 0020 00B2     		sxth	r0, r0
 647 0022 FFF7FEFF 		bl	Motor_SetSpeed_Right
 648              	.LVL12:
 185:Core/Src/init_LB2.c **** }
 649              		.loc 1 185 1 view .LVU146
 650 0026 10BD     		pop	{r4, pc}
 651              	.LVL13:
 652              	.L45:
 653              		.loc 1 185 1 view .LVU147
 654              		.align	2
 655              	.L44:
 656 0028 00000000 		.word	line_error
 657              		.cfi_endproc
 658              	.LFE138:
 660              		.global	line_error
 661              		.section	.bss.line_error,"aw",%nobits
 664              	line_error:
 665 0000 00       		.space	1
 666              		.global	sensor_right
 667              		.section	.bss.sensor_right,"aw",%nobits
 670              	sensor_right:
 671 0000 00       		.space	1
 672              		.global	sensor_center
 673              		.section	.bss.sensor_center,"aw",%nobits
 676              	sensor_center:
 677 0000 00       		.space	1
 678              		.global	sensor_left
 679              		.section	.bss.sensor_left,"aw",%nobits
 682              	sensor_left:
 683 0000 00       		.space	1
 684              		.text
ARM GAS  C:\Users\VICTUS\AppData\Local\Temp\ccjjxt6n.s 			page 16


 685              	.Letext0:
 686              		.file 2 "D:/Tools/xpack-arm-none-eabi-gcc-13.2.1-1.1/arm-none-eabi/include/machine/_default_types.
 687              		.file 3 "D:/Tools/xpack-arm-none-eabi-gcc-13.2.1-1.1/arm-none-eabi/include/sys/_stdint.h"
 688              		.file 4 "CMSIS/Devices/STM32F4xx/Inc/STM32F411RE/stm32f411xe.h"
 689              		.file 5 "Core/Inc/init_LB2.h"
ARM GAS  C:\Users\VICTUS\AppData\Local\Temp\ccjjxt6n.s 			page 17


DEFINED SYMBOLS
                            *ABS*:00000000 init_LB2.c
C:\Users\VICTUS\AppData\Local\Temp\ccjjxt6n.s:21     .text.RCC_Init:00000000 $t
C:\Users\VICTUS\AppData\Local\Temp\ccjjxt6n.s:27     .text.RCC_Init:00000000 RCC_Init
C:\Users\VICTUS\AppData\Local\Temp\ccjjxt6n.s:160    .text.RCC_Init:000000d8 $d
C:\Users\VICTUS\AppData\Local\Temp\ccjjxt6n.s:166    .text.GPIO_Init:00000000 $t
C:\Users\VICTUS\AppData\Local\Temp\ccjjxt6n.s:172    .text.GPIO_Init:00000000 GPIO_Init
C:\Users\VICTUS\AppData\Local\Temp\ccjjxt6n.s:226    .text.GPIO_Init:00000064 $d
C:\Users\VICTUS\AppData\Local\Temp\ccjjxt6n.s:234    .text.TIM3_PWM_Init:00000000 $t
C:\Users\VICTUS\AppData\Local\Temp\ccjjxt6n.s:240    .text.TIM3_PWM_Init:00000000 TIM3_PWM_Init
C:\Users\VICTUS\AppData\Local\Temp\ccjjxt6n.s:292    .text.TIM3_PWM_Init:0000004c $d
C:\Users\VICTUS\AppData\Local\Temp\ccjjxt6n.s:298    .text.LineSensors_GPIO_Init:00000000 $t
C:\Users\VICTUS\AppData\Local\Temp\ccjjxt6n.s:304    .text.LineSensors_GPIO_Init:00000000 LineSensors_GPIO_Init
C:\Users\VICTUS\AppData\Local\Temp\ccjjxt6n.s:334    .text.LineSensors_GPIO_Init:00000028 $d
C:\Users\VICTUS\AppData\Local\Temp\ccjjxt6n.s:340    .text.LineSensors_Read:00000000 $t
C:\Users\VICTUS\AppData\Local\Temp\ccjjxt6n.s:346    .text.LineSensors_Read:00000000 LineSensors_Read
C:\Users\VICTUS\AppData\Local\Temp\ccjjxt6n.s:384    .text.LineSensors_Read:00000024 $d
C:\Users\VICTUS\AppData\Local\Temp\ccjjxt6n.s:682    .bss.sensor_left:00000000 sensor_left
C:\Users\VICTUS\AppData\Local\Temp\ccjjxt6n.s:676    .bss.sensor_center:00000000 sensor_center
C:\Users\VICTUS\AppData\Local\Temp\ccjjxt6n.s:670    .bss.sensor_right:00000000 sensor_right
C:\Users\VICTUS\AppData\Local\Temp\ccjjxt6n.s:393    .text.Line_CalcError:00000000 $t
C:\Users\VICTUS\AppData\Local\Temp\ccjjxt6n.s:399    .text.Line_CalcError:00000000 Line_CalcError
C:\Users\VICTUS\AppData\Local\Temp\ccjjxt6n.s:455    .text.Line_CalcError:00000034 $d
C:\Users\VICTUS\AppData\Local\Temp\ccjjxt6n.s:664    .bss.line_error:00000000 line_error
C:\Users\VICTUS\AppData\Local\Temp\ccjjxt6n.s:463    .text.Motor_SetSpeed_Left:00000000 $t
C:\Users\VICTUS\AppData\Local\Temp\ccjjxt6n.s:469    .text.Motor_SetSpeed_Left:00000000 Motor_SetSpeed_Left
C:\Users\VICTUS\AppData\Local\Temp\ccjjxt6n.s:529    .text.Motor_SetSpeed_Left:0000003c $d
C:\Users\VICTUS\AppData\Local\Temp\ccjjxt6n.s:535    .text.Motor_SetSpeed_Right:00000000 $t
C:\Users\VICTUS\AppData\Local\Temp\ccjjxt6n.s:541    .text.Motor_SetSpeed_Right:00000000 Motor_SetSpeed_Right
C:\Users\VICTUS\AppData\Local\Temp\ccjjxt6n.s:603    .text.Motor_SetSpeed_Right:00000044 $d
C:\Users\VICTUS\AppData\Local\Temp\ccjjxt6n.s:609    .text.Robot_Move:00000000 $t
C:\Users\VICTUS\AppData\Local\Temp\ccjjxt6n.s:615    .text.Robot_Move:00000000 Robot_Move
C:\Users\VICTUS\AppData\Local\Temp\ccjjxt6n.s:656    .text.Robot_Move:00000028 $d
C:\Users\VICTUS\AppData\Local\Temp\ccjjxt6n.s:665    .bss.line_error:00000000 $d
C:\Users\VICTUS\AppData\Local\Temp\ccjjxt6n.s:671    .bss.sensor_right:00000000 $d
C:\Users\VICTUS\AppData\Local\Temp\ccjjxt6n.s:677    .bss.sensor_center:00000000 $d
C:\Users\VICTUS\AppData\Local\Temp\ccjjxt6n.s:683    .bss.sensor_left:00000000 $d

NO UNDEFINED SYMBOLS
