ARM GAS  C:\Users\VICTUS\AppData\Local\Temp\cc7rjVVV.s 			page 1


   1              		.cpu cortex-m4
   2              		.arch armv7e-m
   3              		.fpu fpv4-sp-d16
   4              		.eabi_attribute 27, 1
   5              		.eabi_attribute 28, 1
   6              		.eabi_attribute 20, 1
   7              		.eabi_attribute 21, 1
   8              		.eabi_attribute 23, 3
   9              		.eabi_attribute 24, 1
  10              		.eabi_attribute 25, 1
  11              		.eabi_attribute 26, 1
  12              		.eabi_attribute 30, 1
  13              		.eabi_attribute 34, 1
  14              		.eabi_attribute 18, 4
  15              		.file	"kursach.c"
  16              		.text
  17              	.Ltext0:
  18              		.cfi_sections	.debug_frame
  19              		.file 1 "Core/Src/kursach.c"
  20              		.section	.text.GPIO_Init,"ax",%progbits
  21              		.align	1
  22              		.global	GPIO_Init
  23              		.syntax unified
  24              		.thumb
  25              		.thumb_func
  27              	GPIO_Init:
  28              	.LFB130:
   1:Core/Src/kursach.c **** #include "kursach.h"
   2:Core/Src/kursach.c **** 
   3:Core/Src/kursach.c **** /* ===================== GLOBALS ===================== */
   4:Core/Src/kursach.c **** volatile uint16_t adc_left, adc_center, adc_right;
   5:Core/Src/kursach.c **** 
   6:Core/Src/kursach.c **** uint16_t min_left = 4095, max_left = 0;
   7:Core/Src/kursach.c **** uint16_t min_center = 4095, max_center = 0;
   8:Core/Src/kursach.c **** uint16_t min_right = 4095, max_right = 0;
   9:Core/Src/kursach.c **** 
  10:Core/Src/kursach.c **** uint16_t thr_left, thr_center, thr_right;
  11:Core/Src/kursach.c **** 
  12:Core/Src/kursach.c **** uint8_t sensor_left, sensor_center, sensor_right;
  13:Core/Src/kursach.c **** 
  14:Core/Src/kursach.c **** /* --- КАЛИБРОВКА --- */
  15:Core/Src/kursach.c **** uint8_t calib_stage = 0;
  16:Core/Src/kursach.c **** uint8_t sensor_id = 0;
  17:Core/Src/kursach.c **** 
  18:Core/Src/kursach.c **** /* --- NEW (added, not replacing anything) --- */
  19:Core/Src/kursach.c **** uint8_t calibration_busy = 0;
  20:Core/Src/kursach.c **** uint8_t active_sensor = 255;
  21:Core/Src/kursach.c **** 
  22:Core/Src/kursach.c **** 
  23:Core/Src/kursach.c **** /* ===================== GPIO ===================== */
  24:Core/Src/kursach.c **** void GPIO_Init(void)
  25:Core/Src/kursach.c **** {
  29              		.loc 1 25 1 view -0
  30              		.cfi_startproc
  31              		@ args = 0, pretend = 0, frame = 0
  32              		@ frame_needed = 0, uses_anonymous_args = 0
  33              		@ link register save eliminated.
ARM GAS  C:\Users\VICTUS\AppData\Local\Temp\cc7rjVVV.s 			page 2


  26:Core/Src/kursach.c ****     SET_BIT(RCC->AHB1ENR,
  34              		.loc 1 26 5 view .LVU1
  35 0000 214A     		ldr	r2, .L2
  36 0002 136B     		ldr	r3, [r2, #48]
  37 0004 43F00303 		orr	r3, r3, #3
  38 0008 1363     		str	r3, [r2, #48]
  27:Core/Src/kursach.c ****             RCC_AHB1ENR_GPIOAEN |
  28:Core/Src/kursach.c ****             RCC_AHB1ENR_GPIOBEN);
  29:Core/Src/kursach.c **** 
  30:Core/Src/kursach.c ****     /* RESET */
  31:Core/Src/kursach.c ****     CLEAR_BIT(GPIOA->ODR,
  39              		.loc 1 31 5 view .LVU2
  40 000a A2F56052 		sub	r2, r2, #14336
  41 000e 5369     		ldr	r3, [r2, #20]
  42 0010 23F4F073 		bic	r3, r3, #480
  43 0014 5361     		str	r3, [r2, #20]
  32:Core/Src/kursach.c ****               GPIO_ODR_OD5 |
  33:Core/Src/kursach.c ****               GPIO_ODR_OD6 |
  34:Core/Src/kursach.c ****               GPIO_ODR_OD7 |
  35:Core/Src/kursach.c ****               GPIO_ODR_OD8);
  36:Core/Src/kursach.c **** 
  37:Core/Src/kursach.c ****     CLEAR_BIT(GPIOB->ODR, GPIO_ODR_OD6);
  44              		.loc 1 37 5 view .LVU3
  45 0016 1D4B     		ldr	r3, .L2+4
  46 0018 5969     		ldr	r1, [r3, #20]
  47 001a 21F04001 		bic	r1, r1, #64
  48 001e 5961     		str	r1, [r3, #20]
  38:Core/Src/kursach.c **** 
  39:Core/Src/kursach.c ****     /* MOTORS */
  40:Core/Src/kursach.c ****     MODIFY_REG(GPIOA->MODER,
  49              		.loc 1 40 5 view .LVU4
  50 0020 1168     		ldr	r1, [r2]
  51 0022 21F47C41 		bic	r1, r1, #64512
  52 0026 41F4A841 		orr	r1, r1, #21504
  53 002a 1160     		str	r1, [r2]
  41:Core/Src/kursach.c ****                GPIO_MODER_MODER5_Msk |
  42:Core/Src/kursach.c ****                GPIO_MODER_MODER6_Msk |
  43:Core/Src/kursach.c ****                GPIO_MODER_MODER7_Msk,
  44:Core/Src/kursach.c ****                GPIO_MODER_MODER5_0 |
  45:Core/Src/kursach.c ****                GPIO_MODER_MODER6_0 |
  46:Core/Src/kursach.c ****                GPIO_MODER_MODER7_0);
  47:Core/Src/kursach.c **** 
  48:Core/Src/kursach.c ****     MODIFY_REG(GPIOB->MODER,
  54              		.loc 1 48 5 view .LVU5
  55 002c 1968     		ldr	r1, [r3]
  56 002e 21F44051 		bic	r1, r1, #12288
  57 0032 41F48051 		orr	r1, r1, #4096
  58 0036 1960     		str	r1, [r3]
  49:Core/Src/kursach.c ****                GPIO_MODER_MODER6_Msk,
  50:Core/Src/kursach.c ****                GPIO_MODER_MODER6_0);
  51:Core/Src/kursach.c **** 
  52:Core/Src/kursach.c ****     /* LED PA8 */
  53:Core/Src/kursach.c ****     MODIFY_REG(GPIOA->MODER,
  59              		.loc 1 53 5 view .LVU6
  60 0038 1168     		ldr	r1, [r2]
  61 003a 21F44031 		bic	r1, r1, #196608
  62 003e 41F48031 		orr	r1, r1, #65536
ARM GAS  C:\Users\VICTUS\AppData\Local\Temp\cc7rjVVV.s 			page 3


  63 0042 1160     		str	r1, [r2]
  54:Core/Src/kursach.c ****                GPIO_MODER_MODER8_Msk,
  55:Core/Src/kursach.c ****                GPIO_MODER_MODER8_0);
  56:Core/Src/kursach.c **** 
  57:Core/Src/kursach.c ****     /* --- UPDATED: 3 buttons --- */
  58:Core/Src/kursach.c ****     CLEAR_BIT(GPIOB->MODER,
  64              		.loc 1 58 5 view .LVU7
  65 0044 1968     		ldr	r1, [r3]
  66 0046 21F44011 		bic	r1, r1, #3145728
  67 004a 21F47061 		bic	r1, r1, #3840
  68 004e 1960     		str	r1, [r3]
  59:Core/Src/kursach.c ****               GPIO_MODER_MODER10_Msk |
  60:Core/Src/kursach.c ****               GPIO_MODER_MODER4_Msk |
  61:Core/Src/kursach.c ****               GPIO_MODER_MODER5_Msk);
  62:Core/Src/kursach.c **** 
  63:Core/Src/kursach.c ****     MODIFY_REG(GPIOB->PUPDR,
  69              		.loc 1 63 5 view .LVU8
  70 0050 D968     		ldr	r1, [r3, #12]
  71 0052 21F44011 		bic	r1, r1, #3145728
  72 0056 21F47061 		bic	r1, r1, #3840
  73 005a 41F48011 		orr	r1, r1, #1048576
  74 005e 41F4A061 		orr	r1, r1, #1280
  75 0062 D960     		str	r1, [r3, #12]
  64:Core/Src/kursach.c ****                GPIO_PUPDR_PUPD10_Msk |
  65:Core/Src/kursach.c ****                GPIO_PUPDR_PUPD4_Msk |
  66:Core/Src/kursach.c ****                GPIO_PUPDR_PUPD5_Msk,
  67:Core/Src/kursach.c ****                GPIO_PUPDR_PUPD10_0 |
  68:Core/Src/kursach.c ****                GPIO_PUPDR_PUPD4_0 |
  69:Core/Src/kursach.c ****                GPIO_PUPDR_PUPD5_0);
  70:Core/Src/kursach.c **** 
  71:Core/Src/kursach.c ****     /* PUSH-PULL */
  72:Core/Src/kursach.c ****     CLEAR_BIT(GPIOA->OTYPER,
  76              		.loc 1 72 5 view .LVU9
  77 0064 5168     		ldr	r1, [r2, #4]
  78 0066 21F4F071 		bic	r1, r1, #480
  79 006a 5160     		str	r1, [r2, #4]
  73:Core/Src/kursach.c ****               GPIO_OTYPER_OT5 |
  74:Core/Src/kursach.c ****               GPIO_OTYPER_OT6 |
  75:Core/Src/kursach.c ****               GPIO_OTYPER_OT7 |
  76:Core/Src/kursach.c ****               GPIO_OTYPER_OT8);
  77:Core/Src/kursach.c **** 
  78:Core/Src/kursach.c ****     CLEAR_BIT(GPIOB->OTYPER, GPIO_OTYPER_OT6);
  80              		.loc 1 78 5 view .LVU10
  81 006c 5968     		ldr	r1, [r3, #4]
  82 006e 21F04001 		bic	r1, r1, #64
  83 0072 5960     		str	r1, [r3, #4]
  79:Core/Src/kursach.c **** 
  80:Core/Src/kursach.c ****     /* NO PULL */
  81:Core/Src/kursach.c ****     CLEAR_BIT(GPIOA->PUPDR,
  84              		.loc 1 81 5 view .LVU11
  85 0074 D168     		ldr	r1, [r2, #12]
  86 0076 21F47F31 		bic	r1, r1, #261120
  87 007a D160     		str	r1, [r2, #12]
  82:Core/Src/kursach.c ****               GPIO_PUPDR_PUPD5_Msk |
  83:Core/Src/kursach.c ****               GPIO_PUPDR_PUPD6_Msk |
  84:Core/Src/kursach.c ****               GPIO_PUPDR_PUPD7_Msk |
  85:Core/Src/kursach.c ****               GPIO_PUPDR_PUPD8_Msk);
ARM GAS  C:\Users\VICTUS\AppData\Local\Temp\cc7rjVVV.s 			page 4


  86:Core/Src/kursach.c **** 
  87:Core/Src/kursach.c ****     CLEAR_BIT(GPIOB->PUPDR, GPIO_PUPDR_PUPD6_Msk);
  88              		.loc 1 87 5 view .LVU12
  89 007c DA68     		ldr	r2, [r3, #12]
  90 007e 22F44052 		bic	r2, r2, #12288
  91 0082 DA60     		str	r2, [r3, #12]
  88:Core/Src/kursach.c **** }
  92              		.loc 1 88 1 is_stmt 0 view .LVU13
  93 0084 7047     		bx	lr
  94              	.L3:
  95 0086 00BF     		.align	2
  96              	.L2:
  97 0088 00380240 		.word	1073887232
  98 008c 00040240 		.word	1073873920
  99              		.cfi_endproc
 100              	.LFE130:
 102              		.section	.text.RCC_Init,"ax",%progbits
 103              		.align	1
 104              		.global	RCC_Init
 105              		.syntax unified
 106              		.thumb
 107              		.thumb_func
 109              	RCC_Init:
 110              	.LFB131:
  89:Core/Src/kursach.c **** 
  90:Core/Src/kursach.c **** 
  91:Core/Src/kursach.c **** /* ===================== RCC ===================== */
  92:Core/Src/kursach.c **** void RCC_Init(void)
  93:Core/Src/kursach.c **** {
 111              		.loc 1 93 1 is_stmt 1 view -0
 112              		.cfi_startproc
 113              		@ args = 0, pretend = 0, frame = 0
 114              		@ frame_needed = 0, uses_anonymous_args = 0
 115              		@ link register save eliminated.
  94:Core/Src/kursach.c ****     MODIFY_REG(RCC->CR, RCC_CR_HSITRIM, 0x80U);
 116              		.loc 1 94 5 view .LVU15
 117 0000 384A     		ldr	r2, .L11
 118 0002 1368     		ldr	r3, [r2]
 119 0004 23F0F803 		bic	r3, r3, #248
 120 0008 43F08003 		orr	r3, r3, #128
 121 000c 1360     		str	r3, [r2]
  95:Core/Src/kursach.c ****     CLEAR_REG(RCC->CFGR);
 122              		.loc 1 95 5 view .LVU16
 123 000e 0023     		movs	r3, #0
 124 0010 9360     		str	r3, [r2, #8]
  96:Core/Src/kursach.c **** 
  97:Core/Src/kursach.c ****     while ((RCC->CFGR & RCC_CFGR_SWS_Msk) != RCC_CFGR_SWS_HSI);
 125              		.loc 1 97 5 view .LVU17
 126              	.L5:
 127              		.loc 1 97 43 discriminator 1 view .LVU18
 128              		.loc 1 97 16 is_stmt 0 discriminator 1 view .LVU19
 129 0012 344B     		ldr	r3, .L11
 130 0014 9B68     		ldr	r3, [r3, #8]
 131              		.loc 1 97 43 discriminator 1 view .LVU20
 132 0016 13F00C0F 		tst	r3, #12
 133 001a FAD1     		bne	.L5
  98:Core/Src/kursach.c **** 
ARM GAS  C:\Users\VICTUS\AppData\Local\Temp\cc7rjVVV.s 			page 5


  99:Core/Src/kursach.c ****     CLEAR_BIT(RCC->CR, RCC_CR_PLLON);
 134              		.loc 1 99 5 is_stmt 1 view .LVU21
 135 001c 314A     		ldr	r2, .L11
 136 001e 1368     		ldr	r3, [r2]
 137 0020 23F08073 		bic	r3, r3, #16777216
 138 0024 1360     		str	r3, [r2]
 100:Core/Src/kursach.c ****     while (READ_BIT(RCC->CR, RCC_CR_PLLRDY) != RESET);
 139              		.loc 1 100 5 view .LVU22
 140              	.L6:
 141              		.loc 1 100 45 discriminator 1 view .LVU23
 142              		.loc 1 100 12 is_stmt 0 discriminator 1 view .LVU24
 143 0026 2F4B     		ldr	r3, .L11
 144 0028 1B68     		ldr	r3, [r3]
 145              		.loc 1 100 45 discriminator 1 view .LVU25
 146 002a 13F0007F 		tst	r3, #33554432
 147 002e FAD1     		bne	.L6
 101:Core/Src/kursach.c **** 
 102:Core/Src/kursach.c ****     CLEAR_BIT(RCC->CR, RCC_CR_HSEON | RCC_CR_CSSON);
 148              		.loc 1 102 5 is_stmt 1 view .LVU26
 149 0030 2C4A     		ldr	r2, .L11
 150 0032 1368     		ldr	r3, [r2]
 151 0034 23F41023 		bic	r3, r3, #589824
 152 0038 1360     		str	r3, [r2]
 103:Core/Src/kursach.c ****     while (READ_BIT(RCC->CR, RCC_CR_HSERDY) != RESET);
 153              		.loc 1 103 5 view .LVU27
 154              	.L7:
 155              		.loc 1 103 45 discriminator 1 view .LVU28
 156              		.loc 1 103 12 is_stmt 0 discriminator 1 view .LVU29
 157 003a 2A4B     		ldr	r3, .L11
 158 003c 1B68     		ldr	r3, [r3]
 159              		.loc 1 103 45 discriminator 1 view .LVU30
 160 003e 13F4003F 		tst	r3, #131072
 161 0042 FAD1     		bne	.L7
 104:Core/Src/kursach.c **** 
 105:Core/Src/kursach.c ****     CLEAR_BIT(RCC->CR, RCC_CR_HSEBYP);
 162              		.loc 1 105 5 is_stmt 1 view .LVU31
 163 0044 274B     		ldr	r3, .L11
 164 0046 1A68     		ldr	r2, [r3]
 165 0048 22F48022 		bic	r2, r2, #262144
 166 004c 1A60     		str	r2, [r3]
 106:Core/Src/kursach.c **** 
 107:Core/Src/kursach.c ****     SET_BIT(RCC->CR, RCC_CR_HSEON);
 167              		.loc 1 107 5 view .LVU32
 168 004e 1A68     		ldr	r2, [r3]
 169 0050 42F48032 		orr	r2, r2, #65536
 170 0054 1A60     		str	r2, [r3]
 108:Core/Src/kursach.c ****     while (READ_BIT(RCC->CR, RCC_CR_HSERDY) == RESET);
 171              		.loc 1 108 5 view .LVU33
 172              	.L8:
 173              		.loc 1 108 45 discriminator 1 view .LVU34
 174              		.loc 1 108 12 is_stmt 0 discriminator 1 view .LVU35
 175 0056 234B     		ldr	r3, .L11
 176 0058 1B68     		ldr	r3, [r3]
 177              		.loc 1 108 45 discriminator 1 view .LVU36
 178 005a 13F4003F 		tst	r3, #131072
 179 005e FAD0     		beq	.L8
 109:Core/Src/kursach.c **** 
ARM GAS  C:\Users\VICTUS\AppData\Local\Temp\cc7rjVVV.s 			page 6


 110:Core/Src/kursach.c ****     MODIFY_REG(FLASH->ACR,
 180              		.loc 1 110 5 is_stmt 1 view .LVU37
 181 0060 214A     		ldr	r2, .L11+4
 182 0062 1368     		ldr	r3, [r2]
 183 0064 23F00703 		bic	r3, r3, #7
 184 0068 43F00503 		orr	r3, r3, #5
 185 006c 1360     		str	r3, [r2]
 111:Core/Src/kursach.c ****                FLASH_ACR_LATENCY_Msk,
 112:Core/Src/kursach.c ****                FLASH_ACR_LATENCY_5WS);
 113:Core/Src/kursach.c **** 
 114:Core/Src/kursach.c ****     CLEAR_REG(RCC->PLLCFGR);
 186              		.loc 1 114 5 view .LVU38
 187 006e 1D4B     		ldr	r3, .L11
 188 0070 0022     		movs	r2, #0
 189 0072 5A60     		str	r2, [r3, #4]
 115:Core/Src/kursach.c ****     SET_BIT(RCC->PLLCFGR, RCC_PLLCFGR_PLLSRC_HSE);
 190              		.loc 1 115 5 view .LVU39
 191 0074 5A68     		ldr	r2, [r3, #4]
 192 0076 42F48002 		orr	r2, r2, #4194304
 193 007a 5A60     		str	r2, [r3, #4]
 116:Core/Src/kursach.c **** 
 117:Core/Src/kursach.c ****     MODIFY_REG(RCC->PLLCFGR,
 194              		.loc 1 117 5 view .LVU40
 195 007c 5A68     		ldr	r2, [r3, #4]
 196 007e 22F03F02 		bic	r2, r2, #63
 197 0082 42F00402 		orr	r2, r2, #4
 198 0086 5A60     		str	r2, [r3, #4]
 118:Core/Src/kursach.c ****                RCC_PLLCFGR_PLLM_Msk,
 119:Core/Src/kursach.c ****                (4U << RCC_PLLCFGR_PLLM_Pos));
 120:Core/Src/kursach.c **** 
 121:Core/Src/kursach.c ****     MODIFY_REG(RCC->PLLCFGR,
 199              		.loc 1 121 5 view .LVU41
 200 0088 5A68     		ldr	r2, [r3, #4]
 201 008a 6FF38E12 		bfc	r2, #6, #9
 202 008e 42F4C852 		orr	r2, r2, #6400
 203 0092 5A60     		str	r2, [r3, #4]
 122:Core/Src/kursach.c ****                RCC_PLLCFGR_PLLN_Msk,
 123:Core/Src/kursach.c ****                (100U << RCC_PLLCFGR_PLLN_Pos));
 124:Core/Src/kursach.c **** 
 125:Core/Src/kursach.c ****     CLEAR_BIT(RCC->PLLCFGR, RCC_PLLCFGR_PLLP_Msk);
 204              		.loc 1 125 5 view .LVU42
 205 0094 5A68     		ldr	r2, [r3, #4]
 206 0096 22F44032 		bic	r2, r2, #196608
 207 009a 5A60     		str	r2, [r3, #4]
 126:Core/Src/kursach.c **** 
 127:Core/Src/kursach.c ****     MODIFY_REG(RCC->CFGR,
 208              		.loc 1 127 5 view .LVU43
 209 009c 9A68     		ldr	r2, [r3, #8]
 210 009e 22F47C42 		bic	r2, r2, #64512
 211 00a2 22F0F002 		bic	r2, r2, #240
 212 00a6 42F48052 		orr	r2, r2, #4096
 213 00aa 9A60     		str	r2, [r3, #8]
 128:Core/Src/kursach.c ****                RCC_CFGR_HPRE_Msk |
 129:Core/Src/kursach.c ****                RCC_CFGR_PPRE1_Msk |
 130:Core/Src/kursach.c ****                RCC_CFGR_PPRE2_Msk,
 131:Core/Src/kursach.c ****                RCC_CFGR_HPRE_DIV1 |
 132:Core/Src/kursach.c ****                RCC_CFGR_PPRE1_DIV2 |
ARM GAS  C:\Users\VICTUS\AppData\Local\Temp\cc7rjVVV.s 			page 7


 133:Core/Src/kursach.c ****                RCC_CFGR_PPRE2_DIV1);
 134:Core/Src/kursach.c **** 
 135:Core/Src/kursach.c ****     SET_BIT(RCC->CR, RCC_CR_PLLON);
 214              		.loc 1 135 5 view .LVU44
 215 00ac 1A68     		ldr	r2, [r3]
 216 00ae 42F08072 		orr	r2, r2, #16777216
 217 00b2 1A60     		str	r2, [r3]
 136:Core/Src/kursach.c ****     while (READ_BIT(RCC->CR, RCC_CR_PLLRDY) == RESET);
 218              		.loc 1 136 5 view .LVU45
 219              	.L9:
 220              		.loc 1 136 45 discriminator 1 view .LVU46
 221              		.loc 1 136 12 is_stmt 0 discriminator 1 view .LVU47
 222 00b4 0B4B     		ldr	r3, .L11
 223 00b6 1B68     		ldr	r3, [r3]
 224              		.loc 1 136 45 discriminator 1 view .LVU48
 225 00b8 13F0007F 		tst	r3, #33554432
 226 00bc FAD0     		beq	.L9
 137:Core/Src/kursach.c **** 
 138:Core/Src/kursach.c ****     MODIFY_REG(RCC->CFGR,
 227              		.loc 1 138 5 is_stmt 1 view .LVU49
 228 00be 094A     		ldr	r2, .L11
 229 00c0 9368     		ldr	r3, [r2, #8]
 230 00c2 23F00303 		bic	r3, r3, #3
 231 00c6 43F00203 		orr	r3, r3, #2
 232 00ca 9360     		str	r3, [r2, #8]
 139:Core/Src/kursach.c ****                RCC_CFGR_SW_Msk,
 140:Core/Src/kursach.c ****                RCC_CFGR_SW_PLL);
 141:Core/Src/kursach.c **** 
 142:Core/Src/kursach.c ****     while ((RCC->CFGR & RCC_CFGR_SWS_Msk) != RCC_CFGR_SWS_PLL);
 233              		.loc 1 142 5 view .LVU50
 234              	.L10:
 235              		.loc 1 142 43 discriminator 1 view .LVU51
 236              		.loc 1 142 16 is_stmt 0 discriminator 1 view .LVU52
 237 00cc 054B     		ldr	r3, .L11
 238 00ce 9B68     		ldr	r3, [r3, #8]
 239              		.loc 1 142 23 discriminator 1 view .LVU53
 240 00d0 03F00C03 		and	r3, r3, #12
 241              		.loc 1 142 43 discriminator 1 view .LVU54
 242 00d4 082B     		cmp	r3, #8
 243 00d6 F9D1     		bne	.L10
 143:Core/Src/kursach.c **** 
 144:Core/Src/kursach.c ****     SET_BIT(RCC->CR, RCC_CR_CSSON);
 244              		.loc 1 144 5 is_stmt 1 view .LVU55
 245 00d8 024A     		ldr	r2, .L11
 246 00da 1368     		ldr	r3, [r2]
 247 00dc 43F40023 		orr	r3, r3, #524288
 248 00e0 1360     		str	r3, [r2]
 145:Core/Src/kursach.c **** }
 249              		.loc 1 145 1 is_stmt 0 view .LVU56
 250 00e2 7047     		bx	lr
 251              	.L12:
 252              		.align	2
 253              	.L11:
 254 00e4 00380240 		.word	1073887232
 255 00e8 003C0240 		.word	1073888256
 256              		.cfi_endproc
 257              	.LFE131:
ARM GAS  C:\Users\VICTUS\AppData\Local\Temp\cc7rjVVV.s 			page 8


 259              		.section	.text.Motor_Forward,"ax",%progbits
 260              		.align	1
 261              		.global	Motor_Forward
 262              		.syntax unified
 263              		.thumb
 264              		.thumb_func
 266              	Motor_Forward:
 267              	.LFB132:
 146:Core/Src/kursach.c **** 
 147:Core/Src/kursach.c **** 
 148:Core/Src/kursach.c **** /* ===================== MOTOR ===================== */
 149:Core/Src/kursach.c **** void Motor_Forward(void)
 150:Core/Src/kursach.c **** {
 268              		.loc 1 150 1 is_stmt 1 view -0
 269              		.cfi_startproc
 270              		@ args = 0, pretend = 0, frame = 0
 271              		@ frame_needed = 0, uses_anonymous_args = 0
 272              		@ link register save eliminated.
 151:Core/Src/kursach.c ****     SET_BIT(GPIOA->ODR, GPIO_ODR_OD5);
 273              		.loc 1 151 5 view .LVU58
 274 0000 094B     		ldr	r3, .L14
 275 0002 5A69     		ldr	r2, [r3, #20]
 276 0004 42F02002 		orr	r2, r2, #32
 277 0008 5A61     		str	r2, [r3, #20]
 152:Core/Src/kursach.c ****     CLEAR_BIT(GPIOA->ODR, GPIO_ODR_OD6);
 278              		.loc 1 152 5 view .LVU59
 279 000a 5A69     		ldr	r2, [r3, #20]
 280 000c 22F04002 		bic	r2, r2, #64
 281 0010 5A61     		str	r2, [r3, #20]
 153:Core/Src/kursach.c **** 
 154:Core/Src/kursach.c ****     SET_BIT(GPIOB->ODR, GPIO_ODR_OD6);
 282              		.loc 1 154 5 view .LVU60
 283 0012 0649     		ldr	r1, .L14+4
 284 0014 4A69     		ldr	r2, [r1, #20]
 285 0016 42F04002 		orr	r2, r2, #64
 286 001a 4A61     		str	r2, [r1, #20]
 155:Core/Src/kursach.c ****     CLEAR_BIT(GPIOA->ODR, GPIO_ODR_OD7);
 287              		.loc 1 155 5 view .LVU61
 288 001c 5A69     		ldr	r2, [r3, #20]
 289 001e 22F08002 		bic	r2, r2, #128
 290 0022 5A61     		str	r2, [r3, #20]
 156:Core/Src/kursach.c **** }
 291              		.loc 1 156 1 is_stmt 0 view .LVU62
 292 0024 7047     		bx	lr
 293              	.L15:
 294 0026 00BF     		.align	2
 295              	.L14:
 296 0028 00000240 		.word	1073872896
 297 002c 00040240 		.word	1073873920
 298              		.cfi_endproc
 299              	.LFE132:
 301              		.section	.text.Motor_Stop,"ax",%progbits
 302              		.align	1
 303              		.global	Motor_Stop
 304              		.syntax unified
 305              		.thumb
 306              		.thumb_func
ARM GAS  C:\Users\VICTUS\AppData\Local\Temp\cc7rjVVV.s 			page 9


 308              	Motor_Stop:
 309              	.LFB133:
 157:Core/Src/kursach.c **** 
 158:Core/Src/kursach.c **** void Motor_Stop(void)
 159:Core/Src/kursach.c **** {
 310              		.loc 1 159 1 is_stmt 1 view -0
 311              		.cfi_startproc
 312              		@ args = 0, pretend = 0, frame = 0
 313              		@ frame_needed = 0, uses_anonymous_args = 0
 314              		@ link register save eliminated.
 160:Core/Src/kursach.c ****     CLEAR_BIT(GPIOA->ODR, GPIO_ODR_OD5);
 315              		.loc 1 160 5 view .LVU64
 316 0000 094B     		ldr	r3, .L17
 317 0002 5A69     		ldr	r2, [r3, #20]
 318 0004 22F02002 		bic	r2, r2, #32
 319 0008 5A61     		str	r2, [r3, #20]
 161:Core/Src/kursach.c ****     CLEAR_BIT(GPIOA->ODR, GPIO_ODR_OD6);
 320              		.loc 1 161 5 view .LVU65
 321 000a 5A69     		ldr	r2, [r3, #20]
 322 000c 22F04002 		bic	r2, r2, #64
 323 0010 5A61     		str	r2, [r3, #20]
 162:Core/Src/kursach.c ****     CLEAR_BIT(GPIOA->ODR, GPIO_ODR_OD7);
 324              		.loc 1 162 5 view .LVU66
 325 0012 5A69     		ldr	r2, [r3, #20]
 326 0014 22F08002 		bic	r2, r2, #128
 327 0018 5A61     		str	r2, [r3, #20]
 163:Core/Src/kursach.c ****     CLEAR_BIT(GPIOB->ODR, GPIO_ODR_OD6);
 328              		.loc 1 163 5 view .LVU67
 329 001a 044A     		ldr	r2, .L17+4
 330 001c 5369     		ldr	r3, [r2, #20]
 331 001e 23F04003 		bic	r3, r3, #64
 332 0022 5361     		str	r3, [r2, #20]
 164:Core/Src/kursach.c **** }
 333              		.loc 1 164 1 is_stmt 0 view .LVU68
 334 0024 7047     		bx	lr
 335              	.L18:
 336 0026 00BF     		.align	2
 337              	.L17:
 338 0028 00000240 		.word	1073872896
 339 002c 00040240 		.word	1073873920
 340              		.cfi_endproc
 341              	.LFE133:
 343              		.section	.text.ADC_Init,"ax",%progbits
 344              		.align	1
 345              		.global	ADC_Init
 346              		.syntax unified
 347              		.thumb
 348              		.thumb_func
 350              	ADC_Init:
 351              	.LFB134:
 165:Core/Src/kursach.c **** 
 166:Core/Src/kursach.c **** 
 167:Core/Src/kursach.c **** /* ===================== ADC ===================== */
 168:Core/Src/kursach.c **** void ADC_Init(void)
 169:Core/Src/kursach.c **** {
 352              		.loc 1 169 1 is_stmt 1 view -0
 353              		.cfi_startproc
ARM GAS  C:\Users\VICTUS\AppData\Local\Temp\cc7rjVVV.s 			page 10


 354              		@ args = 0, pretend = 0, frame = 0
 355              		@ frame_needed = 0, uses_anonymous_args = 0
 356              		@ link register save eliminated.
 170:Core/Src/kursach.c ****     SET_BIT(RCC->AHB1ENR, RCC_AHB1ENR_GPIOAEN);
 357              		.loc 1 170 5 view .LVU70
 358 0000 134B     		ldr	r3, .L20
 359 0002 1A6B     		ldr	r2, [r3, #48]
 360 0004 42F00102 		orr	r2, r2, #1
 361 0008 1A63     		str	r2, [r3, #48]
 171:Core/Src/kursach.c ****     SET_BIT(RCC->APB2ENR, RCC_APB2ENR_ADC1EN);
 362              		.loc 1 171 5 view .LVU71
 363 000a 5A6C     		ldr	r2, [r3, #68]
 364 000c 42F48072 		orr	r2, r2, #256
 365 0010 5A64     		str	r2, [r3, #68]
 172:Core/Src/kursach.c **** 
 173:Core/Src/kursach.c ****     MODIFY_REG(GPIOA->MODER,
 366              		.loc 1 173 5 view .LVU72
 367 0012 104A     		ldr	r2, .L20+4
 368 0014 1368     		ldr	r3, [r2]
 369 0016 43F44373 		orr	r3, r3, #780
 370 001a 43F00303 		orr	r3, r3, #3
 371 001e 1360     		str	r3, [r2]
 174:Core/Src/kursach.c ****                GPIO_MODER_MODER0_Msk |
 175:Core/Src/kursach.c ****                GPIO_MODER_MODER1_Msk |
 176:Core/Src/kursach.c ****                GPIO_MODER_MODER4_Msk,
 177:Core/Src/kursach.c ****                GPIO_MODER_MODER0_Msk |
 178:Core/Src/kursach.c ****                GPIO_MODER_MODER1_Msk |
 179:Core/Src/kursach.c ****                GPIO_MODER_MODER4_Msk);
 180:Core/Src/kursach.c **** 
 181:Core/Src/kursach.c ****     ADC1->CR1 = 0;
 372              		.loc 1 181 5 view .LVU73
 373              		.loc 1 181 15 is_stmt 0 view .LVU74
 374 0020 0D4B     		ldr	r3, .L20+8
 375 0022 0022     		movs	r2, #0
 376 0024 5A60     		str	r2, [r3, #4]
 182:Core/Src/kursach.c ****     ADC1->CR2 = 0;
 377              		.loc 1 182 5 is_stmt 1 view .LVU75
 378              		.loc 1 182 15 is_stmt 0 view .LVU76
 379 0026 9A60     		str	r2, [r3, #8]
 183:Core/Src/kursach.c ****     ADC1->SMPR1 = 0;
 380              		.loc 1 183 5 is_stmt 1 view .LVU77
 381              		.loc 1 183 17 is_stmt 0 view .LVU78
 382 0028 DA60     		str	r2, [r3, #12]
 184:Core/Src/kursach.c ****     ADC1->SMPR2 = 0;
 383              		.loc 1 184 5 is_stmt 1 view .LVU79
 384              		.loc 1 184 17 is_stmt 0 view .LVU80
 385 002a 1A61     		str	r2, [r3, #16]
 185:Core/Src/kursach.c ****     ADC1->SQR1 = 0;
 386              		.loc 1 185 5 is_stmt 1 view .LVU81
 387              		.loc 1 185 16 is_stmt 0 view .LVU82
 388 002c DA62     		str	r2, [r3, #44]
 186:Core/Src/kursach.c ****     ADC1->SQR2 = 0;
 389              		.loc 1 186 5 is_stmt 1 view .LVU83
 390              		.loc 1 186 16 is_stmt 0 view .LVU84
 391 002e 1A63     		str	r2, [r3, #48]
 187:Core/Src/kursach.c ****     ADC1->SQR3 = 0;
 392              		.loc 1 187 5 is_stmt 1 view .LVU85
ARM GAS  C:\Users\VICTUS\AppData\Local\Temp\cc7rjVVV.s 			page 11


 393              		.loc 1 187 16 is_stmt 0 view .LVU86
 394 0030 5A63     		str	r2, [r3, #52]
 188:Core/Src/kursach.c **** 
 189:Core/Src/kursach.c ****     MODIFY_REG(ADC1->SMPR2,
 395              		.loc 1 189 5 is_stmt 1 view .LVU87
 396 0032 1A69     		ldr	r2, [r3, #16]
 397 0034 22F4E042 		bic	r2, r2, #28672
 398 0038 22F03F02 		bic	r2, r2, #63
 399 003c 42F4C042 		orr	r2, r2, #24576
 400 0040 42F03602 		orr	r2, r2, #54
 401 0044 1A61     		str	r2, [r3, #16]
 190:Core/Src/kursach.c ****                ADC_SMPR2_SMP0_Msk |
 191:Core/Src/kursach.c ****                ADC_SMPR2_SMP1_Msk |
 192:Core/Src/kursach.c ****                ADC_SMPR2_SMP4_Msk,
 193:Core/Src/kursach.c ****                ADC_SMPR2_SMP0_2 | ADC_SMPR2_SMP0_1 |
 194:Core/Src/kursach.c ****                ADC_SMPR2_SMP1_2 | ADC_SMPR2_SMP1_1 |
 195:Core/Src/kursach.c ****                ADC_SMPR2_SMP4_2 | ADC_SMPR2_SMP4_1);
 196:Core/Src/kursach.c **** 
 197:Core/Src/kursach.c ****     SET_BIT(ADC1->CR2, ADC_CR2_ADON);
 402              		.loc 1 197 5 view .LVU88
 403 0046 9A68     		ldr	r2, [r3, #8]
 404 0048 42F00102 		orr	r2, r2, #1
 405 004c 9A60     		str	r2, [r3, #8]
 198:Core/Src/kursach.c **** }
 406              		.loc 1 198 1 is_stmt 0 view .LVU89
 407 004e 7047     		bx	lr
 408              	.L21:
 409              		.align	2
 410              	.L20:
 411 0050 00380240 		.word	1073887232
 412 0054 00000240 		.word	1073872896
 413 0058 00200140 		.word	1073815552
 414              		.cfi_endproc
 415              	.LFE134:
 417              		.section	.text.ADC_Read,"ax",%progbits
 418              		.align	1
 419              		.global	ADC_Read
 420              		.syntax unified
 421              		.thumb
 422              		.thumb_func
 424              	ADC_Read:
 425              	.LVL0:
 426              	.LFB135:
 199:Core/Src/kursach.c **** 
 200:Core/Src/kursach.c **** uint16_t ADC_Read(uint8_t channel)
 201:Core/Src/kursach.c **** {
 427              		.loc 1 201 1 is_stmt 1 view -0
 428              		.cfi_startproc
 429              		@ args = 0, pretend = 0, frame = 0
 430              		@ frame_needed = 0, uses_anonymous_args = 0
 431              		@ link register save eliminated.
 202:Core/Src/kursach.c ****     MODIFY_REG(ADC1->SQR3, ADC_SQR3_SQ1_Msk, channel);
 432              		.loc 1 202 5 view .LVU91
 433 0000 094B     		ldr	r3, .L24
 434 0002 5A6B     		ldr	r2, [r3, #52]
 435 0004 22F01F02 		bic	r2, r2, #31
 436 0008 1043     		orrs	r0, r0, r2
ARM GAS  C:\Users\VICTUS\AppData\Local\Temp\cc7rjVVV.s 			page 12


 437              	.LVL1:
 438              		.loc 1 202 5 is_stmt 0 view .LVU92
 439 000a 5863     		str	r0, [r3, #52]
 203:Core/Src/kursach.c ****     SET_BIT(ADC1->CR2, ADC_CR2_SWSTART);
 440              		.loc 1 203 5 is_stmt 1 view .LVU93
 441 000c 9A68     		ldr	r2, [r3, #8]
 442 000e 42F08042 		orr	r2, r2, #1073741824
 443 0012 9A60     		str	r2, [r3, #8]
 204:Core/Src/kursach.c ****     while (!(ADC1->SR & ADC_SR_EOC));
 444              		.loc 1 204 5 view .LVU94
 445              	.L23:
 446              		.loc 1 204 12 discriminator 1 view .LVU95
 447              		.loc 1 204 18 is_stmt 0 discriminator 1 view .LVU96
 448 0014 044B     		ldr	r3, .L24
 449 0016 1B68     		ldr	r3, [r3]
 450              		.loc 1 204 12 discriminator 1 view .LVU97
 451 0018 13F0020F 		tst	r3, #2
 452 001c FAD0     		beq	.L23
 205:Core/Src/kursach.c ****     return ADC1->DR;
 453              		.loc 1 205 5 is_stmt 1 view .LVU98
 454              		.loc 1 205 16 is_stmt 0 view .LVU99
 455 001e 024B     		ldr	r3, .L24
 456 0020 D86C     		ldr	r0, [r3, #76]
 206:Core/Src/kursach.c **** }
 457              		.loc 1 206 1 view .LVU100
 458 0022 80B2     		uxth	r0, r0
 459 0024 7047     		bx	lr
 460              	.L25:
 461 0026 00BF     		.align	2
 462              	.L24:
 463 0028 00200140 		.word	1073815552
 464              		.cfi_endproc
 465              	.LFE135:
 467              		.section	.text.LineSensors_ReadADC,"ax",%progbits
 468              		.align	1
 469              		.global	LineSensors_ReadADC
 470              		.syntax unified
 471              		.thumb
 472              		.thumb_func
 474              	LineSensors_ReadADC:
 475              	.LFB136:
 207:Core/Src/kursach.c **** 
 208:Core/Src/kursach.c **** void LineSensors_ReadADC(void)
 209:Core/Src/kursach.c **** {
 476              		.loc 1 209 1 is_stmt 1 view -0
 477              		.cfi_startproc
 478              		@ args = 0, pretend = 0, frame = 0
 479              		@ frame_needed = 0, uses_anonymous_args = 0
 480 0000 08B5     		push	{r3, lr}
 481              	.LCFI0:
 482              		.cfi_def_cfa_offset 8
 483              		.cfi_offset 3, -8
 484              		.cfi_offset 14, -4
 210:Core/Src/kursach.c ****     adc_left   = ADC_Read(0);
 485              		.loc 1 210 5 view .LVU102
 486              		.loc 1 210 18 is_stmt 0 view .LVU103
 487 0002 0020     		movs	r0, #0
ARM GAS  C:\Users\VICTUS\AppData\Local\Temp\cc7rjVVV.s 			page 13


 488 0004 FFF7FEFF 		bl	ADC_Read
 489              	.LVL2:
 490              		.loc 1 210 16 discriminator 1 view .LVU104
 491 0008 064B     		ldr	r3, .L28
 492 000a 1880     		strh	r0, [r3]	@ movhi
 211:Core/Src/kursach.c ****     adc_center = ADC_Read(1);
 493              		.loc 1 211 5 is_stmt 1 view .LVU105
 494              		.loc 1 211 18 is_stmt 0 view .LVU106
 495 000c 0120     		movs	r0, #1
 496 000e FFF7FEFF 		bl	ADC_Read
 497              	.LVL3:
 498              		.loc 1 211 16 discriminator 1 view .LVU107
 499 0012 054B     		ldr	r3, .L28+4
 500 0014 1880     		strh	r0, [r3]	@ movhi
 212:Core/Src/kursach.c ****     adc_right  = ADC_Read(4);
 501              		.loc 1 212 5 is_stmt 1 view .LVU108
 502              		.loc 1 212 18 is_stmt 0 view .LVU109
 503 0016 0420     		movs	r0, #4
 504 0018 FFF7FEFF 		bl	ADC_Read
 505              	.LVL4:
 506              		.loc 1 212 16 discriminator 1 view .LVU110
 507 001c 034B     		ldr	r3, .L28+8
 508 001e 1880     		strh	r0, [r3]	@ movhi
 213:Core/Src/kursach.c **** }
 509              		.loc 1 213 1 view .LVU111
 510 0020 08BD     		pop	{r3, pc}
 511              	.L29:
 512 0022 00BF     		.align	2
 513              	.L28:
 514 0024 00000000 		.word	adc_left
 515 0028 00000000 		.word	adc_center
 516 002c 00000000 		.word	adc_right
 517              		.cfi_endproc
 518              	.LFE136:
 520              		.section	.text.Btn_Left,"ax",%progbits
 521              		.align	1
 522              		.global	Btn_Left
 523              		.syntax unified
 524              		.thumb
 525              		.thumb_func
 527              	Btn_Left:
 528              	.LFB137:
 214:Core/Src/kursach.c **** 
 215:Core/Src/kursach.c **** 
 216:Core/Src/kursach.c **** /* ===================== BUTTONS (NEW) ===================== */
 217:Core/Src/kursach.c **** uint8_t Btn_Left()   { return !(GPIOB->IDR & GPIO_IDR_ID10); }
 529              		.loc 1 217 22 is_stmt 1 view -0
 530              		.cfi_startproc
 531              		@ args = 0, pretend = 0, frame = 0
 532              		@ frame_needed = 0, uses_anonymous_args = 0
 533              		@ link register save eliminated.
 534              		.loc 1 217 24 view .LVU113
 535              		.loc 1 217 38 is_stmt 0 view .LVU114
 536 0000 034B     		ldr	r3, .L31
 537 0002 1B69     		ldr	r3, [r3, #16]
 538              		.loc 1 217 31 view .LVU115
 539 0004 13F4806F 		tst	r3, #1024
ARM GAS  C:\Users\VICTUS\AppData\Local\Temp\cc7rjVVV.s 			page 14


 540              		.loc 1 217 62 view .LVU116
 541 0008 0CBF     		ite	eq
 542 000a 0120     		moveq	r0, #1
 543 000c 0020     		movne	r0, #0
 544 000e 7047     		bx	lr
 545              	.L32:
 546              		.align	2
 547              	.L31:
 548 0010 00040240 		.word	1073873920
 549              		.cfi_endproc
 550              	.LFE137:
 552              		.section	.text.Btn_Center,"ax",%progbits
 553              		.align	1
 554              		.global	Btn_Center
 555              		.syntax unified
 556              		.thumb
 557              		.thumb_func
 559              	Btn_Center:
 560              	.LFB138:
 218:Core/Src/kursach.c **** uint8_t Btn_Center() { return !(GPIOB->IDR & GPIO_IDR_ID4); }
 561              		.loc 1 218 22 is_stmt 1 view -0
 562              		.cfi_startproc
 563              		@ args = 0, pretend = 0, frame = 0
 564              		@ frame_needed = 0, uses_anonymous_args = 0
 565              		@ link register save eliminated.
 566              		.loc 1 218 24 view .LVU118
 567              		.loc 1 218 38 is_stmt 0 view .LVU119
 568 0000 034B     		ldr	r3, .L34
 569 0002 1B69     		ldr	r3, [r3, #16]
 570              		.loc 1 218 31 view .LVU120
 571 0004 13F0100F 		tst	r3, #16
 572              		.loc 1 218 61 view .LVU121
 573 0008 0CBF     		ite	eq
 574 000a 0120     		moveq	r0, #1
 575 000c 0020     		movne	r0, #0
 576 000e 7047     		bx	lr
 577              	.L35:
 578              		.align	2
 579              	.L34:
 580 0010 00040240 		.word	1073873920
 581              		.cfi_endproc
 582              	.LFE138:
 584              		.section	.text.Btn_Right,"ax",%progbits
 585              		.align	1
 586              		.global	Btn_Right
 587              		.syntax unified
 588              		.thumb
 589              		.thumb_func
 591              	Btn_Right:
 592              	.LFB139:
 219:Core/Src/kursach.c **** uint8_t Btn_Right()  { return !(GPIOB->IDR & GPIO_IDR_ID5); }
 593              		.loc 1 219 22 is_stmt 1 view -0
 594              		.cfi_startproc
 595              		@ args = 0, pretend = 0, frame = 0
 596              		@ frame_needed = 0, uses_anonymous_args = 0
 597              		@ link register save eliminated.
 598              		.loc 1 219 24 view .LVU123
ARM GAS  C:\Users\VICTUS\AppData\Local\Temp\cc7rjVVV.s 			page 15


 599              		.loc 1 219 38 is_stmt 0 view .LVU124
 600 0000 034B     		ldr	r3, .L37
 601 0002 1B69     		ldr	r3, [r3, #16]
 602              		.loc 1 219 31 view .LVU125
 603 0004 13F0200F 		tst	r3, #32
 604              		.loc 1 219 61 view .LVU126
 605 0008 0CBF     		ite	eq
 606 000a 0120     		moveq	r0, #1
 607 000c 0020     		movne	r0, #0
 608 000e 7047     		bx	lr
 609              	.L38:
 610              		.align	2
 611              	.L37:
 612 0010 00040240 		.word	1073873920
 613              		.cfi_endproc
 614              	.LFE139:
 616              		.section	.text.delay,"ax",%progbits
 617              		.align	1
 618              		.global	delay
 619              		.syntax unified
 620              		.thumb
 621              		.thumb_func
 623              	delay:
 624              	.LVL5:
 625              	.LFB140:
 220:Core/Src/kursach.c **** 
 221:Core/Src/kursach.c **** 
 222:Core/Src/kursach.c **** /* ===================== DELAY ===================== */
 223:Core/Src/kursach.c **** void delay(volatile uint32_t t)
 224:Core/Src/kursach.c **** {
 626              		.loc 1 224 1 is_stmt 1 view -0
 627              		.cfi_startproc
 628              		@ args = 0, pretend = 0, frame = 8
 629              		@ frame_needed = 0, uses_anonymous_args = 0
 630              		@ link register save eliminated.
 631              		.loc 1 224 1 is_stmt 0 view .LVU128
 632 0000 82B0     		sub	sp, sp, #8
 633              	.LCFI1:
 634              		.cfi_def_cfa_offset 8
 635 0002 0190     		str	r0, [sp, #4]
 225:Core/Src/kursach.c ****     while (t--);
 636              		.loc 1 225 5 is_stmt 1 view .LVU129
 637              	.L40:
 638              		.loc 1 225 12 discriminator 1 view .LVU130
 639              		.loc 1 225 13 is_stmt 0 discriminator 1 view .LVU131
 640 0004 019B     		ldr	r3, [sp, #4]
 641 0006 5A1E     		subs	r2, r3, #1
 642 0008 0192     		str	r2, [sp, #4]
 643              		.loc 1 225 12 discriminator 1 view .LVU132
 644 000a 002B     		cmp	r3, #0
 645 000c FAD1     		bne	.L40
 226:Core/Src/kursach.c **** }
 646              		.loc 1 226 1 view .LVU133
 647 000e 02B0     		add	sp, sp, #8
 648              	.LCFI2:
 649              		.cfi_def_cfa_offset 0
 650              		@ sp needed
ARM GAS  C:\Users\VICTUS\AppData\Local\Temp\cc7rjVVV.s 			page 16


 651 0010 7047     		bx	lr
 652              		.cfi_endproc
 653              	.LFE140:
 655              		.section	.text.Calibration_Process,"ax",%progbits
 656              		.align	1
 657              		.global	Calibration_Process
 658              		.syntax unified
 659              		.thumb
 660              		.thumb_func
 662              	Calibration_Process:
 663              	.LFB141:
 227:Core/Src/kursach.c **** 
 228:Core/Src/kursach.c **** 
 229:Core/Src/kursach.c **** 
 230:Core/Src/kursach.c **** 
 231:Core/Src/kursach.c **** /* ===================== CALIBRATION ===================== */
 232:Core/Src/kursach.c **** void Calibration_Process(void)
 233:Core/Src/kursach.c **** {
 664              		.loc 1 233 1 is_stmt 1 view -0
 665              		.cfi_startproc
 666              		@ args = 0, pretend = 0, frame = 0
 667              		@ frame_needed = 0, uses_anonymous_args = 0
 668 0000 08B5     		push	{r3, lr}
 669              	.LCFI3:
 670              		.cfi_def_cfa_offset 8
 671              		.cfi_offset 3, -8
 672              		.cfi_offset 14, -4
 234:Core/Src/kursach.c ****     static uint8_t last = 0;
 673              		.loc 1 234 5 view .LVU135
 235:Core/Src/kursach.c **** 
 236:Core/Src/kursach.c ****     LineSensors_ReadADC();
 674              		.loc 1 236 5 view .LVU136
 675 0002 FFF7FEFF 		bl	LineSensors_ReadADC
 676              	.LVL6:
 237:Core/Src/kursach.c **** 
 238:Core/Src/kursach.c ****     uint8_t btn =
 677              		.loc 1 238 5 view .LVU137
 239:Core/Src/kursach.c ****         Btn_Left() ||
 678              		.loc 1 239 9 is_stmt 0 view .LVU138
 679 0006 FFF7FEFF 		bl	Btn_Left
 680              	.LVL7:
 240:Core/Src/kursach.c ****         Btn_Center() ||
 681              		.loc 1 240 22 view .LVU139
 682 000a 30B1     		cbz	r0, .L60
 683              	.L43:
 684              	.LVL8:
 241:Core/Src/kursach.c ****         Btn_Right();
 242:Core/Src/kursach.c **** 
 243:Core/Src/kursach.c ****     if (btn && !last)
 685              		.loc 1 243 5 is_stmt 1 view .LVU140
 686              		.loc 1 243 16 is_stmt 0 discriminator 1 view .LVU141
 687 000c 344B     		ldr	r3, .L65
 688 000e 1B78     		ldrb	r3, [r3]	@ zero_extendqisi2
 689              		.loc 1 243 13 discriminator 1 view .LVU142
 690 0010 6BB1     		cbz	r3, .L61
 238:Core/Src/kursach.c ****         Btn_Left() ||
 691              		.loc 1 238 13 view .LVU143
ARM GAS  C:\Users\VICTUS\AppData\Local\Temp\cc7rjVVV.s 			page 17


 692 0012 0123     		movs	r3, #1
 693              	.LVL9:
 694              	.L44:
 244:Core/Src/kursach.c ****     {
 245:Core/Src/kursach.c ****         uint16_t val;
 246:Core/Src/kursach.c **** 
 247:Core/Src/kursach.c ****         /* какой датчик нажали */
 248:Core/Src/kursach.c ****         if (Btn_Left()) sensor_id = 0;
 249:Core/Src/kursach.c ****         else if (Btn_Center()) sensor_id = 1;
 250:Core/Src/kursach.c ****         else if (Btn_Right()) sensor_id = 2;
 251:Core/Src/kursach.c **** 
 252:Core/Src/kursach.c ****         /* значение датчика */
 253:Core/Src/kursach.c ****         if (sensor_id == 0) val = adc_left;
 254:Core/Src/kursach.c ****         else if (sensor_id == 1) val = adc_center;
 255:Core/Src/kursach.c ****         else val = adc_right;
 256:Core/Src/kursach.c **** 
 257:Core/Src/kursach.c ****         /* ---------- MIN ---------- */
 258:Core/Src/kursach.c ****         if (calib_stage == 0)
 259:Core/Src/kursach.c ****         {
 260:Core/Src/kursach.c ****             if (sensor_id == 0) min_left = val;
 261:Core/Src/kursach.c ****             else if (sensor_id == 1) min_center = val;
 262:Core/Src/kursach.c ****             else min_right = val;
 263:Core/Src/kursach.c **** 
 264:Core/Src/kursach.c ****             calib_stage = 1;
 265:Core/Src/kursach.c ****         }
 266:Core/Src/kursach.c **** 
 267:Core/Src/kursach.c ****         /* ---------- MAX ---------- */
 268:Core/Src/kursach.c ****         else
 269:Core/Src/kursach.c ****         {
 270:Core/Src/kursach.c ****             if (sensor_id == 0)
 271:Core/Src/kursach.c ****             {
 272:Core/Src/kursach.c ****                 max_left = val;
 273:Core/Src/kursach.c ****                 thr_left = (min_left + max_left) / 2;
 274:Core/Src/kursach.c ****             }
 275:Core/Src/kursach.c ****             else if (sensor_id == 1)
 276:Core/Src/kursach.c ****             {
 277:Core/Src/kursach.c ****                 max_center = val;
 278:Core/Src/kursach.c ****                 thr_center = (min_center + max_center) / 2;
 279:Core/Src/kursach.c ****             }
 280:Core/Src/kursach.c ****             else
 281:Core/Src/kursach.c ****             {
 282:Core/Src/kursach.c ****                 max_right = val;
 283:Core/Src/kursach.c ****                 thr_right = (min_right + max_right) / 2;
 284:Core/Src/kursach.c ****             }
 285:Core/Src/kursach.c **** 
 286:Core/Src/kursach.c ****             calib_stage = 0;
 287:Core/Src/kursach.c ****         }
 288:Core/Src/kursach.c ****     }
 289:Core/Src/kursach.c **** 
 290:Core/Src/kursach.c ****     last = btn;
 695              		.loc 1 290 5 is_stmt 1 view .LVU144
 696              		.loc 1 290 10 is_stmt 0 view .LVU145
 697 0014 324A     		ldr	r2, .L65
 698 0016 1370     		strb	r3, [r2]
 291:Core/Src/kursach.c **** }
 699              		.loc 1 291 1 view .LVU146
 700 0018 08BD     		pop	{r3, pc}
ARM GAS  C:\Users\VICTUS\AppData\Local\Temp\cc7rjVVV.s 			page 18


 701              	.L60:
 240:Core/Src/kursach.c ****         Btn_Right();
 702              		.loc 1 240 9 discriminator 2 view .LVU147
 703 001a FFF7FEFF 		bl	Btn_Center
 704              	.LVL10:
 239:Core/Src/kursach.c ****         Btn_Center() ||
 705              		.loc 1 239 20 view .LVU148
 706 001e 0028     		cmp	r0, #0
 707 0020 F4D1     		bne	.L43
 241:Core/Src/kursach.c **** 
 708              		.loc 1 241 9 view .LVU149
 709 0022 FFF7FEFF 		bl	Btn_Right
 710              	.LVL11:
 240:Core/Src/kursach.c ****         Btn_Right();
 711              		.loc 1 240 22 discriminator 3 view .LVU150
 712 0026 0346     		mov	r3, r0
 713 0028 0028     		cmp	r0, #0
 714 002a F3D0     		beq	.L44
 715 002c EEE7     		b	.L43
 716              	.LVL12:
 717              	.L61:
 718              	.LBB2:
 245:Core/Src/kursach.c **** 
 719              		.loc 1 245 9 is_stmt 1 view .LVU151
 248:Core/Src/kursach.c ****         else if (Btn_Center()) sensor_id = 1;
 720              		.loc 1 248 9 view .LVU152
 248:Core/Src/kursach.c ****         else if (Btn_Center()) sensor_id = 1;
 721              		.loc 1 248 13 is_stmt 0 view .LVU153
 722 002e FFF7FEFF 		bl	Btn_Left
 723              	.LVL13:
 248:Core/Src/kursach.c ****         else if (Btn_Center()) sensor_id = 1;
 724              		.loc 1 248 12 discriminator 1 view .LVU154
 725 0032 90B1     		cbz	r0, .L45
 248:Core/Src/kursach.c ****         else if (Btn_Center()) sensor_id = 1;
 726              		.loc 1 248 25 is_stmt 1 discriminator 1 view .LVU155
 248:Core/Src/kursach.c ****         else if (Btn_Center()) sensor_id = 1;
 727              		.loc 1 248 35 is_stmt 0 discriminator 1 view .LVU156
 728 0034 2B4B     		ldr	r3, .L65+4
 729 0036 0022     		movs	r2, #0
 730 0038 1A70     		strb	r2, [r3]
 731              	.L46:
 253:Core/Src/kursach.c ****         else if (sensor_id == 1) val = adc_center;
 732              		.loc 1 253 9 is_stmt 1 view .LVU157
 253:Core/Src/kursach.c ****         else if (sensor_id == 1) val = adc_center;
 733              		.loc 1 253 23 is_stmt 0 view .LVU158
 734 003a 2A4B     		ldr	r3, .L65+4
 735 003c 1A78     		ldrb	r2, [r3]	@ zero_extendqisi2
 253:Core/Src/kursach.c ****         else if (sensor_id == 1) val = adc_center;
 736              		.loc 1 253 12 view .LVU159
 737 003e DAB9     		cbnz	r2, .L48
 253:Core/Src/kursach.c ****         else if (sensor_id == 1) val = adc_center;
 738              		.loc 1 253 29 is_stmt 1 discriminator 1 view .LVU160
 253:Core/Src/kursach.c ****         else if (sensor_id == 1) val = adc_center;
 739              		.loc 1 253 33 is_stmt 0 discriminator 1 view .LVU161
 740 0040 294B     		ldr	r3, .L65+8
 741 0042 1B88     		ldrh	r3, [r3]
 742 0044 9BB2     		uxth	r3, r3
ARM GAS  C:\Users\VICTUS\AppData\Local\Temp\cc7rjVVV.s 			page 19


 743              	.LVL14:
 744              	.L49:
 258:Core/Src/kursach.c ****         {
 745              		.loc 1 258 9 is_stmt 1 view .LVU162
 258:Core/Src/kursach.c ****         {
 746              		.loc 1 258 25 is_stmt 0 view .LVU163
 747 0046 2949     		ldr	r1, .L65+12
 748 0048 0978     		ldrb	r1, [r1]	@ zero_extendqisi2
 258:Core/Src/kursach.c ****         {
 749              		.loc 1 258 12 view .LVU164
 750 004a 39BB     		cbnz	r1, .L51
 260:Core/Src/kursach.c ****             else if (sensor_id == 1) min_center = val;
 751              		.loc 1 260 13 is_stmt 1 view .LVU165
 260:Core/Src/kursach.c ****             else if (sensor_id == 1) min_center = val;
 752              		.loc 1 260 16 is_stmt 0 view .LVU166
 753 004c F2B9     		cbnz	r2, .L52
 260:Core/Src/kursach.c ****             else if (sensor_id == 1) min_center = val;
 754              		.loc 1 260 33 is_stmt 1 discriminator 1 view .LVU167
 260:Core/Src/kursach.c ****             else if (sensor_id == 1) min_center = val;
 755              		.loc 1 260 42 is_stmt 0 discriminator 1 view .LVU168
 756 004e 284A     		ldr	r2, .L65+16
 757 0050 1380     		strh	r3, [r2]	@ movhi
 758              	.L53:
 264:Core/Src/kursach.c ****         }
 759              		.loc 1 264 13 is_stmt 1 view .LVU169
 264:Core/Src/kursach.c ****         }
 760              		.loc 1 264 25 is_stmt 0 view .LVU170
 761 0052 0123     		movs	r3, #1
 762              	.LVL15:
 264:Core/Src/kursach.c ****         }
 763              		.loc 1 264 25 view .LVU171
 764 0054 254A     		ldr	r2, .L65+12
 765 0056 1370     		strb	r3, [r2]
 766 0058 DCE7     		b	.L44
 767              	.LVL16:
 768              	.L45:
 249:Core/Src/kursach.c ****         else if (Btn_Right()) sensor_id = 2;
 769              		.loc 1 249 14 is_stmt 1 view .LVU172
 249:Core/Src/kursach.c ****         else if (Btn_Right()) sensor_id = 2;
 770              		.loc 1 249 18 is_stmt 0 view .LVU173
 771 005a FFF7FEFF 		bl	Btn_Center
 772              	.LVL17:
 249:Core/Src/kursach.c ****         else if (Btn_Right()) sensor_id = 2;
 773              		.loc 1 249 17 discriminator 1 view .LVU174
 774 005e 18B1     		cbz	r0, .L47
 249:Core/Src/kursach.c ****         else if (Btn_Right()) sensor_id = 2;
 775              		.loc 1 249 32 is_stmt 1 discriminator 1 view .LVU175
 249:Core/Src/kursach.c ****         else if (Btn_Right()) sensor_id = 2;
 776              		.loc 1 249 42 is_stmt 0 discriminator 1 view .LVU176
 777 0060 204B     		ldr	r3, .L65+4
 778 0062 0122     		movs	r2, #1
 779 0064 1A70     		strb	r2, [r3]
 780 0066 E8E7     		b	.L46
 781              	.L47:
 250:Core/Src/kursach.c **** 
 782              		.loc 1 250 14 is_stmt 1 view .LVU177
 250:Core/Src/kursach.c **** 
ARM GAS  C:\Users\VICTUS\AppData\Local\Temp\cc7rjVVV.s 			page 20


 783              		.loc 1 250 18 is_stmt 0 view .LVU178
 784 0068 FFF7FEFF 		bl	Btn_Right
 785              	.LVL18:
 250:Core/Src/kursach.c **** 
 786              		.loc 1 250 17 discriminator 1 view .LVU179
 787 006c 0028     		cmp	r0, #0
 788 006e E4D0     		beq	.L46
 250:Core/Src/kursach.c **** 
 789              		.loc 1 250 31 is_stmt 1 discriminator 1 view .LVU180
 250:Core/Src/kursach.c **** 
 790              		.loc 1 250 41 is_stmt 0 discriminator 1 view .LVU181
 791 0070 1C4B     		ldr	r3, .L65+4
 792 0072 0222     		movs	r2, #2
 793 0074 1A70     		strb	r2, [r3]
 794 0076 E0E7     		b	.L46
 795              	.L48:
 254:Core/Src/kursach.c ****         else val = adc_right;
 796              		.loc 1 254 14 is_stmt 1 view .LVU182
 254:Core/Src/kursach.c ****         else val = adc_right;
 797              		.loc 1 254 17 is_stmt 0 view .LVU183
 798 0078 012A     		cmp	r2, #1
 799 007a 03D0     		beq	.L62
 255:Core/Src/kursach.c **** 
 800              		.loc 1 255 14 is_stmt 1 view .LVU184
 255:Core/Src/kursach.c **** 
 801              		.loc 1 255 18 is_stmt 0 view .LVU185
 802 007c 1D4B     		ldr	r3, .L65+20
 803 007e 1B88     		ldrh	r3, [r3]
 804 0080 9BB2     		uxth	r3, r3
 805              	.LVL19:
 255:Core/Src/kursach.c **** 
 806              		.loc 1 255 18 view .LVU186
 807 0082 E0E7     		b	.L49
 808              	.LVL20:
 809              	.L62:
 254:Core/Src/kursach.c ****         else val = adc_right;
 810              		.loc 1 254 34 is_stmt 1 discriminator 1 view .LVU187
 254:Core/Src/kursach.c ****         else val = adc_right;
 811              		.loc 1 254 38 is_stmt 0 discriminator 1 view .LVU188
 812 0084 1C4B     		ldr	r3, .L65+24
 813 0086 1B88     		ldrh	r3, [r3]
 814 0088 9BB2     		uxth	r3, r3
 815              	.LVL21:
 254:Core/Src/kursach.c ****         else val = adc_right;
 816              		.loc 1 254 38 discriminator 1 view .LVU189
 817 008a DCE7     		b	.L49
 818              	.L52:
 261:Core/Src/kursach.c ****             else min_right = val;
 819              		.loc 1 261 18 is_stmt 1 view .LVU190
 261:Core/Src/kursach.c ****             else min_right = val;
 820              		.loc 1 261 21 is_stmt 0 view .LVU191
 821 008c 012A     		cmp	r2, #1
 822 008e 02D0     		beq	.L63
 262:Core/Src/kursach.c **** 
 823              		.loc 1 262 18 is_stmt 1 view .LVU192
 262:Core/Src/kursach.c **** 
 824              		.loc 1 262 28 is_stmt 0 view .LVU193
ARM GAS  C:\Users\VICTUS\AppData\Local\Temp\cc7rjVVV.s 			page 21


 825 0090 1A4A     		ldr	r2, .L65+28
 826 0092 1380     		strh	r3, [r2]	@ movhi
 827 0094 DDE7     		b	.L53
 828              	.L63:
 261:Core/Src/kursach.c ****             else min_right = val;
 829              		.loc 1 261 38 is_stmt 1 discriminator 1 view .LVU194
 261:Core/Src/kursach.c ****             else min_right = val;
 830              		.loc 1 261 49 is_stmt 0 discriminator 1 view .LVU195
 831 0096 1A4A     		ldr	r2, .L65+32
 832 0098 1380     		strh	r3, [r2]	@ movhi
 833 009a DAE7     		b	.L53
 834              	.L51:
 270:Core/Src/kursach.c ****             {
 835              		.loc 1 270 13 is_stmt 1 view .LVU196
 270:Core/Src/kursach.c ****             {
 836              		.loc 1 270 16 is_stmt 0 view .LVU197
 837 009c 62B9     		cbnz	r2, .L55
 272:Core/Src/kursach.c ****                 thr_left = (min_left + max_left) / 2;
 838              		.loc 1 272 17 is_stmt 1 view .LVU198
 272:Core/Src/kursach.c ****                 thr_left = (min_left + max_left) / 2;
 839              		.loc 1 272 26 is_stmt 0 view .LVU199
 840 009e 194A     		ldr	r2, .L65+36
 841 00a0 1380     		strh	r3, [r2]	@ movhi
 273:Core/Src/kursach.c ****             }
 842              		.loc 1 273 17 is_stmt 1 view .LVU200
 273:Core/Src/kursach.c ****             }
 843              		.loc 1 273 38 is_stmt 0 view .LVU201
 844 00a2 134A     		ldr	r2, .L65+16
 845 00a4 1288     		ldrh	r2, [r2]
 273:Core/Src/kursach.c ****             }
 846              		.loc 1 273 50 view .LVU202
 847 00a6 1344     		add	r3, r3, r2
 848              	.LVL22:
 273:Core/Src/kursach.c ****             }
 849              		.loc 1 273 50 view .LVU203
 850 00a8 5B10     		asrs	r3, r3, #1
 273:Core/Src/kursach.c ****             }
 851              		.loc 1 273 26 view .LVU204
 852 00aa 174A     		ldr	r2, .L65+40
 853 00ac 1380     		strh	r3, [r2]	@ movhi
 854              	.LVL23:
 855              	.L56:
 286:Core/Src/kursach.c ****         }
 856              		.loc 1 286 13 is_stmt 1 view .LVU205
 286:Core/Src/kursach.c ****         }
 857              		.loc 1 286 25 is_stmt 0 view .LVU206
 858 00ae 0F4B     		ldr	r3, .L65+12
 859 00b0 0022     		movs	r2, #0
 860 00b2 1A70     		strb	r2, [r3]
 861              	.LBE2:
 238:Core/Src/kursach.c ****         Btn_Left() ||
 862              		.loc 1 238 13 view .LVU207
 863 00b4 0123     		movs	r3, #1
 864 00b6 ADE7     		b	.L44
 865              	.LVL24:
 866              	.L55:
 867              	.LBB3:
ARM GAS  C:\Users\VICTUS\AppData\Local\Temp\cc7rjVVV.s 			page 22


 275:Core/Src/kursach.c ****             {
 868              		.loc 1 275 18 is_stmt 1 view .LVU208
 275:Core/Src/kursach.c ****             {
 869              		.loc 1 275 21 is_stmt 0 view .LVU209
 870 00b8 012A     		cmp	r2, #1
 871 00ba 08D0     		beq	.L64
 282:Core/Src/kursach.c ****                 thr_right = (min_right + max_right) / 2;
 872              		.loc 1 282 17 is_stmt 1 view .LVU210
 282:Core/Src/kursach.c ****                 thr_right = (min_right + max_right) / 2;
 873              		.loc 1 282 27 is_stmt 0 view .LVU211
 874 00bc 134A     		ldr	r2, .L65+44
 875 00be 1380     		strh	r3, [r2]	@ movhi
 283:Core/Src/kursach.c ****             }
 876              		.loc 1 283 17 is_stmt 1 view .LVU212
 283:Core/Src/kursach.c ****             }
 877              		.loc 1 283 40 is_stmt 0 view .LVU213
 878 00c0 0E4A     		ldr	r2, .L65+28
 879 00c2 1288     		ldrh	r2, [r2]
 283:Core/Src/kursach.c ****             }
 880              		.loc 1 283 53 view .LVU214
 881 00c4 1344     		add	r3, r3, r2
 882              	.LVL25:
 283:Core/Src/kursach.c ****             }
 883              		.loc 1 283 53 view .LVU215
 884 00c6 5B10     		asrs	r3, r3, #1
 283:Core/Src/kursach.c ****             }
 885              		.loc 1 283 27 view .LVU216
 886 00c8 114A     		ldr	r2, .L65+48
 887 00ca 1380     		strh	r3, [r2]	@ movhi
 888 00cc EFE7     		b	.L56
 889              	.LVL26:
 890              	.L64:
 277:Core/Src/kursach.c ****                 thr_center = (min_center + max_center) / 2;
 891              		.loc 1 277 17 is_stmt 1 view .LVU217
 277:Core/Src/kursach.c ****                 thr_center = (min_center + max_center) / 2;
 892              		.loc 1 277 28 is_stmt 0 view .LVU218
 893 00ce 114A     		ldr	r2, .L65+52
 894 00d0 1380     		strh	r3, [r2]	@ movhi
 278:Core/Src/kursach.c ****             }
 895              		.loc 1 278 17 is_stmt 1 view .LVU219
 278:Core/Src/kursach.c ****             }
 896              		.loc 1 278 42 is_stmt 0 view .LVU220
 897 00d2 0B4A     		ldr	r2, .L65+32
 898 00d4 1288     		ldrh	r2, [r2]
 278:Core/Src/kursach.c ****             }
 899              		.loc 1 278 56 view .LVU221
 900 00d6 1344     		add	r3, r3, r2
 901              	.LVL27:
 278:Core/Src/kursach.c ****             }
 902              		.loc 1 278 56 view .LVU222
 903 00d8 5B10     		asrs	r3, r3, #1
 278:Core/Src/kursach.c ****             }
 904              		.loc 1 278 28 view .LVU223
 905 00da 0F4A     		ldr	r2, .L65+56
 906 00dc 1380     		strh	r3, [r2]	@ movhi
 907 00de E6E7     		b	.L56
 908              	.L66:
ARM GAS  C:\Users\VICTUS\AppData\Local\Temp\cc7rjVVV.s 			page 23


 909              		.align	2
 910              	.L65:
 911 00e0 00000000 		.word	last.0
 912 00e4 00000000 		.word	sensor_id
 913 00e8 00000000 		.word	adc_left
 914 00ec 00000000 		.word	calib_stage
 915 00f0 00000000 		.word	min_left
 916 00f4 00000000 		.word	adc_right
 917 00f8 00000000 		.word	adc_center
 918 00fc 00000000 		.word	min_right
 919 0100 00000000 		.word	min_center
 920 0104 00000000 		.word	max_left
 921 0108 00000000 		.word	thr_left
 922 010c 00000000 		.word	max_right
 923 0110 00000000 		.word	thr_right
 924 0114 00000000 		.word	max_center
 925 0118 00000000 		.word	thr_center
 926              	.LBE3:
 927              		.cfi_endproc
 928              	.LFE141:
 930              		.section	.text.LineSensors_Process,"ax",%progbits
 931              		.align	1
 932              		.global	LineSensors_Process
 933              		.syntax unified
 934              		.thumb
 935              		.thumb_func
 937              	LineSensors_Process:
 938              	.LFB142:
 292:Core/Src/kursach.c **** 
 293:Core/Src/kursach.c **** 
 294:Core/Src/kursach.c **** /* ===================== PROCESS ===================== */
 295:Core/Src/kursach.c **** void LineSensors_Process(void)
 296:Core/Src/kursach.c **** {
 939              		.loc 1 296 1 is_stmt 1 view -0
 940              		.cfi_startproc
 941              		@ args = 0, pretend = 0, frame = 0
 942              		@ frame_needed = 0, uses_anonymous_args = 0
 943              		@ link register save eliminated.
 297:Core/Src/kursach.c ****     if (max_left > min_left)
 944              		.loc 1 297 5 view .LVU225
 945              		.loc 1 297 18 is_stmt 0 view .LVU226
 946 0000 2B4B     		ldr	r3, .L74
 947 0002 1A88     		ldrh	r2, [r3]
 948 0004 2B4B     		ldr	r3, .L74+4
 949 0006 1B88     		ldrh	r3, [r3]
 950              		.loc 1 297 8 view .LVU227
 951 0008 9A42     		cmp	r2, r3
 952 000a 2DD9     		bls	.L68
 298:Core/Src/kursach.c ****         sensor_left = (adc_left > thr_left);
 953              		.loc 1 298 9 is_stmt 1 view .LVU228
 954              		.loc 1 298 33 is_stmt 0 view .LVU229
 955 000c 2A4B     		ldr	r3, .L74+8
 956 000e 1A88     		ldrh	r2, [r3]
 957 0010 92B2     		uxth	r2, r2
 958 0012 2A4B     		ldr	r3, .L74+12
 959 0014 1B88     		ldrh	r3, [r3]
 960 0016 9342     		cmp	r3, r2
ARM GAS  C:\Users\VICTUS\AppData\Local\Temp\cc7rjVVV.s 			page 24


 961 0018 2CBF     		ite	cs
 962 001a 0023     		movcs	r3, #0
 963 001c 0123     		movcc	r3, #1
 964              		.loc 1 298 21 view .LVU230
 965 001e 284A     		ldr	r2, .L74+16
 966 0020 1370     		strb	r3, [r2]
 967              	.L69:
 299:Core/Src/kursach.c ****     else
 300:Core/Src/kursach.c ****         sensor_left = (adc_left < thr_left);
 301:Core/Src/kursach.c **** 
 302:Core/Src/kursach.c ****     if (max_center > min_center)
 968              		.loc 1 302 5 is_stmt 1 view .LVU231
 969              		.loc 1 302 20 is_stmt 0 view .LVU232
 970 0022 284B     		ldr	r3, .L74+20
 971 0024 1A88     		ldrh	r2, [r3]
 972 0026 284B     		ldr	r3, .L74+24
 973 0028 1B88     		ldrh	r3, [r3]
 974              		.loc 1 302 8 view .LVU233
 975 002a 9A42     		cmp	r2, r3
 976 002c 28D9     		bls	.L70
 303:Core/Src/kursach.c ****         sensor_center = (adc_center > thr_center);
 977              		.loc 1 303 9 is_stmt 1 view .LVU234
 978              		.loc 1 303 37 is_stmt 0 view .LVU235
 979 002e 274B     		ldr	r3, .L74+28
 980 0030 1A88     		ldrh	r2, [r3]
 981 0032 92B2     		uxth	r2, r2
 982 0034 264B     		ldr	r3, .L74+32
 983 0036 1B88     		ldrh	r3, [r3]
 984 0038 9342     		cmp	r3, r2
 985 003a 2CBF     		ite	cs
 986 003c 0023     		movcs	r3, #0
 987 003e 0123     		movcc	r3, #1
 988              		.loc 1 303 23 view .LVU236
 989 0040 244A     		ldr	r2, .L74+36
 990 0042 1370     		strb	r3, [r2]
 991              	.L71:
 304:Core/Src/kursach.c ****     else
 305:Core/Src/kursach.c ****         sensor_center = (adc_center < thr_center);
 306:Core/Src/kursach.c **** 
 307:Core/Src/kursach.c ****     if (max_right > min_right)
 992              		.loc 1 307 5 is_stmt 1 view .LVU237
 993              		.loc 1 307 19 is_stmt 0 view .LVU238
 994 0044 244B     		ldr	r3, .L74+40
 995 0046 1A88     		ldrh	r2, [r3]
 996 0048 244B     		ldr	r3, .L74+44
 997 004a 1B88     		ldrh	r3, [r3]
 998              		.loc 1 307 8 view .LVU239
 999 004c 9A42     		cmp	r2, r3
 1000 004e 23D9     		bls	.L72
 308:Core/Src/kursach.c ****         sensor_right = (adc_right > thr_right);
 1001              		.loc 1 308 9 is_stmt 1 view .LVU240
 1002              		.loc 1 308 35 is_stmt 0 view .LVU241
 1003 0050 234B     		ldr	r3, .L74+48
 1004 0052 1A88     		ldrh	r2, [r3]
 1005 0054 92B2     		uxth	r2, r2
 1006 0056 234B     		ldr	r3, .L74+52
 1007 0058 1B88     		ldrh	r3, [r3]
ARM GAS  C:\Users\VICTUS\AppData\Local\Temp\cc7rjVVV.s 			page 25


 1008 005a 9342     		cmp	r3, r2
 1009 005c 2CBF     		ite	cs
 1010 005e 0023     		movcs	r3, #0
 1011 0060 0123     		movcc	r3, #1
 1012              		.loc 1 308 22 view .LVU242
 1013 0062 214A     		ldr	r2, .L74+56
 1014 0064 1370     		strb	r3, [r2]
 1015 0066 7047     		bx	lr
 1016              	.L68:
 300:Core/Src/kursach.c **** 
 1017              		.loc 1 300 9 is_stmt 1 view .LVU243
 300:Core/Src/kursach.c **** 
 1018              		.loc 1 300 33 is_stmt 0 view .LVU244
 1019 0068 134B     		ldr	r3, .L74+8
 1020 006a 1A88     		ldrh	r2, [r3]
 1021 006c 92B2     		uxth	r2, r2
 1022 006e 134B     		ldr	r3, .L74+12
 1023 0070 1B88     		ldrh	r3, [r3]
 1024 0072 9342     		cmp	r3, r2
 1025 0074 94BF     		ite	ls
 1026 0076 0023     		movls	r3, #0
 1027 0078 0123     		movhi	r3, #1
 300:Core/Src/kursach.c **** 
 1028              		.loc 1 300 21 view .LVU245
 1029 007a 114A     		ldr	r2, .L74+16
 1030 007c 1370     		strb	r3, [r2]
 1031 007e D0E7     		b	.L69
 1032              	.L70:
 305:Core/Src/kursach.c **** 
 1033              		.loc 1 305 9 is_stmt 1 view .LVU246
 305:Core/Src/kursach.c **** 
 1034              		.loc 1 305 37 is_stmt 0 view .LVU247
 1035 0080 124B     		ldr	r3, .L74+28
 1036 0082 1A88     		ldrh	r2, [r3]
 1037 0084 92B2     		uxth	r2, r2
 1038 0086 124B     		ldr	r3, .L74+32
 1039 0088 1B88     		ldrh	r3, [r3]
 1040 008a 9342     		cmp	r3, r2
 1041 008c 94BF     		ite	ls
 1042 008e 0023     		movls	r3, #0
 1043 0090 0123     		movhi	r3, #1
 305:Core/Src/kursach.c **** 
 1044              		.loc 1 305 23 view .LVU248
 1045 0092 104A     		ldr	r2, .L74+36
 1046 0094 1370     		strb	r3, [r2]
 1047 0096 D5E7     		b	.L71
 1048              	.L72:
 309:Core/Src/kursach.c ****     else
 310:Core/Src/kursach.c ****         sensor_right = (adc_right < thr_right);
 1049              		.loc 1 310 9 is_stmt 1 view .LVU249
 1050              		.loc 1 310 35 is_stmt 0 view .LVU250
 1051 0098 114B     		ldr	r3, .L74+48
 1052 009a 1A88     		ldrh	r2, [r3]
 1053 009c 92B2     		uxth	r2, r2
 1054 009e 114B     		ldr	r3, .L74+52
 1055 00a0 1B88     		ldrh	r3, [r3]
 1056 00a2 9342     		cmp	r3, r2
ARM GAS  C:\Users\VICTUS\AppData\Local\Temp\cc7rjVVV.s 			page 26


 1057 00a4 94BF     		ite	ls
 1058 00a6 0023     		movls	r3, #0
 1059 00a8 0123     		movhi	r3, #1
 1060              		.loc 1 310 22 view .LVU251
 1061 00aa 0F4A     		ldr	r2, .L74+56
 1062 00ac 1370     		strb	r3, [r2]
 311:Core/Src/kursach.c **** }...
 1063              		.loc 1 311 1 view .LVU252
 1064 00ae 7047     		bx	lr
 1065              	.L75:
 1066              		.align	2
 1067              	.L74:
 1068 00b0 00000000 		.word	max_left
 1069 00b4 00000000 		.word	min_left
 1070 00b8 00000000 		.word	adc_left
 1071 00bc 00000000 		.word	thr_left
 1072 00c0 00000000 		.word	sensor_left
 1073 00c4 00000000 		.word	max_center
 1074 00c8 00000000 		.word	min_center
 1075 00cc 00000000 		.word	adc_center
 1076 00d0 00000000 		.word	thr_center
 1077 00d4 00000000 		.word	sensor_center
 1078 00d8 00000000 		.word	max_right
 1079 00dc 00000000 		.word	min_right
 1080 00e0 00000000 		.word	adc_right
 1081 00e4 00000000 		.word	thr_right
 1082 00e8 00000000 		.word	sensor_right
 1083              		.cfi_endproc
 1084              	.LFE142:
 1086              		.section	.bss.last.0,"aw",%nobits
 1089              	last.0:
 1090 0000 00       		.space	1
 1091              		.global	active_sensor
 1092              		.section	.data.active_sensor,"aw"
 1095              	active_sensor:
 1096 0000 FF       		.byte	-1
 1097              		.global	calibration_busy
 1098              		.section	.bss.calibration_busy,"aw",%nobits
 1101              	calibration_busy:
 1102 0000 00       		.space	1
 1103              		.global	sensor_id
 1104              		.section	.bss.sensor_id,"aw",%nobits
 1107              	sensor_id:
 1108 0000 00       		.space	1
 1109              		.global	calib_stage
 1110              		.section	.bss.calib_stage,"aw",%nobits
 1113              	calib_stage:
 1114 0000 00       		.space	1
 1115              		.global	sensor_right
 1116              		.section	.bss.sensor_right,"aw",%nobits
 1119              	sensor_right:
 1120 0000 00       		.space	1
 1121              		.global	sensor_center
 1122              		.section	.bss.sensor_center,"aw",%nobits
 1125              	sensor_center:
 1126 0000 00       		.space	1
 1127              		.global	sensor_left
ARM GAS  C:\Users\VICTUS\AppData\Local\Temp\cc7rjVVV.s 			page 27


 1128              		.section	.bss.sensor_left,"aw",%nobits
 1131              	sensor_left:
 1132 0000 00       		.space	1
 1133              		.global	thr_right
 1134              		.section	.bss.thr_right,"aw",%nobits
 1135              		.align	1
 1138              	thr_right:
 1139 0000 0000     		.space	2
 1140              		.global	thr_center
 1141              		.section	.bss.thr_center,"aw",%nobits
 1142              		.align	1
 1145              	thr_center:
 1146 0000 0000     		.space	2
 1147              		.global	thr_left
 1148              		.section	.bss.thr_left,"aw",%nobits
 1149              		.align	1
 1152              	thr_left:
 1153 0000 0000     		.space	2
 1154              		.global	max_right
 1155              		.section	.bss.max_right,"aw",%nobits
 1156              		.align	1
 1159              	max_right:
 1160 0000 0000     		.space	2
 1161              		.global	min_right
 1162              		.section	.data.min_right,"aw"
 1163              		.align	1
 1166              	min_right:
 1167 0000 FF0F     		.short	4095
 1168              		.global	max_center
 1169              		.section	.bss.max_center,"aw",%nobits
 1170              		.align	1
 1173              	max_center:
 1174 0000 0000     		.space	2
 1175              		.global	min_center
 1176              		.section	.data.min_center,"aw"
 1177              		.align	1
 1180              	min_center:
 1181 0000 FF0F     		.short	4095
 1182              		.global	max_left
 1183              		.section	.bss.max_left,"aw",%nobits
 1184              		.align	1
 1187              	max_left:
 1188 0000 0000     		.space	2
 1189              		.global	min_left
 1190              		.section	.data.min_left,"aw"
 1191              		.align	1
 1194              	min_left:
 1195 0000 FF0F     		.short	4095
 1196              		.global	adc_right
 1197              		.section	.bss.adc_right,"aw",%nobits
 1198              		.align	1
 1201              	adc_right:
 1202 0000 0000     		.space	2
 1203              		.global	adc_center
 1204              		.section	.bss.adc_center,"aw",%nobits
 1205              		.align	1
 1208              	adc_center:
ARM GAS  C:\Users\VICTUS\AppData\Local\Temp\cc7rjVVV.s 			page 28


 1209 0000 0000     		.space	2
 1210              		.global	adc_left
 1211              		.section	.bss.adc_left,"aw",%nobits
 1212              		.align	1
 1215              	adc_left:
 1216 0000 0000     		.space	2
 1217              		.text
 1218              	.Letext0:
 1219              		.file 2 "D:/Tools/xpack-arm-none-eabi-gcc-13.2.1-1.1/arm-none-eabi/include/machine/_default_types.
 1220              		.file 3 "D:/Tools/xpack-arm-none-eabi-gcc-13.2.1-1.1/arm-none-eabi/include/sys/_stdint.h"
 1221              		.file 4 "CMSIS/Devices/STM32F4xx/Inc/STM32F411RE/stm32f411xe.h"
 1222              		.file 5 "Core/Inc/kursach.h"
 1223              		.file 6 "Core/Inc/../../CMSIS/Devices/STM32F4xx/Inc/stm32f4xx.h"
ARM GAS  C:\Users\VICTUS\AppData\Local\Temp\cc7rjVVV.s 			page 29


DEFINED SYMBOLS
                            *ABS*:00000000 kursach.c
C:\Users\VICTUS\AppData\Local\Temp\cc7rjVVV.s:21     .text.GPIO_Init:00000000 $t
C:\Users\VICTUS\AppData\Local\Temp\cc7rjVVV.s:27     .text.GPIO_Init:00000000 GPIO_Init
C:\Users\VICTUS\AppData\Local\Temp\cc7rjVVV.s:97     .text.GPIO_Init:00000088 $d
C:\Users\VICTUS\AppData\Local\Temp\cc7rjVVV.s:103    .text.RCC_Init:00000000 $t
C:\Users\VICTUS\AppData\Local\Temp\cc7rjVVV.s:109    .text.RCC_Init:00000000 RCC_Init
C:\Users\VICTUS\AppData\Local\Temp\cc7rjVVV.s:254    .text.RCC_Init:000000e4 $d
C:\Users\VICTUS\AppData\Local\Temp\cc7rjVVV.s:260    .text.Motor_Forward:00000000 $t
C:\Users\VICTUS\AppData\Local\Temp\cc7rjVVV.s:266    .text.Motor_Forward:00000000 Motor_Forward
C:\Users\VICTUS\AppData\Local\Temp\cc7rjVVV.s:296    .text.Motor_Forward:00000028 $d
C:\Users\VICTUS\AppData\Local\Temp\cc7rjVVV.s:302    .text.Motor_Stop:00000000 $t
C:\Users\VICTUS\AppData\Local\Temp\cc7rjVVV.s:308    .text.Motor_Stop:00000000 Motor_Stop
C:\Users\VICTUS\AppData\Local\Temp\cc7rjVVV.s:338    .text.Motor_Stop:00000028 $d
C:\Users\VICTUS\AppData\Local\Temp\cc7rjVVV.s:344    .text.ADC_Init:00000000 $t
C:\Users\VICTUS\AppData\Local\Temp\cc7rjVVV.s:350    .text.ADC_Init:00000000 ADC_Init
C:\Users\VICTUS\AppData\Local\Temp\cc7rjVVV.s:411    .text.ADC_Init:00000050 $d
C:\Users\VICTUS\AppData\Local\Temp\cc7rjVVV.s:418    .text.ADC_Read:00000000 $t
C:\Users\VICTUS\AppData\Local\Temp\cc7rjVVV.s:424    .text.ADC_Read:00000000 ADC_Read
C:\Users\VICTUS\AppData\Local\Temp\cc7rjVVV.s:463    .text.ADC_Read:00000028 $d
C:\Users\VICTUS\AppData\Local\Temp\cc7rjVVV.s:468    .text.LineSensors_ReadADC:00000000 $t
C:\Users\VICTUS\AppData\Local\Temp\cc7rjVVV.s:474    .text.LineSensors_ReadADC:00000000 LineSensors_ReadADC
C:\Users\VICTUS\AppData\Local\Temp\cc7rjVVV.s:514    .text.LineSensors_ReadADC:00000024 $d
C:\Users\VICTUS\AppData\Local\Temp\cc7rjVVV.s:1215   .bss.adc_left:00000000 adc_left
C:\Users\VICTUS\AppData\Local\Temp\cc7rjVVV.s:1208   .bss.adc_center:00000000 adc_center
C:\Users\VICTUS\AppData\Local\Temp\cc7rjVVV.s:1201   .bss.adc_right:00000000 adc_right
C:\Users\VICTUS\AppData\Local\Temp\cc7rjVVV.s:521    .text.Btn_Left:00000000 $t
C:\Users\VICTUS\AppData\Local\Temp\cc7rjVVV.s:527    .text.Btn_Left:00000000 Btn_Left
C:\Users\VICTUS\AppData\Local\Temp\cc7rjVVV.s:548    .text.Btn_Left:00000010 $d
C:\Users\VICTUS\AppData\Local\Temp\cc7rjVVV.s:553    .text.Btn_Center:00000000 $t
C:\Users\VICTUS\AppData\Local\Temp\cc7rjVVV.s:559    .text.Btn_Center:00000000 Btn_Center
C:\Users\VICTUS\AppData\Local\Temp\cc7rjVVV.s:580    .text.Btn_Center:00000010 $d
C:\Users\VICTUS\AppData\Local\Temp\cc7rjVVV.s:585    .text.Btn_Right:00000000 $t
C:\Users\VICTUS\AppData\Local\Temp\cc7rjVVV.s:591    .text.Btn_Right:00000000 Btn_Right
C:\Users\VICTUS\AppData\Local\Temp\cc7rjVVV.s:612    .text.Btn_Right:00000010 $d
C:\Users\VICTUS\AppData\Local\Temp\cc7rjVVV.s:617    .text.delay:00000000 $t
C:\Users\VICTUS\AppData\Local\Temp\cc7rjVVV.s:623    .text.delay:00000000 delay
C:\Users\VICTUS\AppData\Local\Temp\cc7rjVVV.s:656    .text.Calibration_Process:00000000 $t
C:\Users\VICTUS\AppData\Local\Temp\cc7rjVVV.s:662    .text.Calibration_Process:00000000 Calibration_Process
C:\Users\VICTUS\AppData\Local\Temp\cc7rjVVV.s:911    .text.Calibration_Process:000000e0 $d
C:\Users\VICTUS\AppData\Local\Temp\cc7rjVVV.s:1089   .bss.last.0:00000000 last.0
C:\Users\VICTUS\AppData\Local\Temp\cc7rjVVV.s:1107   .bss.sensor_id:00000000 sensor_id
C:\Users\VICTUS\AppData\Local\Temp\cc7rjVVV.s:1113   .bss.calib_stage:00000000 calib_stage
C:\Users\VICTUS\AppData\Local\Temp\cc7rjVVV.s:1194   .data.min_left:00000000 min_left
C:\Users\VICTUS\AppData\Local\Temp\cc7rjVVV.s:1166   .data.min_right:00000000 min_right
C:\Users\VICTUS\AppData\Local\Temp\cc7rjVVV.s:1180   .data.min_center:00000000 min_center
C:\Users\VICTUS\AppData\Local\Temp\cc7rjVVV.s:1187   .bss.max_left:00000000 max_left
C:\Users\VICTUS\AppData\Local\Temp\cc7rjVVV.s:1152   .bss.thr_left:00000000 thr_left
C:\Users\VICTUS\AppData\Local\Temp\cc7rjVVV.s:1159   .bss.max_right:00000000 max_right
C:\Users\VICTUS\AppData\Local\Temp\cc7rjVVV.s:1138   .bss.thr_right:00000000 thr_right
C:\Users\VICTUS\AppData\Local\Temp\cc7rjVVV.s:1173   .bss.max_center:00000000 max_center
C:\Users\VICTUS\AppData\Local\Temp\cc7rjVVV.s:1145   .bss.thr_center:00000000 thr_center
C:\Users\VICTUS\AppData\Local\Temp\cc7rjVVV.s:931    .text.LineSensors_Process:00000000 $t
C:\Users\VICTUS\AppData\Local\Temp\cc7rjVVV.s:937    .text.LineSensors_Process:00000000 LineSensors_Process
C:\Users\VICTUS\AppData\Local\Temp\cc7rjVVV.s:1068   .text.LineSensors_Process:000000b0 $d
C:\Users\VICTUS\AppData\Local\Temp\cc7rjVVV.s:1131   .bss.sensor_left:00000000 sensor_left
C:\Users\VICTUS\AppData\Local\Temp\cc7rjVVV.s:1125   .bss.sensor_center:00000000 sensor_center
ARM GAS  C:\Users\VICTUS\AppData\Local\Temp\cc7rjVVV.s 			page 30


C:\Users\VICTUS\AppData\Local\Temp\cc7rjVVV.s:1119   .bss.sensor_right:00000000 sensor_right
C:\Users\VICTUS\AppData\Local\Temp\cc7rjVVV.s:1090   .bss.last.0:00000000 $d
C:\Users\VICTUS\AppData\Local\Temp\cc7rjVVV.s:1095   .data.active_sensor:00000000 active_sensor
C:\Users\VICTUS\AppData\Local\Temp\cc7rjVVV.s:1101   .bss.calibration_busy:00000000 calibration_busy
C:\Users\VICTUS\AppData\Local\Temp\cc7rjVVV.s:1102   .bss.calibration_busy:00000000 $d
C:\Users\VICTUS\AppData\Local\Temp\cc7rjVVV.s:1108   .bss.sensor_id:00000000 $d
C:\Users\VICTUS\AppData\Local\Temp\cc7rjVVV.s:1114   .bss.calib_stage:00000000 $d
C:\Users\VICTUS\AppData\Local\Temp\cc7rjVVV.s:1120   .bss.sensor_right:00000000 $d
C:\Users\VICTUS\AppData\Local\Temp\cc7rjVVV.s:1126   .bss.sensor_center:00000000 $d
C:\Users\VICTUS\AppData\Local\Temp\cc7rjVVV.s:1132   .bss.sensor_left:00000000 $d
C:\Users\VICTUS\AppData\Local\Temp\cc7rjVVV.s:1135   .bss.thr_right:00000000 $d
C:\Users\VICTUS\AppData\Local\Temp\cc7rjVVV.s:1142   .bss.thr_center:00000000 $d
C:\Users\VICTUS\AppData\Local\Temp\cc7rjVVV.s:1149   .bss.thr_left:00000000 $d
C:\Users\VICTUS\AppData\Local\Temp\cc7rjVVV.s:1156   .bss.max_right:00000000 $d
C:\Users\VICTUS\AppData\Local\Temp\cc7rjVVV.s:1163   .data.min_right:00000000 $d
C:\Users\VICTUS\AppData\Local\Temp\cc7rjVVV.s:1170   .bss.max_center:00000000 $d
C:\Users\VICTUS\AppData\Local\Temp\cc7rjVVV.s:1177   .data.min_center:00000000 $d
C:\Users\VICTUS\AppData\Local\Temp\cc7rjVVV.s:1184   .bss.max_left:00000000 $d
C:\Users\VICTUS\AppData\Local\Temp\cc7rjVVV.s:1191   .data.min_left:00000000 $d
C:\Users\VICTUS\AppData\Local\Temp\cc7rjVVV.s:1198   .bss.adc_right:00000000 $d
C:\Users\VICTUS\AppData\Local\Temp\cc7rjVVV.s:1205   .bss.adc_center:00000000 $d
C:\Users\VICTUS\AppData\Local\Temp\cc7rjVVV.s:1212   .bss.adc_left:00000000 $d

NO UNDEFINED SYMBOLS
