ARM GAS  C:\Users\VICTUS\AppData\Local\Temp\cc88PbOh.s 			page 1


   1              		.cpu cortex-m4
   2              		.arch armv7e-m
   3              		.fpu fpv4-sp-d16
   4              		.eabi_attribute 27, 1
   5              		.eabi_attribute 28, 1
   6              		.eabi_attribute 20, 1
   7              		.eabi_attribute 21, 1
   8              		.eabi_attribute 23, 3
   9              		.eabi_attribute 24, 1
  10              		.eabi_attribute 25, 1
  11              		.eabi_attribute 26, 1
  12              		.eabi_attribute 30, 1
  13              		.eabi_attribute 34, 1
  14              		.eabi_attribute 18, 4
  15              		.file	"main.c"
  16              		.text
  17              	.Ltext0:
  18              		.cfi_sections	.debug_frame
  19              		.file 1 "Core/Src/main.c"
  20              		.section	.text.main,"ax",%progbits
  21              		.align	1
  22              		.global	main
  23              		.syntax unified
  24              		.thumb
  25              		.thumb_func
  27              	main:
  28              	.LFB130:
   1:Core/Src/main.c **** #include "init_LB2.h"
   2:Core/Src/main.c **** 
   3:Core/Src/main.c **** int main(void)
   4:Core/Src/main.c **** {
  29              		.loc 1 4 1 view -0
  30              		.cfi_startproc
  31              		@ Volatile: function does not return.
  32              		@ args = 0, pretend = 0, frame = 0
  33              		@ frame_needed = 0, uses_anonymous_args = 0
  34 0000 08B5     		push	{r3, lr}
  35              	.LCFI0:
  36              		.cfi_def_cfa_offset 8
  37              		.cfi_offset 3, -8
  38              		.cfi_offset 14, -4
   5:Core/Src/main.c ****     RCC_Init();
  39              		.loc 1 5 5 view .LVU1
  40 0002 FFF7FEFF 		bl	RCC_Init
  41              	.LVL0:
   6:Core/Src/main.c ****     // GPIO_Init();
   7:Core/Src/main.c ****     // TIM3_PWM_Init();
   8:Core/Src/main.c ****     // LineSensors_GPIO_Init();
   9:Core/Src/main.c ****     LineSensor_ADC_Init();
  42              		.loc 1 9 5 view .LVU2
  43 0006 FFF7FEFF 		bl	LineSensor_ADC_Init
  44              	.LVL1:
  45              	.L2:
  10:Core/Src/main.c **** 
  11:Core/Src/main.c ****     while (1)
  46              		.loc 1 11 5 view .LVU3
  12:Core/Src/main.c ****     {
ARM GAS  C:\Users\VICTUS\AppData\Local\Temp\cc88PbOh.s 			page 2


  13:Core/Src/main.c ****         // Motor_SetSpeed_Left(100);
  14:Core/Src/main.c ****         // Motor_SetSpeed_Right(100);
  15:Core/Src/main.c ****         LineSensor_Update();
  47              		.loc 1 15 9 view .LVU4
  48 000a FFF7FEFF 		bl	LineSensor_Update
  49              	.LVL2:
  16:Core/Src/main.c ****         line_sensor_adc = LineSensor_ReadFiltered();
  50              		.loc 1 16 9 discriminator 1 view .LVU5
  51              		.loc 1 16 27 is_stmt 0 discriminator 1 view .LVU6
  52 000e FFF7FEFF 		bl	LineSensor_ReadFiltered
  53              	.LVL3:
  54              		.loc 1 16 25 discriminator 1 view .LVU7
  55 0012 014B     		ldr	r3, .L4
  56 0014 1880     		strh	r0, [r3]	@ movhi
  11:Core/Src/main.c ****     {
  57              		.loc 1 11 11 is_stmt 1 view .LVU8
  58 0016 F8E7     		b	.L2
  59              	.L5:
  60              		.align	2
  61              	.L4:
  62 0018 00000000 		.word	line_sensor_adc
  63              		.cfi_endproc
  64              	.LFE130:
  66              		.text
  67              	.Letext0:
  68              		.file 2 "D:/Tools/xpack-arm-none-eabi-gcc-13.2.1-1.1/arm-none-eabi/include/machine/_default_types.
  69              		.file 3 "D:/Tools/xpack-arm-none-eabi-gcc-13.2.1-1.1/arm-none-eabi/include/sys/_stdint.h"
  70              		.file 4 "Core/Inc/init_LB2.h"
ARM GAS  C:\Users\VICTUS\AppData\Local\Temp\cc88PbOh.s 			page 3


DEFINED SYMBOLS
                            *ABS*:00000000 main.c
C:\Users\VICTUS\AppData\Local\Temp\cc88PbOh.s:21     .text.main:00000000 $t
C:\Users\VICTUS\AppData\Local\Temp\cc88PbOh.s:27     .text.main:00000000 main
C:\Users\VICTUS\AppData\Local\Temp\cc88PbOh.s:62     .text.main:00000018 $d

UNDEFINED SYMBOLS
RCC_Init
LineSensor_ADC_Init
LineSensor_Update
LineSensor_ReadFiltered
line_sensor_adc
