ARM GAS  C:\Users\VICTUS\AppData\Local\Temp\ccltJpQU.s 			page 1


   1              		.cpu cortex-m4
   2              		.arch armv7e-m
   3              		.fpu fpv4-sp-d16
   4              		.eabi_attribute 27, 1
   5              		.eabi_attribute 28, 1
   6              		.eabi_attribute 20, 1
   7              		.eabi_attribute 21, 1
   8              		.eabi_attribute 23, 3
   9              		.eabi_attribute 24, 1
  10              		.eabi_attribute 25, 1
  11              		.eabi_attribute 26, 1
  12              		.eabi_attribute 30, 1
  13              		.eabi_attribute 34, 1
  14              		.eabi_attribute 18, 4
  15              		.file	"main.c"
  16              		.text
  17              	.Ltext0:
  18              		.cfi_sections	.debug_frame
  19              		.file 1 "Core/Src/main.c"
  20              		.section	.text.pressedButton_PC13,"ax",%progbits
  21              		.align	1
  22              		.global	pressedButton_PC13
  23              		.syntax unified
  24              		.thumb
  25              		.thumb_func
  27              	pressedButton_PC13:
  28              	.LFB130:
   1:Core/Src/main.c **** #include "../Inc/init.h"
   2:Core/Src/main.c **** 
   3:Core/Src/main.c **** __attribute__((used)) volatile uint32_t heartbeat = 0;
   4:Core/Src/main.c **** __attribute__((used)) volatile uint32_t ledOn = 0;
   5:Core/Src/main.c **** __attribute__((used)) volatile uint32_t buttonCPushed = 0;
   6:Core/Src/main.c **** __attribute__((used)) volatile uint32_t buttonDPushed = 0;
   7:Core/Src/main.c **** volatile uint8_t g_btn_event = 0;
   8:Core/Src/main.c **** volatile uint32_t g_btn_timer = 0;
   9:Core/Src/main.c **** 
  10:Core/Src/main.c **** 
  11:Core/Src/main.c **** float a;
  12:Core/Src/main.c **** float b; 
  13:Core/Src/main.c **** float c;
  14:Core/Src/main.c **** 
  15:Core/Src/main.c **** #define TIME_DELAY1 3500
  16:Core/Src/main.c **** 
  17:Core/Src/main.c **** int pressedButton_PC13(void)
  18:Core/Src/main.c **** {
  29              		.loc 1 18 1 view -0
  30              		.cfi_startproc
  31              		@ args = 0, pretend = 0, frame = 8
  32              		@ frame_needed = 0, uses_anonymous_args = 0
  33              		@ link register save eliminated.
  19:Core/Src/main.c ****     if (READ_BIT(GPIOC->IDR, GPIO_IDR_IDR_13) == 0)
  34              		.loc 1 19 5 view .LVU1
  35              		.loc 1 19 9 is_stmt 0 view .LVU2
  36 0000 104B     		ldr	r3, .L12
  37 0002 1B69     		ldr	r3, [r3, #16]
  38              		.loc 1 19 8 view .LVU3
  39 0004 13F4005F 		tst	r3, #8192
ARM GAS  C:\Users\VICTUS\AppData\Local\Temp\ccltJpQU.s 			page 2


  40 0008 1AD1     		bne	.L6
  18:Core/Src/main.c ****     if (READ_BIT(GPIOC->IDR, GPIO_IDR_IDR_13) == 0)
  41              		.loc 1 18 1 view .LVU4
  42 000a 82B0     		sub	sp, sp, #8
  43              	.LCFI0:
  44              		.cfi_def_cfa_offset 8
  20:Core/Src/main.c ****     {
  21:Core/Src/main.c ****         for (volatile int i = 0; i < TIME_DELAY1; i++) {}
  45              		.loc 1 21 9 is_stmt 1 view .LVU5
  46              	.LBB2:
  47              		.loc 1 21 14 view .LVU6
  48              		.loc 1 21 27 is_stmt 0 view .LVU7
  49 000c 0023     		movs	r3, #0
  50 000e 0193     		str	r3, [sp, #4]
  51              		.loc 1 21 9 view .LVU8
  52 0010 02E0     		b	.L3
  53              	.L4:
  54              		.loc 1 21 57 is_stmt 1 discriminator 3 view .LVU9
  55              		.loc 1 21 52 discriminator 3 view .LVU10
  56 0012 019B     		ldr	r3, [sp, #4]
  57 0014 0133     		adds	r3, r3, #1
  58 0016 0193     		str	r3, [sp, #4]
  59              	.L3:
  60              		.loc 1 21 36 discriminator 1 view .LVU11
  61 0018 019A     		ldr	r2, [sp, #4]
  62 001a 40F6AB53 		movw	r3, #3499
  63 001e 9A42     		cmp	r2, r3
  64 0020 F7DD     		ble	.L4
  65              	.LBE2:
  22:Core/Src/main.c **** 
  23:Core/Src/main.c ****         if (READ_BIT(GPIOC->IDR, GPIO_IDR_IDR_13) == 0)
  66              		.loc 1 23 9 view .LVU12
  67              		.loc 1 23 13 is_stmt 0 view .LVU13
  68 0022 084B     		ldr	r3, .L12
  69 0024 1B69     		ldr	r3, [r3, #16]
  70              		.loc 1 23 12 view .LVU14
  71 0026 13F4005F 		tst	r3, #8192
  72 002a 02D0     		beq	.L5
  24:Core/Src/main.c ****         {
  25:Core/Src/main.c ****             while (READ_BIT(GPIOC->IDR, GPIO_IDR_IDR_13) == 0)
  26:Core/Src/main.c ****             {
  27:Core/Src/main.c ****                 // ждём отпускания
  28:Core/Src/main.c **** 
  29:Core/Src/main.c ****             }
  30:Core/Src/main.c ****             return 1;
  31:Core/Src/main.c **** 
  32:Core/Src/main.c ****         }
  33:Core/Src/main.c ****     }
  34:Core/Src/main.c ****     return 0;
  73              		.loc 1 34 12 view .LVU15
  74 002c 0020     		movs	r0, #0
  75              	.L1:
  35:Core/Src/main.c **** }
  76              		.loc 1 35 1 view .LVU16
  77 002e 02B0     		add	sp, sp, #8
  78              	.LCFI1:
  79              		.cfi_remember_state
ARM GAS  C:\Users\VICTUS\AppData\Local\Temp\ccltJpQU.s 			page 3


  80              		.cfi_def_cfa_offset 0
  81              		@ sp needed
  82 0030 7047     		bx	lr
  83              	.L5:
  84              	.LCFI2:
  85              		.cfi_restore_state
  29:Core/Src/main.c ****             return 1;
  86              		.loc 1 29 13 is_stmt 1 view .LVU17
  25:Core/Src/main.c ****             {
  87              		.loc 1 25 58 discriminator 1 view .LVU18
  25:Core/Src/main.c ****             {
  88              		.loc 1 25 20 is_stmt 0 discriminator 1 view .LVU19
  89 0032 044B     		ldr	r3, .L12
  90 0034 1B69     		ldr	r3, [r3, #16]
  25:Core/Src/main.c ****             {
  91              		.loc 1 25 58 discriminator 1 view .LVU20
  92 0036 13F4005F 		tst	r3, #8192
  93 003a FAD0     		beq	.L5
  30:Core/Src/main.c **** 
  94              		.loc 1 30 20 view .LVU21
  95 003c 0120     		movs	r0, #1
  96 003e F6E7     		b	.L1
  97              	.L6:
  98              	.LCFI3:
  99              		.cfi_def_cfa_offset 0
  34:Core/Src/main.c **** }
 100              		.loc 1 34 12 view .LVU22
 101 0040 0020     		movs	r0, #0
 102              		.loc 1 35 1 view .LVU23
 103 0042 7047     		bx	lr
 104              	.L13:
 105              		.align	2
 106              	.L12:
 107 0044 00080240 		.word	1073874944
 108              		.cfi_endproc
 109              	.LFE130:
 111              		.section	.text.pressedButton_PD2,"ax",%progbits
 112              		.align	1
 113              		.global	pressedButton_PD2
 114              		.syntax unified
 115              		.thumb
 116              		.thumb_func
 118              	pressedButton_PD2:
 119              	.LFB131:
  36:Core/Src/main.c **** 
  37:Core/Src/main.c **** int pressedButton_PD2(void)
  38:Core/Src/main.c **** {
 120              		.loc 1 38 1 is_stmt 1 view -0
 121              		.cfi_startproc
 122              		@ args = 0, pretend = 0, frame = 8
 123              		@ frame_needed = 0, uses_anonymous_args = 0
 124              		@ link register save eliminated.
  39:Core/Src/main.c ****     if (READ_BIT(GPIOD->IDR, GPIO_IDR_IDR_2) == 0)
 125              		.loc 1 39 5 view .LVU25
 126              		.loc 1 39 9 is_stmt 0 view .LVU26
 127 0000 104B     		ldr	r3, .L25
 128 0002 1B69     		ldr	r3, [r3, #16]
ARM GAS  C:\Users\VICTUS\AppData\Local\Temp\ccltJpQU.s 			page 4


 129              		.loc 1 39 8 view .LVU27
 130 0004 13F0040F 		tst	r3, #4
 131 0008 1AD1     		bne	.L19
  38:Core/Src/main.c ****     if (READ_BIT(GPIOD->IDR, GPIO_IDR_IDR_2) == 0)
 132              		.loc 1 38 1 view .LVU28
 133 000a 82B0     		sub	sp, sp, #8
 134              	.LCFI4:
 135              		.cfi_def_cfa_offset 8
  40:Core/Src/main.c ****     {
  41:Core/Src/main.c ****         for (volatile int i = 0; i < TIME_DELAY1; i++) {}
 136              		.loc 1 41 9 is_stmt 1 view .LVU29
 137              	.LBB3:
 138              		.loc 1 41 14 view .LVU30
 139              		.loc 1 41 27 is_stmt 0 view .LVU31
 140 000c 0023     		movs	r3, #0
 141 000e 0193     		str	r3, [sp, #4]
 142              		.loc 1 41 9 view .LVU32
 143 0010 02E0     		b	.L16
 144              	.L17:
 145              		.loc 1 41 57 is_stmt 1 discriminator 3 view .LVU33
 146              		.loc 1 41 52 discriminator 3 view .LVU34
 147 0012 019B     		ldr	r3, [sp, #4]
 148 0014 0133     		adds	r3, r3, #1
 149 0016 0193     		str	r3, [sp, #4]
 150              	.L16:
 151              		.loc 1 41 36 discriminator 1 view .LVU35
 152 0018 019A     		ldr	r2, [sp, #4]
 153 001a 40F6AB53 		movw	r3, #3499
 154 001e 9A42     		cmp	r2, r3
 155 0020 F7DD     		ble	.L17
 156              	.LBE3:
  42:Core/Src/main.c **** 
  43:Core/Src/main.c ****         if (READ_BIT(GPIOD->IDR, GPIO_IDR_IDR_2) == 0)
 157              		.loc 1 43 9 view .LVU36
 158              		.loc 1 43 13 is_stmt 0 view .LVU37
 159 0022 084B     		ldr	r3, .L25
 160 0024 1B69     		ldr	r3, [r3, #16]
 161              		.loc 1 43 12 view .LVU38
 162 0026 13F0040F 		tst	r3, #4
 163 002a 02D0     		beq	.L18
  44:Core/Src/main.c ****         {
  45:Core/Src/main.c ****             while (READ_BIT(GPIOD->IDR, GPIO_IDR_IDR_2) == 0)
  46:Core/Src/main.c ****             {
  47:Core/Src/main.c ****                 // ждём отпускания
  48:Core/Src/main.c **** 
  49:Core/Src/main.c ****             }
  50:Core/Src/main.c ****             return 1;
  51:Core/Src/main.c **** 
  52:Core/Src/main.c ****         }
  53:Core/Src/main.c ****     }
  54:Core/Src/main.c ****     return 0;
 164              		.loc 1 54 12 view .LVU39
 165 002c 0020     		movs	r0, #0
 166              	.L14:
  55:Core/Src/main.c **** }
 167              		.loc 1 55 1 view .LVU40
 168 002e 02B0     		add	sp, sp, #8
ARM GAS  C:\Users\VICTUS\AppData\Local\Temp\ccltJpQU.s 			page 5


 169              	.LCFI5:
 170              		.cfi_remember_state
 171              		.cfi_def_cfa_offset 0
 172              		@ sp needed
 173 0030 7047     		bx	lr
 174              	.L18:
 175              	.LCFI6:
 176              		.cfi_restore_state
  49:Core/Src/main.c ****             return 1;
 177              		.loc 1 49 13 is_stmt 1 view .LVU41
  45:Core/Src/main.c ****             {
 178              		.loc 1 45 57 discriminator 1 view .LVU42
  45:Core/Src/main.c ****             {
 179              		.loc 1 45 20 is_stmt 0 discriminator 1 view .LVU43
 180 0032 044B     		ldr	r3, .L25
 181 0034 1B69     		ldr	r3, [r3, #16]
  45:Core/Src/main.c ****             {
 182              		.loc 1 45 57 discriminator 1 view .LVU44
 183 0036 13F0040F 		tst	r3, #4
 184 003a FAD0     		beq	.L18
  50:Core/Src/main.c **** 
 185              		.loc 1 50 20 view .LVU45
 186 003c 0120     		movs	r0, #1
 187 003e F6E7     		b	.L14
 188              	.L19:
 189              	.LCFI7:
 190              		.cfi_def_cfa_offset 0
  54:Core/Src/main.c **** }
 191              		.loc 1 54 12 view .LVU46
 192 0040 0020     		movs	r0, #0
 193              		.loc 1 55 1 view .LVU47
 194 0042 7047     		bx	lr
 195              	.L26:
 196              		.align	2
 197              	.L25:
 198 0044 000C0240 		.word	1073875968
 199              		.cfi_endproc
 200              	.LFE131:
 202              		.section	.text.Wait,"ax",%progbits
 203              		.align	1
 204              		.global	Wait
 205              		.syntax unified
 206              		.thumb
 207              		.thumb_func
 209              	Wait:
 210              	.LFB132:
  56:Core/Src/main.c **** 
  57:Core/Src/main.c **** void Wait(void)
  58:Core/Src/main.c **** {
 211              		.loc 1 58 1 is_stmt 1 view -0
 212              		.cfi_startproc
 213              		@ args = 0, pretend = 0, frame = 0
 214              		@ frame_needed = 0, uses_anonymous_args = 0
 215              		@ link register save eliminated.
  59:Core/Src/main.c ****     if (g_btn_timer > 0)
 216              		.loc 1 59 5 view .LVU49
 217              		.loc 1 59 21 is_stmt 0 view .LVU50
ARM GAS  C:\Users\VICTUS\AppData\Local\Temp\ccltJpQU.s 			page 6


 218 0000 064B     		ldr	r3, .L29
 219 0002 1B68     		ldr	r3, [r3]
 220              		.loc 1 59 8 view .LVU51
 221 0004 43B1     		cbz	r3, .L27
  60:Core/Src/main.c ****     {
  61:Core/Src/main.c ****         g_btn_timer--;
 222              		.loc 1 61 9 is_stmt 1 view .LVU52
 223              		.loc 1 61 20 is_stmt 0 view .LVU53
 224 0006 054B     		ldr	r3, .L29
 225 0008 1A68     		ldr	r2, [r3]
 226 000a 013A     		subs	r2, r2, #1
 227 000c 1A60     		str	r2, [r3]
  62:Core/Src/main.c ****         if (g_btn_timer == 0)
 228              		.loc 1 62 9 is_stmt 1 view .LVU54
 229              		.loc 1 62 25 is_stmt 0 view .LVU55
 230 000e 1B68     		ldr	r3, [r3]
 231              		.loc 1 62 12 view .LVU56
 232 0010 13B9     		cbnz	r3, .L27
  63:Core/Src/main.c ****         {
  64:Core/Src/main.c ****             g_btn_event = 0;
 233              		.loc 1 64 13 is_stmt 1 view .LVU57
 234              		.loc 1 64 25 is_stmt 0 view .LVU58
 235 0012 034B     		ldr	r3, .L29+4
 236 0014 0022     		movs	r2, #0
 237 0016 1A70     		strb	r2, [r3]
 238              	.L27:
  65:Core/Src/main.c ****         }
  66:Core/Src/main.c ****     }
  67:Core/Src/main.c **** }
 239              		.loc 1 67 1 view .LVU59
 240 0018 7047     		bx	lr
 241              	.L30:
 242 001a 00BF     		.align	2
 243              	.L29:
 244 001c 00000000 		.word	g_btn_timer
 245 0020 00000000 		.word	g_btn_event
 246              		.cfi_endproc
 247              	.LFE132:
 249              		.section	.text.main,"ax",%progbits
 250              		.align	1
 251              		.global	main
 252              		.syntax unified
 253              		.thumb
 254              		.thumb_func
 256              	main:
 257              	.LFB133:
  68:Core/Src/main.c **** 
  69:Core/Src/main.c **** int main(void)
  70:Core/Src/main.c **** {
 258              		.loc 1 70 1 is_stmt 1 view -0
 259              		.cfi_startproc
 260              		@ Volatile: function does not return.
 261              		@ args = 0, pretend = 0, frame = 0
 262              		@ frame_needed = 0, uses_anonymous_args = 0
 263 0000 08B5     		push	{r3, lr}
 264              	.LCFI8:
 265              		.cfi_def_cfa_offset 8
ARM GAS  C:\Users\VICTUS\AppData\Local\Temp\ccltJpQU.s 			page 7


 266              		.cfi_offset 3, -8
 267              		.cfi_offset 14, -4
  71:Core/Src/main.c ****     GPIO_Init_CMSIS();
 268              		.loc 1 71 5 view .LVU61
 269 0002 FFF7FEFF 		bl	GPIO_Init_CMSIS
 270              	.LVL0:
 271 0006 06E0     		b	.L35
 272              	.L37:
  72:Core/Src/main.c ****     while (1)
  73:Core/Src/main.c ****     {
  74:Core/Src/main.c **** 
  75:Core/Src/main.c ****         if(pressedButton_PD2()){
  76:Core/Src/main.c ****             g_btn_event = 1;
  77:Core/Src/main.c ****             g_btn_timer = 60000;
  78:Core/Src/main.c ****         }
  79:Core/Src/main.c **** 
  80:Core/Src/main.c ****         if(g_btn_event){
  81:Core/Src/main.c ****             SET_BIT(GPIOA->BSRR, GPIO_BSRR_BS5);
 273              		.loc 1 81 13 view .LVU62
 274 0008 0D4A     		ldr	r2, .L38
 275 000a 9369     		ldr	r3, [r2, #24]
 276 000c 43F02003 		orr	r3, r3, #32
 277 0010 9361     		str	r3, [r2, #24]
 278              	.L34:
  82:Core/Src/main.c ****         }else{
  83:Core/Src/main.c ****             SET_BIT(GPIOA->BSRR, GPIO_BSRR_BR5);
  84:Core/Src/main.c ****         }
  85:Core/Src/main.c ****         Wait();
 279              		.loc 1 85 9 view .LVU63
 280 0012 FFF7FEFF 		bl	Wait
 281              	.LVL1:
  72:Core/Src/main.c ****     while (1)
 282              		.loc 1 72 11 view .LVU64
 283              	.L35:
  72:Core/Src/main.c ****     while (1)
 284              		.loc 1 72 5 view .LVU65
  75:Core/Src/main.c ****             g_btn_event = 1;
 285              		.loc 1 75 9 view .LVU66
  75:Core/Src/main.c ****             g_btn_event = 1;
 286              		.loc 1 75 12 is_stmt 0 view .LVU67
 287 0016 FFF7FEFF 		bl	pressedButton_PD2
 288              	.LVL2:
  75:Core/Src/main.c ****             g_btn_event = 1;
 289              		.loc 1 75 11 discriminator 1 view .LVU68
 290 001a 30B1     		cbz	r0, .L32
  76:Core/Src/main.c ****             g_btn_timer = 60000;
 291              		.loc 1 76 13 is_stmt 1 view .LVU69
  76:Core/Src/main.c ****             g_btn_timer = 60000;
 292              		.loc 1 76 25 is_stmt 0 view .LVU70
 293 001c 094B     		ldr	r3, .L38+4
 294 001e 0122     		movs	r2, #1
 295 0020 1A70     		strb	r2, [r3]
  77:Core/Src/main.c ****         }
 296              		.loc 1 77 13 is_stmt 1 view .LVU71
  77:Core/Src/main.c ****         }
 297              		.loc 1 77 25 is_stmt 0 view .LVU72
 298 0022 094B     		ldr	r3, .L38+8
ARM GAS  C:\Users\VICTUS\AppData\Local\Temp\ccltJpQU.s 			page 8


 299 0024 4EF66022 		movw	r2, #60000
 300 0028 1A60     		str	r2, [r3]
 301              	.L32:
  80:Core/Src/main.c ****             SET_BIT(GPIOA->BSRR, GPIO_BSRR_BS5);
 302              		.loc 1 80 9 is_stmt 1 view .LVU73
  80:Core/Src/main.c ****             SET_BIT(GPIOA->BSRR, GPIO_BSRR_BS5);
 303              		.loc 1 80 12 is_stmt 0 view .LVU74
 304 002a 064B     		ldr	r3, .L38+4
 305 002c 1B78     		ldrb	r3, [r3]	@ zero_extendqisi2
  80:Core/Src/main.c ****             SET_BIT(GPIOA->BSRR, GPIO_BSRR_BS5);
 306              		.loc 1 80 11 view .LVU75
 307 002e 002B     		cmp	r3, #0
 308 0030 EAD1     		bne	.L37
  83:Core/Src/main.c ****         }
 309              		.loc 1 83 13 is_stmt 1 view .LVU76
 310 0032 034A     		ldr	r2, .L38
 311 0034 9369     		ldr	r3, [r2, #24]
 312 0036 43F40013 		orr	r3, r3, #2097152
 313 003a 9361     		str	r3, [r2, #24]
 314 003c E9E7     		b	.L34
 315              	.L39:
 316 003e 00BF     		.align	2
 317              	.L38:
 318 0040 00000240 		.word	1073872896
 319 0044 00000000 		.word	g_btn_event
 320 0048 00000000 		.word	g_btn_timer
 321              		.cfi_endproc
 322              	.LFE133:
 324              		.global	c
 325              		.section	.bss.c,"aw",%nobits
 326              		.align	2
 329              	c:
 330 0000 00000000 		.space	4
 331              		.global	b
 332              		.section	.bss.b,"aw",%nobits
 333              		.align	2
 336              	b:
 337 0000 00000000 		.space	4
 338              		.global	a
 339              		.section	.bss.a,"aw",%nobits
 340              		.align	2
 343              	a:
 344 0000 00000000 		.space	4
 345              		.global	g_btn_timer
 346              		.section	.bss.g_btn_timer,"aw",%nobits
 347              		.align	2
 350              	g_btn_timer:
 351 0000 00000000 		.space	4
 352              		.global	g_btn_event
 353              		.section	.bss.g_btn_event,"aw",%nobits
 356              	g_btn_event:
 357 0000 00       		.space	1
 358              		.global	buttonDPushed
 359              		.section	.bss.buttonDPushed,"aw",%nobits
 360              		.align	2
 363              	buttonDPushed:
 364 0000 00000000 		.space	4
ARM GAS  C:\Users\VICTUS\AppData\Local\Temp\ccltJpQU.s 			page 9


 365              		.global	buttonCPushed
 366              		.section	.bss.buttonCPushed,"aw",%nobits
 367              		.align	2
 370              	buttonCPushed:
 371 0000 00000000 		.space	4
 372              		.global	ledOn
 373              		.section	.bss.ledOn,"aw",%nobits
 374              		.align	2
 377              	ledOn:
 378 0000 00000000 		.space	4
 379              		.global	heartbeat
 380              		.section	.bss.heartbeat,"aw",%nobits
 381              		.align	2
 384              	heartbeat:
 385 0000 00000000 		.space	4
 386              		.text
 387              	.Letext0:
 388              		.file 2 "D:/Tools/xpack-arm-none-eabi-gcc-13.2.1-1.1/arm-none-eabi/include/machine/_default_types.
 389              		.file 3 "D:/Tools/xpack-arm-none-eabi-gcc-13.2.1-1.1/arm-none-eabi/include/sys/_stdint.h"
 390              		.file 4 "CMSIS/Devices/STM32F4xx/Inc/STM32F411RE/stm32f411xe.h"
 391              		.file 5 "Core/Src/../Inc/init.h"
ARM GAS  C:\Users\VICTUS\AppData\Local\Temp\ccltJpQU.s 			page 10


DEFINED SYMBOLS
                            *ABS*:00000000 main.c
C:\Users\VICTUS\AppData\Local\Temp\ccltJpQU.s:21     .text.pressedButton_PC13:00000000 $t
C:\Users\VICTUS\AppData\Local\Temp\ccltJpQU.s:27     .text.pressedButton_PC13:00000000 pressedButton_PC13
C:\Users\VICTUS\AppData\Local\Temp\ccltJpQU.s:107    .text.pressedButton_PC13:00000044 $d
C:\Users\VICTUS\AppData\Local\Temp\ccltJpQU.s:112    .text.pressedButton_PD2:00000000 $t
C:\Users\VICTUS\AppData\Local\Temp\ccltJpQU.s:118    .text.pressedButton_PD2:00000000 pressedButton_PD2
C:\Users\VICTUS\AppData\Local\Temp\ccltJpQU.s:198    .text.pressedButton_PD2:00000044 $d
C:\Users\VICTUS\AppData\Local\Temp\ccltJpQU.s:203    .text.Wait:00000000 $t
C:\Users\VICTUS\AppData\Local\Temp\ccltJpQU.s:209    .text.Wait:00000000 Wait
C:\Users\VICTUS\AppData\Local\Temp\ccltJpQU.s:244    .text.Wait:0000001c $d
C:\Users\VICTUS\AppData\Local\Temp\ccltJpQU.s:350    .bss.g_btn_timer:00000000 g_btn_timer
C:\Users\VICTUS\AppData\Local\Temp\ccltJpQU.s:356    .bss.g_btn_event:00000000 g_btn_event
C:\Users\VICTUS\AppData\Local\Temp\ccltJpQU.s:250    .text.main:00000000 $t
C:\Users\VICTUS\AppData\Local\Temp\ccltJpQU.s:256    .text.main:00000000 main
C:\Users\VICTUS\AppData\Local\Temp\ccltJpQU.s:318    .text.main:00000040 $d
C:\Users\VICTUS\AppData\Local\Temp\ccltJpQU.s:329    .bss.c:00000000 c
C:\Users\VICTUS\AppData\Local\Temp\ccltJpQU.s:326    .bss.c:00000000 $d
C:\Users\VICTUS\AppData\Local\Temp\ccltJpQU.s:336    .bss.b:00000000 b
C:\Users\VICTUS\AppData\Local\Temp\ccltJpQU.s:333    .bss.b:00000000 $d
C:\Users\VICTUS\AppData\Local\Temp\ccltJpQU.s:343    .bss.a:00000000 a
C:\Users\VICTUS\AppData\Local\Temp\ccltJpQU.s:340    .bss.a:00000000 $d
C:\Users\VICTUS\AppData\Local\Temp\ccltJpQU.s:347    .bss.g_btn_timer:00000000 $d
C:\Users\VICTUS\AppData\Local\Temp\ccltJpQU.s:357    .bss.g_btn_event:00000000 $d
C:\Users\VICTUS\AppData\Local\Temp\ccltJpQU.s:363    .bss.buttonDPushed:00000000 buttonDPushed
C:\Users\VICTUS\AppData\Local\Temp\ccltJpQU.s:360    .bss.buttonDPushed:00000000 $d
C:\Users\VICTUS\AppData\Local\Temp\ccltJpQU.s:370    .bss.buttonCPushed:00000000 buttonCPushed
C:\Users\VICTUS\AppData\Local\Temp\ccltJpQU.s:367    .bss.buttonCPushed:00000000 $d
C:\Users\VICTUS\AppData\Local\Temp\ccltJpQU.s:377    .bss.ledOn:00000000 ledOn
C:\Users\VICTUS\AppData\Local\Temp\ccltJpQU.s:374    .bss.ledOn:00000000 $d
C:\Users\VICTUS\AppData\Local\Temp\ccltJpQU.s:384    .bss.heartbeat:00000000 heartbeat
C:\Users\VICTUS\AppData\Local\Temp\ccltJpQU.s:381    .bss.heartbeat:00000000 $d

UNDEFINED SYMBOLS
GPIO_Init_CMSIS
