ARM GAS  C:\Users\VICTUS\AppData\Local\Temp\ccHr2KFe.s 			page 1


   1              		.cpu cortex-m4
   2              		.arch armv7e-m
   3              		.fpu fpv4-sp-d16
   4              		.eabi_attribute 27, 1
   5              		.eabi_attribute 28, 1
   6              		.eabi_attribute 20, 1
   7              		.eabi_attribute 21, 1
   8              		.eabi_attribute 23, 3
   9              		.eabi_attribute 24, 1
  10              		.eabi_attribute 25, 1
  11              		.eabi_attribute 26, 1
  12              		.eabi_attribute 30, 1
  13              		.eabi_attribute 34, 1
  14              		.eabi_attribute 18, 4
  15              		.file	"main.c"
  16              		.text
  17              	.Ltext0:
  18              		.cfi_sections	.debug_frame
  19              		.file 1 "Core/Src/main.c"
  20              		.section	.text.main,"ax",%progbits
  21              		.align	1
  22              		.global	main
  23              		.syntax unified
  24              		.thumb
  25              		.thumb_func
  27              	main:
  28              	.LFB130:
   1:Core/Src/main.c **** #include "kursach.h"
   2:Core/Src/main.c **** 
   3:Core/Src/main.c **** int main(void)
   4:Core/Src/main.c **** {
  29              		.loc 1 4 1 view -0
  30              		.cfi_startproc
  31              		@ Volatile: function does not return.
  32              		@ args = 0, pretend = 0, frame = 0
  33              		@ frame_needed = 0, uses_anonymous_args = 0
  34 0000 08B5     		push	{r3, lr}
  35              	.LCFI0:
  36              		.cfi_def_cfa_offset 8
  37              		.cfi_offset 3, -8
  38              		.cfi_offset 14, -4
   5:Core/Src/main.c ****     /* --- INIT --- */
   6:Core/Src/main.c ****     RCC_Init();
  39              		.loc 1 6 5 view .LVU1
  40 0002 FFF7FEFF 		bl	RCC_Init
  41              	.LVL0:
   7:Core/Src/main.c ****     GPIO_Init();
  42              		.loc 1 7 5 view .LVU2
  43 0006 FFF7FEFF 		bl	GPIO_Init
  44              	.LVL1:
   8:Core/Src/main.c ****     ADC_Init();
  45              		.loc 1 8 5 view .LVU3
  46 000a FFF7FEFF 		bl	ADC_Init
  47              	.LVL2:
  48 000e 01E0     		b	.L2
  49              	.L6:
   9:Core/Src/main.c **** 
ARM GAS  C:\Users\VICTUS\AppData\Local\Temp\ccHr2KFe.s 			page 2


  10:Core/Src/main.c ****     while (1)
  11:Core/Src/main.c ****     {
  12:Core/Src/main.c ****         /* 1. Калибровка (всегда доступна) */
  13:Core/Src/main.c ****         Calibration_Process();
  14:Core/Src/main.c **** 
  15:Core/Src/main.c ****         /* 2. Чтение ADC */
  16:Core/Src/main.c ****         LineSensors_ReadADC();
  17:Core/Src/main.c **** 
  18:Core/Src/main.c ****         /* 3. Обработка */
  19:Core/Src/main.c ****         LineSensors_Process();
  20:Core/Src/main.c **** 
  21:Core/Src/main.c ****         if (sensor_center)
  22:Core/Src/main.c ****         {
  23:Core/Src/main.c ****             Motor_Forward();
  50              		.loc 1 23 13 view .LVU4
  51 0010 FFF7FEFF 		bl	Motor_Forward
  52              	.LVL3:
  53              	.L2:
  10:Core/Src/main.c ****     {
  54              		.loc 1 10 5 view .LVU5
  13:Core/Src/main.c **** 
  55              		.loc 1 13 9 view .LVU6
  56 0014 FFF7FEFF 		bl	Calibration_Process
  57              	.LVL4:
  16:Core/Src/main.c **** 
  58              		.loc 1 16 9 view .LVU7
  59 0018 FFF7FEFF 		bl	LineSensors_ReadADC
  60              	.LVL5:
  19:Core/Src/main.c **** 
  61              		.loc 1 19 9 view .LVU8
  62 001c FFF7FEFF 		bl	LineSensors_Process
  63              	.LVL6:
  21:Core/Src/main.c ****         {
  64              		.loc 1 21 9 view .LVU9
  21:Core/Src/main.c ****         {
  65              		.loc 1 21 13 is_stmt 0 view .LVU10
  66 0020 034B     		ldr	r3, .L7
  67 0022 1B78     		ldrb	r3, [r3]	@ zero_extendqisi2
  21:Core/Src/main.c ****         {
  68              		.loc 1 21 12 view .LVU11
  69 0024 002B     		cmp	r3, #0
  70 0026 F3D1     		bne	.L6
  24:Core/Src/main.c ****         }
  25:Core/Src/main.c ****         else
  26:Core/Src/main.c ****         {
  27:Core/Src/main.c ****             Motor_Stop();
  71              		.loc 1 27 13 is_stmt 1 view .LVU12
  72 0028 FFF7FEFF 		bl	Motor_Stop
  73              	.LVL7:
  74 002c F2E7     		b	.L2
  75              	.L8:
  76 002e 00BF     		.align	2
  77              	.L7:
  78 0030 00000000 		.word	sensor_center
  79              		.cfi_endproc
  80              	.LFE130:
  82              		.text
ARM GAS  C:\Users\VICTUS\AppData\Local\Temp\ccHr2KFe.s 			page 3


  83              	.Letext0:
  84              		.file 2 "D:/Tools/xpack-arm-none-eabi-gcc-13.2.1-1.1/arm-none-eabi/include/machine/_default_types.
  85              		.file 3 "D:/Tools/xpack-arm-none-eabi-gcc-13.2.1-1.1/arm-none-eabi/include/sys/_stdint.h"
  86              		.file 4 "Core/Inc/kursach.h"
ARM GAS  C:\Users\VICTUS\AppData\Local\Temp\ccHr2KFe.s 			page 4


DEFINED SYMBOLS
                            *ABS*:00000000 main.c
C:\Users\VICTUS\AppData\Local\Temp\ccHr2KFe.s:21     .text.main:00000000 $t
C:\Users\VICTUS\AppData\Local\Temp\ccHr2KFe.s:27     .text.main:00000000 main
C:\Users\VICTUS\AppData\Local\Temp\ccHr2KFe.s:78     .text.main:00000030 $d

UNDEFINED SYMBOLS
RCC_Init
GPIO_Init
ADC_Init
Motor_Forward
Calibration_Process
LineSensors_ReadADC
LineSensors_Process
Motor_Stop
sensor_center
