ARM GAS  C:\Users\VICTUS\AppData\Local\Temp\cckznsb6.s 			page 1


   1              		.cpu cortex-m4
   2              		.arch armv7e-m
   3              		.fpu fpv4-sp-d16
   4              		.eabi_attribute 27, 1
   5              		.eabi_attribute 28, 1
   6              		.eabi_attribute 20, 1
   7              		.eabi_attribute 21, 1
   8              		.eabi_attribute 23, 3
   9              		.eabi_attribute 24, 1
  10              		.eabi_attribute 25, 1
  11              		.eabi_attribute 26, 1
  12              		.eabi_attribute 30, 1
  13              		.eabi_attribute 34, 1
  14              		.eabi_attribute 18, 4
  15              		.file	"sensors.c"
  16              		.text
  17              	.Ltext0:
  18              		.cfi_sections	.debug_frame
  19              		.file 1 "Core/Src/sensors.c"
  20              		.section	.text.read_left_sensor,"ax",%progbits
  21              		.align	1
  22              		.global	read_left_sensor
  23              		.syntax unified
  24              		.thumb
  25              		.thumb_func
  27              	read_left_sensor:
  28              	.LFB130:
   1:Core/Src/sensors.c **** #include "sensors.h"
   2:Core/Src/sensors.c **** 
   3:Core/Src/sensors.c **** /**
   4:Core/Src/sensors.c ****  * @brief Чтение датчика, подключенного к PA0
   5:Core/Src/sensors.c ****  * @returns 1 если черная линия, иначе 0
   6:Core/Src/sensors.c ****  */
   7:Core/Src/sensors.c **** uint8_t read_left_sensor(void)
   8:Core/Src/sensors.c **** {
  29              		.loc 1 8 1 view -0
  30              		.cfi_startproc
  31              		@ args = 0, pretend = 0, frame = 0
  32              		@ frame_needed = 0, uses_anonymous_args = 0
  33              		@ link register save eliminated.
   9:Core/Src/sensors.c ****     return READ_BIT(GPIOA->IDR, GPIO_IDR_IDR_0) ? 1U : 0U;
  34              		.loc 1 9 5 view .LVU1
  35              		.loc 1 9 12 is_stmt 0 view .LVU2
  36 0000 024B     		ldr	r3, .L2
  37 0002 1869     		ldr	r0, [r3, #16]
  10:Core/Src/sensors.c **** }
  38              		.loc 1 10 1 view .LVU3
  39 0004 00F00100 		and	r0, r0, #1
  40 0008 7047     		bx	lr
  41              	.L3:
  42 000a 00BF     		.align	2
  43              	.L2:
  44 000c 00000240 		.word	1073872896
  45              		.cfi_endproc
  46              	.LFE130:
  48              		.section	.text.read_middle_sensor,"ax",%progbits
  49              		.align	1
ARM GAS  C:\Users\VICTUS\AppData\Local\Temp\cckznsb6.s 			page 2


  50              		.global	read_middle_sensor
  51              		.syntax unified
  52              		.thumb
  53              		.thumb_func
  55              	read_middle_sensor:
  56              	.LFB131:
  11:Core/Src/sensors.c **** 
  12:Core/Src/sensors.c **** /**
  13:Core/Src/sensors.c ****  * @brief Чтение центрального датчика, подключенного к PA1
  14:Core/Src/sensors.c ****  * @returns 1 если черная линия, иначе 0
  15:Core/Src/sensors.c ****  */
  16:Core/Src/sensors.c **** uint8_t read_middle_sensor(void)
  17:Core/Src/sensors.c **** {
  57              		.loc 1 17 1 is_stmt 1 view -0
  58              		.cfi_startproc
  59              		@ args = 0, pretend = 0, frame = 0
  60              		@ frame_needed = 0, uses_anonymous_args = 0
  61              		@ link register save eliminated.
  18:Core/Src/sensors.c ****     return READ_BIT(GPIOA->IDR, GPIO_IDR_IDR_1) ? 1U : 0U;
  62              		.loc 1 18 5 view .LVU5
  63              		.loc 1 18 12 is_stmt 0 view .LVU6
  64 0000 044B     		ldr	r3, .L7
  65 0002 1B69     		ldr	r3, [r3, #16]
  66              		.loc 1 18 54 view .LVU7
  67 0004 13F0020F 		tst	r3, #2
  68 0008 01D0     		beq	.L6
  69              		.loc 1 18 54 discriminator 1 view .LVU8
  70 000a 0120     		movs	r0, #1
  71 000c 7047     		bx	lr
  72              	.L6:
  73              		.loc 1 18 54 discriminator 2 view .LVU9
  74 000e 0020     		movs	r0, #0
  19:Core/Src/sensors.c **** }
  75              		.loc 1 19 1 view .LVU10
  76 0010 7047     		bx	lr
  77              	.L8:
  78 0012 00BF     		.align	2
  79              	.L7:
  80 0014 00000240 		.word	1073872896
  81              		.cfi_endproc
  82              	.LFE131:
  84              		.section	.text.read_right_sensor,"ax",%progbits
  85              		.align	1
  86              		.global	read_right_sensor
  87              		.syntax unified
  88              		.thumb
  89              		.thumb_func
  91              	read_right_sensor:
  92              	.LFB132:
  20:Core/Src/sensors.c **** 
  21:Core/Src/sensors.c **** /**
  22:Core/Src/sensors.c ****  * @brief Чтение датчика, подключенного к PA4
  23:Core/Src/sensors.c ****  * @returns 1 если черная линия, иначе 0
  24:Core/Src/sensors.c ****  */
  25:Core/Src/sensors.c **** uint8_t read_right_sensor(void)
  26:Core/Src/sensors.c **** {
  93              		.loc 1 26 1 is_stmt 1 view -0
ARM GAS  C:\Users\VICTUS\AppData\Local\Temp\cckznsb6.s 			page 3


  94              		.cfi_startproc
  95              		@ args = 0, pretend = 0, frame = 0
  96              		@ frame_needed = 0, uses_anonymous_args = 0
  97              		@ link register save eliminated.
  27:Core/Src/sensors.c ****     return READ_BIT(GPIOA->IDR, GPIO_IDR_IDR_4) ? 1U : 0U;
  98              		.loc 1 27 5 view .LVU12
  99              		.loc 1 27 12 is_stmt 0 view .LVU13
 100 0000 044B     		ldr	r3, .L12
 101 0002 1B69     		ldr	r3, [r3, #16]
 102              		.loc 1 27 54 view .LVU14
 103 0004 13F0100F 		tst	r3, #16
 104 0008 01D0     		beq	.L11
 105              		.loc 1 27 54 discriminator 1 view .LVU15
 106 000a 0120     		movs	r0, #1
 107 000c 7047     		bx	lr
 108              	.L11:
 109              		.loc 1 27 54 discriminator 2 view .LVU16
 110 000e 0020     		movs	r0, #0
  28:Core/Src/sensors.c **** }...
 111              		.loc 1 28 1 view .LVU17
 112 0010 7047     		bx	lr
 113              	.L13:
 114 0012 00BF     		.align	2
 115              	.L12:
 116 0014 00000240 		.word	1073872896
 117              		.cfi_endproc
 118              	.LFE132:
 120              		.text
 121              	.Letext0:
 122              		.file 2 "D:/Tools/xpack-arm-none-eabi-gcc-13.2.1-1.1/arm-none-eabi/include/machine/_default_types.
 123              		.file 3 "D:/Tools/xpack-arm-none-eabi-gcc-13.2.1-1.1/arm-none-eabi/include/sys/_stdint.h"
 124              		.file 4 "CMSIS/Devices/STM32F4xx/Inc/STM32F411RE/stm32f411xe.h"
ARM GAS  C:\Users\VICTUS\AppData\Local\Temp\cckznsb6.s 			page 4


DEFINED SYMBOLS
                            *ABS*:00000000 sensors.c
C:\Users\VICTUS\AppData\Local\Temp\cckznsb6.s:21     .text.read_left_sensor:00000000 $t
C:\Users\VICTUS\AppData\Local\Temp\cckznsb6.s:27     .text.read_left_sensor:00000000 read_left_sensor
C:\Users\VICTUS\AppData\Local\Temp\cckznsb6.s:44     .text.read_left_sensor:0000000c $d
C:\Users\VICTUS\AppData\Local\Temp\cckznsb6.s:49     .text.read_middle_sensor:00000000 $t
C:\Users\VICTUS\AppData\Local\Temp\cckznsb6.s:55     .text.read_middle_sensor:00000000 read_middle_sensor
C:\Users\VICTUS\AppData\Local\Temp\cckznsb6.s:80     .text.read_middle_sensor:00000014 $d
C:\Users\VICTUS\AppData\Local\Temp\cckznsb6.s:85     .text.read_right_sensor:00000000 $t
C:\Users\VICTUS\AppData\Local\Temp\cckznsb6.s:91     .text.read_right_sensor:00000000 read_right_sensor
C:\Users\VICTUS\AppData\Local\Temp\cckznsb6.s:116    .text.read_right_sensor:00000014 $d

NO UNDEFINED SYMBOLS
