ARM GAS  C:\Users\VICTUS\AppData\Local\Temp\ccvSjeki.s 			page 1


   1              		.cpu cortex-m4
   2              		.arch armv7e-m
   3              		.fpu fpv4-sp-d16
   4              		.eabi_attribute 27, 1
   5              		.eabi_attribute 28, 1
   6              		.eabi_attribute 20, 1
   7              		.eabi_attribute 21, 1
   8              		.eabi_attribute 23, 3
   9              		.eabi_attribute 24, 1
  10              		.eabi_attribute 25, 1
  11              		.eabi_attribute 26, 1
  12              		.eabi_attribute 30, 1
  13              		.eabi_attribute 34, 1
  14              		.eabi_attribute 18, 4
  15              		.file	"init.c"
  16              		.text
  17              	.Ltext0:
  18              		.cfi_sections	.debug_frame
  19              		.file 1 "Core/Src/init.c"
  20              		.section	.text.GPIO_Init_Memory,"ax",%progbits
  21              		.align	1
  22              		.global	GPIO_Init_Memory
  23              		.syntax unified
  24              		.thumb
  25              		.thumb_func
  27              	GPIO_Init_Memory:
  28              	.LFB0:
   1:Core/Src/init.c **** #include "../Inc/init.h"
   2:Core/Src/init.c **** 
   3:Core/Src/init.c **** void GPIO_Init_Memory(void){
  29              		.loc 1 3 28 view -0
  30              		.cfi_startproc
  31              		@ args = 0, pretend = 0, frame = 0
  32              		@ frame_needed = 0, uses_anonymous_args = 0
  33              		@ link register save eliminated.
   4:Core/Src/init.c ****         *(uint32_t *)(0x40023800UL + 0x30UL) |= 0x02UL;
  34              		.loc 1 4 9 view .LVU1
  35 0000 0D4A     		ldr	r2, .L2
  36 0002 D2F83038 		ldr	r3, [r2, #2096]
  37              		.loc 1 4 46 is_stmt 0 view .LVU2
  38 0006 43F00203 		orr	r3, r3, #2
  39 000a C2F83038 		str	r3, [r2, #2096]
   5:Core/Src/init.c ****         *(uint32_t *)(0x40020400UL + 0x00UL) |= 0x4000UL;
  40              		.loc 1 5 9 is_stmt 1 view .LVU3
  41 000e 0B4B     		ldr	r3, .L2+4
  42 0010 D3F80024 		ldr	r2, [r3, #1024]
  43              		.loc 1 5 46 is_stmt 0 view .LVU4
  44 0014 42F48042 		orr	r2, r2, #16384
  45 0018 C3F80024 		str	r2, [r3, #1024]
   6:Core/Src/init.c ****         *(uint32_t *)(0x40020400UL + 0x04UL) |= 0x00UL;
  46              		.loc 1 6 9 is_stmt 1 view .LVU5
   7:Core/Src/init.c ****         *(uint32_t *)(0x40020400UL + 0x08UL) |= 0x4000UL;
  47              		.loc 1 7 9 view .LVU6
  48 001c D3F80824 		ldr	r2, [r3, #1032]
  49              		.loc 1 7 46 is_stmt 0 view .LVU7
  50 0020 42F48042 		orr	r2, r2, #16384
  51 0024 C3F80824 		str	r2, [r3, #1032]
ARM GAS  C:\Users\VICTUS\AppData\Local\Temp\ccvSjeki.s 			page 2


   8:Core/Src/init.c ****         *(uint32_t *)(0x40020400UL + 0x18UL) |= 0x800000UL;
  52              		.loc 1 8 9 is_stmt 1 view .LVU8
  53 0028 D3F81824 		ldr	r2, [r3, #1048]
  54              		.loc 1 8 46 is_stmt 0 view .LVU9
  55 002c 42F40002 		orr	r2, r2, #8388608
  56 0030 C3F81824 		str	r2, [r3, #1048]
   9:Core/Src/init.c **** }
  57              		.loc 1 9 1 view .LVU10
  58 0034 7047     		bx	lr
  59              	.L3:
  60 0036 00BF     		.align	2
  61              	.L2:
  62 0038 00300240 		.word	1073885184
  63 003c 00000240 		.word	1073872896
  64              		.cfi_endproc
  65              	.LFE0:
  67              		.section	.text.GPIO_Init_With_My_Macros,"ax",%progbits
  68              		.align	1
  69              		.global	GPIO_Init_With_My_Macros
  70              		.syntax unified
  71              		.thumb
  72              		.thumb_func
  74              	GPIO_Init_With_My_Macros:
  75              	.LFB1:
  10:Core/Src/init.c **** 
  11:Core/Src/init.c **** void GPIO_Init_With_My_Macros(void){
  76              		.loc 1 11 36 is_stmt 1 view -0
  77              		.cfi_startproc
  78              		@ args = 0, pretend = 0, frame = 0
  79              		@ frame_needed = 0, uses_anonymous_args = 0
  80              		@ link register save eliminated.
  12:Core/Src/init.c ****     RCC_AHB1ENR |= RCC_GPIOB_EN | RCC_GPIOC_EN;
  81              		.loc 1 12 5 view .LVU12
  82 0000 0D4A     		ldr	r2, .L5
  83 0002 D2F83038 		ldr	r3, [r2, #2096]
  84              		.loc 1 12 17 is_stmt 0 view .LVU13
  85 0006 43F00603 		orr	r3, r3, #6
  86 000a C2F83038 		str	r3, [r2, #2096]
  13:Core/Src/init.c ****     
  14:Core/Src/init.c ****     BIT_SET(GPIOB_MODER,    GPIO_PIN_OUT_7);
  87              		.loc 1 14 5 is_stmt 1 view .LVU14
  88 000e 0B4B     		ldr	r3, .L5+4
  89 0010 D3F80024 		ldr	r2, [r3, #1024]
  90 0014 42F48042 		orr	r2, r2, #16384
  91 0018 C3F80024 		str	r2, [r3, #1024]
  15:Core/Src/init.c ****     BIT_SET(GPIOB_OTYPER,   GPIO_OFF);
  92              		.loc 1 15 5 view .LVU15
  16:Core/Src/init.c ****     BIT_SET(GPIOB_OSPEEDR,  GPIO_PIN_MED_7);
  93              		.loc 1 16 5 view .LVU16
  94 001c D3F80824 		ldr	r2, [r3, #1032]
  95 0020 42F48042 		orr	r2, r2, #16384
  96 0024 C3F80824 		str	r2, [r3, #1032]
  17:Core/Src/init.c ****     BIT_SET(GPIOB_BSSR,     GPIO_PIN_RESET_7);
  97              		.loc 1 17 5 view .LVU17
  98 0028 D3F81824 		ldr	r2, [r3, #1048]
  99 002c 42F40002 		orr	r2, r2, #8388608
 100 0030 C3F81824 		str	r2, [r3, #1048]
ARM GAS  C:\Users\VICTUS\AppData\Local\Temp\ccvSjeki.s 			page 3


  18:Core/Src/init.c **** 
  19:Core/Src/init.c **** }
 101              		.loc 1 19 1 is_stmt 0 view .LVU18
 102 0034 7047     		bx	lr
 103              	.L6:
 104 0036 00BF     		.align	2
 105              	.L5:
 106 0038 00300240 		.word	1073885184
 107 003c 00000240 		.word	1073872896
 108              		.cfi_endproc
 109              	.LFE1:
 111              		.section	.text.GPIO_Init_CMSIS,"ax",%progbits
 112              		.align	1
 113              		.global	GPIO_Init_CMSIS
 114              		.syntax unified
 115              		.thumb
 116              		.thumb_func
 118              	GPIO_Init_CMSIS:
 119              	.LFB2:
  20:Core/Src/init.c **** void GPIO_Init_CMSIS(void){
 120              		.loc 1 20 27 is_stmt 1 view -0
 121              		.cfi_startproc
 122              		@ args = 0, pretend = 0, frame = 0
 123              		@ frame_needed = 0, uses_anonymous_args = 0
 124              		@ link register save eliminated.
  21:Core/Src/init.c **** 
  22:Core/Src/init.c **** }...
 125              		.loc 1 22 1 view .LVU20
 126 0000 7047     		bx	lr
 127              		.cfi_endproc
 128              	.LFE2:
 130              		.text
 131              	.Letext0:
 132              		.file 2 "D:/Tools/xpack-arm-none-eabi-gcc-13.2.1-1.1/arm-none-eabi/include/machine/_default_types.
 133              		.file 3 "D:/Tools/xpack-arm-none-eabi-gcc-13.2.1-1.1/arm-none-eabi/include/sys/_stdint.h"
ARM GAS  C:\Users\VICTUS\AppData\Local\Temp\ccvSjeki.s 			page 4


DEFINED SYMBOLS
                            *ABS*:00000000 init.c
C:\Users\VICTUS\AppData\Local\Temp\ccvSjeki.s:21     .text.GPIO_Init_Memory:00000000 $t
C:\Users\VICTUS\AppData\Local\Temp\ccvSjeki.s:27     .text.GPIO_Init_Memory:00000000 GPIO_Init_Memory
C:\Users\VICTUS\AppData\Local\Temp\ccvSjeki.s:62     .text.GPIO_Init_Memory:00000038 $d
C:\Users\VICTUS\AppData\Local\Temp\ccvSjeki.s:68     .text.GPIO_Init_With_My_Macros:00000000 $t
C:\Users\VICTUS\AppData\Local\Temp\ccvSjeki.s:74     .text.GPIO_Init_With_My_Macros:00000000 GPIO_Init_With_My_Macros
C:\Users\VICTUS\AppData\Local\Temp\ccvSjeki.s:106    .text.GPIO_Init_With_My_Macros:00000038 $d
C:\Users\VICTUS\AppData\Local\Temp\ccvSjeki.s:112    .text.GPIO_Init_CMSIS:00000000 $t
C:\Users\VICTUS\AppData\Local\Temp\ccvSjeki.s:118    .text.GPIO_Init_CMSIS:00000000 GPIO_Init_CMSIS

NO UNDEFINED SYMBOLS
