ARM GAS  C:\Users\VICTUS\AppData\Local\Temp\cc1xxDs5.s 			page 1


   1              		.cpu cortex-m4
   2              		.arch armv7e-m
   3              		.fpu fpv4-sp-d16
   4              		.eabi_attribute 27, 1
   5              		.eabi_attribute 28, 1
   6              		.eabi_attribute 20, 1
   7              		.eabi_attribute 21, 1
   8              		.eabi_attribute 23, 3
   9              		.eabi_attribute 24, 1
  10              		.eabi_attribute 25, 1
  11              		.eabi_attribute 26, 1
  12              		.eabi_attribute 30, 1
  13              		.eabi_attribute 34, 1
  14              		.eabi_attribute 18, 4
  15              		.file	"main.c"
  16              		.text
  17              	.Ltext0:
  18              		.cfi_sections	.debug_frame
  19              		.file 1 "Core/Src/main.c"
  20              		.section	.text.main,"ax",%progbits
  21              		.align	1
  22              		.global	main
  23              		.syntax unified
  24              		.thumb
  25              		.thumb_func
  27              	main:
  28              	.LFB130:
   1:Core/Src/main.c **** #include "../Inc/init.h"
   2:Core/Src/main.c **** 
   3:Core/Src/main.c **** __attribute__((used)) volatile uint32_t heartbeat = 0;
   4:Core/Src/main.c **** 
   5:Core/Src/main.c **** int main(void)
   6:Core/Src/main.c **** {
  29              		.loc 1 6 1 view -0
  30              		.cfi_startproc
  31              		@ args = 0, pretend = 0, frame = 0
  32              		@ frame_needed = 0, uses_anonymous_args = 0
  33 0000 38B5     		push	{r3, r4, r5, lr}
  34              	.LCFI0:
  35              		.cfi_def_cfa_offset 16
  36              		.cfi_offset 3, -16
  37              		.cfi_offset 4, -12
  38              		.cfi_offset 5, -8
  39              		.cfi_offset 14, -4
   7:Core/Src/main.c ****     GPIO_Init_CMSIS();
  40              		.loc 1 7 5 view .LVU1
  41 0002 FFF7FEFF 		bl	GPIO_Init_CMSIS
  42              	.LVL0:
  43              	.L4:
   8:Core/Src/main.c ****     while (1)
  44              		.loc 1 8 5 view .LVU2
  45              	.LBB2:
   9:Core/Src/main.c ****     {
  10:Core/Src/main.c ****         SET_BIT(GPIOA->BSRR, GPIO_BSRR_BR0); 
  46              		.loc 1 10 9 view .LVU3
  47              		.loc 1 10 22 is_stmt 0 view .LVU4
  48 0006 074D     		ldr	r5, .L6
ARM GAS  C:\Users\VICTUS\AppData\Local\Temp\cc1xxDs5.s 			page 2


  49 0008 A869     		ldr	r0, [r5, #24]
  50              		.loc 1 10 9 view .LVU5
  51 000a 4FF48031 		mov	r1, #65536
  52 000e FFF7FEFF 		bl	SET_BIT
  53              	.LVL1:
  11:Core/Src/main.c ****         SET_BIT(GPIOA->BSRR, GPIO_BSRR_BS0);
  54              		.loc 1 11 9 is_stmt 1 view .LVU6
  55              		.loc 1 11 22 is_stmt 0 view .LVU7
  56 0012 A869     		ldr	r0, [r5, #24]
  57              		.loc 1 11 9 view .LVU8
  58 0014 0121     		movs	r1, #1
  59 0016 FFF7FEFF 		bl	SET_BIT
  60              	.LVL2:
  12:Core/Src/main.c ****         for(int i; i < 1000000; i++); 
  61              		.loc 1 12 9 is_stmt 1 view .LVU9
  62              	.LBB3:
  63              		.loc 1 12 13 view .LVU10
  64              	.L2:
  65              		.loc 1 12 22 discriminator 1 view .LVU11
  66 001a 034B     		ldr	r3, .L6+4
  67 001c 9C42     		cmp	r4, r3
  68 001e F2DC     		bgt	.L4
  69              		.loc 1 12 34 discriminator 2 view .LVU12
  70 0020 0134     		adds	r4, r4, #1
  71              	.LVL3:
  72              		.loc 1 12 34 is_stmt 0 discriminator 2 view .LVU13
  73 0022 FAE7     		b	.L2
  74              	.L7:
  75              		.align	2
  76              	.L6:
  77 0024 00000240 		.word	1073872896
  78 0028 3F420F00 		.word	999999
  79              	.LBE3:
  80              	.LBE2:
  81              		.cfi_endproc
  82              	.LFE130:
  84              		.global	heartbeat
  85              		.section	.bss.heartbeat,"aw",%nobits
  86              		.align	2
  89              	heartbeat:
  90 0000 00000000 		.space	4
  91              		.text
  92              	.Letext0:
  93              		.file 2 "D:/Tools/xpack-arm-none-eabi-gcc-13.2.1-1.1/arm-none-eabi/include/machine/_default_types.
  94              		.file 3 "D:/Tools/xpack-arm-none-eabi-gcc-13.2.1-1.1/arm-none-eabi/include/sys/_stdint.h"
  95              		.file 4 "Core/Src/../Inc/../../CMSIS/Devices/STM32F4xx/Inc/STM32F411RE/stm32f411xe.h"
  96              		.file 5 "Core/Src/../Inc/init.h"
ARM GAS  C:\Users\VICTUS\AppData\Local\Temp\cc1xxDs5.s 			page 3


DEFINED SYMBOLS
                            *ABS*:00000000 main.c
C:\Users\VICTUS\AppData\Local\Temp\cc1xxDs5.s:21     .text.main:00000000 $t
C:\Users\VICTUS\AppData\Local\Temp\cc1xxDs5.s:27     .text.main:00000000 main
C:\Users\VICTUS\AppData\Local\Temp\cc1xxDs5.s:77     .text.main:00000024 $d
C:\Users\VICTUS\AppData\Local\Temp\cc1xxDs5.s:89     .bss.heartbeat:00000000 heartbeat
C:\Users\VICTUS\AppData\Local\Temp\cc1xxDs5.s:86     .bss.heartbeat:00000000 $d

UNDEFINED SYMBOLS
GPIO_Init_CMSIS
SET_BIT
