Archive member included to satisfy reference by file (symbol)

D:/Tools/xpack-arm-none-eabi-gcc-13.2.1-1.1/bin/../lib/gcc/arm-none-eabi/13.2.1/../../../../arm-none-eabi/lib/thumb/v7e-m+fp/hard\libc_nano.a(libc_a-atexit.o)
                              D:/Tools/xpack-arm-none-eabi-gcc-13.2.1-1.1/bin/../lib/gcc/arm-none-eabi/13.2.1/../../../../arm-none-eabi/lib/thumb/v7e-m+fp/hard/crt0.o (atexit)
D:/Tools/xpack-arm-none-eabi-gcc-13.2.1-1.1/bin/../lib/gcc/arm-none-eabi/13.2.1/../../../../arm-none-eabi/lib/thumb/v7e-m+fp/hard\libc_nano.a(libc_a-exit.o)
                              D:/Tools/xpack-arm-none-eabi-gcc-13.2.1-1.1/bin/../lib/gcc/arm-none-eabi/13.2.1/../../../../arm-none-eabi/lib/thumb/v7e-m+fp/hard/crt0.o (exit)
D:/Tools/xpack-arm-none-eabi-gcc-13.2.1-1.1/bin/../lib/gcc/arm-none-eabi/13.2.1/../../../../arm-none-eabi/lib/thumb/v7e-m+fp/hard\libc_nano.a(libc_a-findfp.o)
                              D:/Tools/xpack-arm-none-eabi-gcc-13.2.1-1.1/bin/../lib/gcc/arm-none-eabi/13.2.1/../../../../arm-none-eabi/lib/thumb/v7e-m+fp/hard\libc_nano.a(libc_a-exit.o) (__stdio_exit_handler)
D:/Tools/xpack-arm-none-eabi-gcc-13.2.1-1.1/bin/../lib/gcc/arm-none-eabi/13.2.1/../../../../arm-none-eabi/lib/thumb/v7e-m+fp/hard\libc_nano.a(libc_a-fwalk.o)
                              D:/Tools/xpack-arm-none-eabi-gcc-13.2.1-1.1/bin/../lib/gcc/arm-none-eabi/13.2.1/../../../../arm-none-eabi/lib/thumb/v7e-m+fp/hard\libc_nano.a(libc_a-findfp.o) (_fwalk_sglue)
D:/Tools/xpack-arm-none-eabi-gcc-13.2.1-1.1/bin/../lib/gcc/arm-none-eabi/13.2.1/../../../../arm-none-eabi/lib/thumb/v7e-m+fp/hard\libc_nano.a(libc_a-stdio.o)
                              D:/Tools/xpack-arm-none-eabi-gcc-13.2.1-1.1/bin/../lib/gcc/arm-none-eabi/13.2.1/../../../../arm-none-eabi/lib/thumb/v7e-m+fp/hard\libc_nano.a(libc_a-findfp.o) (__sread)
D:/Tools/xpack-arm-none-eabi-gcc-13.2.1-1.1/bin/../lib/gcc/arm-none-eabi/13.2.1/../../../../arm-none-eabi/lib/thumb/v7e-m+fp/hard\libc_nano.a(libc_a-memset.o)
                              D:/Tools/xpack-arm-none-eabi-gcc-13.2.1-1.1/bin/../lib/gcc/arm-none-eabi/13.2.1/../../../../arm-none-eabi/lib/thumb/v7e-m+fp/hard/crt0.o (memset)
D:/Tools/xpack-arm-none-eabi-gcc-13.2.1-1.1/bin/../lib/gcc/arm-none-eabi/13.2.1/../../../../arm-none-eabi/lib/thumb/v7e-m+fp/hard\libc_nano.a(libc_a-closer.o)
                              D:/Tools/xpack-arm-none-eabi-gcc-13.2.1-1.1/bin/../lib/gcc/arm-none-eabi/13.2.1/../../../../arm-none-eabi/lib/thumb/v7e-m+fp/hard\libc_nano.a(libc_a-stdio.o) (_close_r)
D:/Tools/xpack-arm-none-eabi-gcc-13.2.1-1.1/bin/../lib/gcc/arm-none-eabi/13.2.1/../../../../arm-none-eabi/lib/thumb/v7e-m+fp/hard\libc_nano.a(libc_a-reent.o)
                              D:/Tools/xpack-arm-none-eabi-gcc-13.2.1-1.1/bin/../lib/gcc/arm-none-eabi/13.2.1/../../../../arm-none-eabi/lib/thumb/v7e-m+fp/hard\libc_nano.a(libc_a-closer.o) (errno)
D:/Tools/xpack-arm-none-eabi-gcc-13.2.1-1.1/bin/../lib/gcc/arm-none-eabi/13.2.1/../../../../arm-none-eabi/lib/thumb/v7e-m+fp/hard\libc_nano.a(libc_a-impure.o)
                              D:/Tools/xpack-arm-none-eabi-gcc-13.2.1-1.1/bin/../lib/gcc/arm-none-eabi/13.2.1/../../../../arm-none-eabi/lib/thumb/v7e-m+fp/hard\libc_nano.a(libc_a-reent.o) (_impure_ptr)
D:/Tools/xpack-arm-none-eabi-gcc-13.2.1-1.1/bin/../lib/gcc/arm-none-eabi/13.2.1/../../../../arm-none-eabi/lib/thumb/v7e-m+fp/hard\libc_nano.a(libc_a-lseekr.o)
                              D:/Tools/xpack-arm-none-eabi-gcc-13.2.1-1.1/bin/../lib/gcc/arm-none-eabi/13.2.1/../../../../arm-none-eabi/lib/thumb/v7e-m+fp/hard\libc_nano.a(libc_a-stdio.o) (_lseek_r)
D:/Tools/xpack-arm-none-eabi-gcc-13.2.1-1.1/bin/../lib/gcc/arm-none-eabi/13.2.1/../../../../arm-none-eabi/lib/thumb/v7e-m+fp/hard\libc_nano.a(libc_a-readr.o)
                              D:/Tools/xpack-arm-none-eabi-gcc-13.2.1-1.1/bin/../lib/gcc/arm-none-eabi/13.2.1/../../../../arm-none-eabi/lib/thumb/v7e-m+fp/hard\libc_nano.a(libc_a-stdio.o) (_read_r)
D:/Tools/xpack-arm-none-eabi-gcc-13.2.1-1.1/bin/../lib/gcc/arm-none-eabi/13.2.1/../../../../arm-none-eabi/lib/thumb/v7e-m+fp/hard\libc_nano.a(libc_a-writer.o)
                              D:/Tools/xpack-arm-none-eabi-gcc-13.2.1-1.1/bin/../lib/gcc/arm-none-eabi/13.2.1/../../../../arm-none-eabi/lib/thumb/v7e-m+fp/hard\libc_nano.a(libc_a-stdio.o) (_write_r)
D:/Tools/xpack-arm-none-eabi-gcc-13.2.1-1.1/bin/../lib/gcc/arm-none-eabi/13.2.1/../../../../arm-none-eabi/lib/thumb/v7e-m+fp/hard\libc_nano.a(libc_a-errno.o)
                              build_F429ZI/syscalls.o (__errno)
D:/Tools/xpack-arm-none-eabi-gcc-13.2.1-1.1/bin/../lib/gcc/arm-none-eabi/13.2.1/../../../../arm-none-eabi/lib/thumb/v7e-m+fp/hard\libc_nano.a(libc_a-init.o)
                              D:/Tools/xpack-arm-none-eabi-gcc-13.2.1-1.1/bin/../lib/gcc/arm-none-eabi/13.2.1/../../../../arm-none-eabi/lib/thumb/v7e-m+fp/hard/crt0.o (__libc_init_array)
[...]
Memory Configuration

Name             Origin             Length             Attributes
RAM              0x20000000         0x00030000         xrw
CCMRAM           0x10000000         0x00010000         xrw
FLASH            0x08000000         0x00200000         xr
*default*        0x00000000         0xffffffff

Linker script and memory map

LOAD D:/Tools/xpack-arm-none-eabi-gcc-13.2.1-1.1/bin/../lib/gcc/arm-none-eabi/13.2.1/thumb/v7e-m+fp/hard/crti.o
LOAD D:/Tools/xpack-arm-none-eabi-gcc-13.2.1-1.1/bin/../lib/gcc/arm-none-eabi/13.2.1/thumb/v7e-m+fp/hard/crtbegin.o
LOAD D:/Tools/xpack-arm-none-eabi-gcc-13.2.1-1.1/bin/../lib/gcc/arm-none-eabi/13.2.1/../../../../arm-none-eabi/lib/thumb/v7e-m+fp/hard/crt0.o
LOAD build_F429ZI/system_stm32f4xx.o
LOAD build_F429ZI/syscalls.o
LOAD build_F429ZI/sysmem.o
LOAD build_F429ZI/main.o
LOAD build_F429ZI/init.o
LOAD build_F429ZI/init_LB1.o
LOAD build_F429ZI/startup_stm32f429xx.o
LOAD D:/Tools/xpack-arm-none-eabi-gcc-13.2.1-1.1/bin/../lib/gcc/arm-none-eabi/13.2.1/../../../../arm-none-eabi/lib/thumb/v7e-m+fp/hard\libc_nano.a
LOAD D:/Tools/xpack-arm-none-eabi-gcc-13.2.1-1.1/bin/../lib/gcc/arm-none-eabi/13.2.1/../../../../arm-none-eabi/lib/thumb/v7e-m+fp/hard\libm.a
LOAD D:/Tools/xpack-arm-none-eabi-gcc-13.2.1-1.1/bin/../lib/gcc/arm-none-eabi/13.2.1/../../../../arm-none-eabi/lib/thumb/v7e-m+fp/hard\libnosys.a
START GROUP
LOAD D:/Tools/xpack-arm-none-eabi-gcc-13.2.1-1.1/bin/../lib/gcc/arm-none-eabi/13.2.1/thumb/v7e-m+fp/hard\libgcc.a
LOAD D:/Tools/xpack-arm-none-eabi-gcc-13.2.1-1.1/bin/../lib/gcc/arm-none-eabi/13.2.1/../../../../arm-none-eabi/lib/thumb/v7e-m+fp/hard\libc_nano.a
END GROUP
START GROUP
LOAD D:/Tools/xpack-arm-none-eabi-gcc-13.2.1-1.1/bin/../lib/gcc/arm-none-eabi/13.2.1/thumb/v7e-m+fp/hard\libgcc.a
LOAD D:/Tools/xpack-arm-none-eabi-gcc-13.2.1-1.1/bin/../lib/gcc/arm-none-eabi/13.2.1/../../../../arm-none-eabi/lib/thumb/v7e-m+fp/hard\libc_nano.a
END GROUP
LOAD D:/Tools/xpack-arm-none-eabi-gcc-13.2.1-1.1/bin/../lib/gcc/arm-none-eabi/13.2.1/thumb/v7e-m+fp/hard/crtend.o
LOAD D:/Tools/xpack-arm-none-eabi-gcc-13.2.1-1.1/bin/../lib/gcc/arm-none-eabi/13.2.1/thumb/v7e-m+fp/hard/crtn.o
                0x20030000                        _estack = (ORIGIN (RAM) + LENGTH (RAM))
                0x00000200                        _Min_Heap_Size = 0x200
                0x00000400                        _Min_Stack_Size = 0x400

.isr_vector     0x08000000      0x1ac
                0x08000000                        . = ALIGN (0x4)
 *(.isr_vector)
 .isr_vector    0x08000000      0x1ac build_F429ZI/startup_stm32f429xx.o
                0x08000000                g_pfnVectors
                0x080001ac                        . = ALIGN (0x4)

.text           0x080001ac      0x56c
                0x080001ac                        . = ALIGN (0x4)
 *(.text)
 *(.text*)
 .text.__do_global_dtors_aux
                0x080001ac       0x24 D:/Tools/xpack-arm-none-eabi-gcc-13.2.1-1.1/bin/../lib/gcc/arm-none-eabi/13.2.1/thumb/v7e-m+fp/hard/crtbegin.o
 .text.frame_dummy
                0x080001d0       0x1c D:/Tools/xpack-arm-none-eabi-gcc-13.2.1-1.1/bin/../lib/gcc/arm-none-eabi/13.2.1/thumb/v7e-m+fp/hard/crtbegin.o
 .text.SystemInit
                0x080001ec       0x14 build_F429ZI/system_stm32f4xx.o
                0x080001ec                SystemInit
 .text.SystemCoreClockUpdate
                0x08000200       0xa0 build_F429ZI/system_stm32f4xx.o
                0x08000200                SystemCoreClockUpdate
 .text.SysTick_Handler
                0x080002a0       0x10 build_F429ZI/main.o
                0x080002a0                SysTick_Handler
 .text.LED_On_Index
                0x080002b0       0x60 build_F429ZI/main.o
                0x080002b0                LED_On_Index
 .text.LED_Off_Index
                0x08000310       0x60 build_F429ZI/main.o
                0x08000310                LED_Off_Index
 .text.LED_AllOff
                0x08000370       0x1c build_F429ZI/main.o
                0x08000370                LED_AllOff
 .text.LED_Next
                0x0800038c       0x4c build_F429ZI/main.o
                0x0800038c                LED_Next
 .text.EXTI2_IRQHandler
                0x080003d8       0x58 build_F429ZI/main.o
                0x080003d8                EXTI2_IRQHandler
 .text.GPIO_Init_LEDs
                0x08000430       0x58 build_F429ZI/main.o
                0x08000430                GPIO_Init_LEDs
 .text.GPIO_Init_Button_PD2_Pulldown
                0x08000488       0x30 build_F429ZI/main.o
                0x08000488                GPIO_Init_Button_PD2_Pulldown
 .text.EXTI_Init_PD2
                0x080004b8       0x54 build_F429ZI/main.o
                0x080004b8                EXTI_Init_PD2
 .text.SysTick_Init_1ms
                0x0800050c       0x48 build_F429ZI/main.o
                0x0800050c                SysTick_Init_1ms
 .text.Button_Process
                0x08000554       0x8c build_F429ZI/main.o
                0x08000554                Button_Process
 .text.Blink_Process
                0x080005e0       0x68 build_F429ZI/main.o
                0x080005e0                Blink_Process
 .text.main     0x08000648       0x1c build_F429ZI/main.o
                0x08000648                main
 .text.Reset_Handler
                0x08000664       0x50 build_F429ZI/startup_stm32f429xx.o
                0x08000664                Reset_Handler
 .text.Default_Handler
                0x080006b4        0x2 build_F429ZI/startup_stm32f429xx.o
                0x080006b4                RTC_Alarm_IRQHandler
                0x080006b4                HASH_RNG_IRQHandler
                0x080006b4                TIM8_CC_IRQHandler
                0x080006b4                DebugMon_Handler
                0x080006b4                UART8_IRQHandler
                0x080006b4                SPI4_IRQHandler
                0x080006b4                TIM1_CC_IRQHandler
                0x080006b4                DMA2_Stream5_IRQHandler
                0x080006b4                HardFault_Handler
                0x080006b4                DMA1_Stream5_IRQHandler
                0x080006b4                PVD_IRQHandler
                0x080006b4                SDIO_IRQHandler
                0x080006b4                TAMP_STAMP_IRQHandler
                0x080006b4                PendSV_Handler
                0x080006b4                NMI_Handler
                0x080006b4                CAN2_RX1_IRQHandler
                0x080006b4                EXTI3_IRQHandler
                0x080006b4                TIM8_TRG_COM_TIM14_IRQHandler
                0x080006b4                TIM1_UP_TIM10_IRQHandler
                0x080006b4                TIM8_UP_TIM13_IRQHandler
                0x080006b4                I2C3_ER_IRQHandler
                0x080006b4                EXTI0_IRQHandler
                0x080006b4                I2C2_EV_IRQHandler
                0x080006b4                DMA1_Stream2_IRQHandler
                0x080006b4                CAN1_RX0_IRQHandler
                0x080006b4                FPU_IRQHandler
                0x080006b4                OTG_HS_WKUP_IRQHandler
                0x080006b4                UsageFault_Handler
                0x080006b4                LTDC_ER_IRQHandler
                0x080006b4                CAN2_SCE_IRQHandler
                0x080006b4                DMA2_Stream2_IRQHandler
                0x080006b4                SPI1_IRQHandler
                0x080006b4                TIM6_DAC_IRQHandler
                0x080006b4                TIM1_BRK_TIM9_IRQHandler
                0x080006b4                DCMI_IRQHandler
                0x080006b4                CAN2_RX0_IRQHandler
                0x080006b4                DMA2_Stream3_IRQHandler
                0x080006b4                USART6_IRQHandler
                0x080006b4                USART3_IRQHandler
                0x080006b4                CAN1_RX1_IRQHandler
                0x080006b4                UART5_IRQHandler
                0x080006b4                DMA2_Stream0_IRQHandler
                0x080006b4                TIM4_IRQHandler
                0x080006b4                I2C1_EV_IRQHandler
                0x080006b4                DMA1_Stream6_IRQHandler
                0x080006b4                DMA1_Stream1_IRQHandler
                0x080006b4                UART4_IRQHandler
                0x080006b4                TIM3_IRQHandler
                0x080006b4                RCC_IRQHandler
                0x080006b4                TIM8_BRK_TIM12_IRQHandler
                0x080006b4                Default_Handler
                0x080006b4                EXTI15_10_IRQHandler
                0x080006b4                ADC_IRQHandler
                0x080006b4                DMA1_Stream7_IRQHandler
                0x080006b4                SPI5_IRQHandler
                0x080006b4                TIM7_IRQHandler
                0x080006b4                CAN2_TX_IRQHandler
                0x080006b4                TIM5_IRQHandler
                0x080006b4                DMA2_Stream7_IRQHandler
                0x080006b4                I2C3_EV_IRQHandler
                0x080006b4                EXTI9_5_IRQHandler
                0x080006b4                RTC_WKUP_IRQHandler
                0x080006b4                LTDC_IRQHandler
                0x080006b4                ETH_WKUP_IRQHandler
                0x080006b4                SPI2_IRQHandler
                0x080006b4                OTG_HS_EP1_IN_IRQHandler
                0x080006b4                MemManage_Handler
                0x080006b4                DMA1_Stream0_IRQHandler
                0x080006b4                CAN1_TX_IRQHandler
                0x080006b4                SVC_Handler
                0x080006b4                EXTI4_IRQHandler
                0x080006b4                ETH_IRQHandler
                0x080006b4                OTG_HS_EP1_OUT_IRQHandler
                0x080006b4                WWDG_IRQHandler
                0x080006b4                SPI6_IRQHandler
                0x080006b4                TIM2_IRQHandler
                0x080006b4                OTG_FS_WKUP_IRQHandler
                0x080006b4                TIM1_TRG_COM_TIM11_IRQHandler
                0x080006b4                OTG_HS_IRQHandler
                0x080006b4                DMA2D_IRQHandler
                0x080006b4                EXTI1_IRQHandler
                0x080006b4                UART7_IRQHandler
                0x080006b4                USART2_IRQHandler
                0x080006b4                I2C2_ER_IRQHandler
                0x080006b4                DMA2_Stream1_IRQHandler
                0x080006b4                CAN1_SCE_IRQHandler
                0x080006b4                FLASH_IRQHandler
                0x080006b4                DMA2_Stream4_IRQHandler
                0x080006b4                BusFault_Handler
                0x080006b4                USART1_IRQHandler
                0x080006b4                OTG_FS_IRQHandler
                0x080006b4                SPI3_IRQHandler
                0x080006b4                DMA1_Stream4_IRQHandler
                0x080006b4                I2C1_ER_IRQHandler
                0x080006b4                FMC_IRQHandler
                0x080006b4                DMA2_Stream6_IRQHandler
                0x080006b4                SAI1_IRQHandler
                0x080006b4                DMA1_Stream3_IRQHandler
 *fill*         0x080006b6        0x2 
 .text.__libc_init_array
                0x080006b8       0x48 D:/Tools/xpack-arm-none-eabi-gcc-13.2.1-1.1/bin/../lib/gcc/arm-none-eabi/13.2.1/../../../../arm-none-eabi/lib/thumb/v7e-m+fp/hard\libc_nano.a(libc_a-init.o)
                0x080006b8                __libc_init_array
 *(.glue_7)
 .glue_7        0x08000700        0x0 linker stubs
 *(.glue_7t)
 .glue_7t       0x08000700        0x0 linker stubs
 *(.eh_frame)
 .eh_frame      0x08000700        0x0 D:/Tools/xpack-arm-none-eabi-gcc-13.2.1-1.1/bin/../lib/gcc/arm-none-eabi/13.2.1/thumb/v7e-m+fp/hard/crtbegin.o
 *(.init)
 .init          0x08000700        0x4 D:/Tools/xpack-arm-none-eabi-gcc-13.2.1-1.1/bin/../lib/gcc/arm-none-eabi/13.2.1/thumb/v7e-m+fp/hard/crti.o
                0x08000700                _init
 .init          0x08000704        0x8 D:/Tools/xpack-arm-none-eabi-gcc-13.2.1-1.1/bin/../lib/gcc/arm-none-eabi/13.2.1/thumb/v7e-m+fp/hard/crtn.o
 *(.fini)
 .fini          0x0800070c        0x4 D:/Tools/xpack-arm-none-eabi-gcc-13.2.1-1.1/bin/../lib/gcc/arm-none-eabi/13.2.1/thumb/v7e-m+fp/hard/crti.o
                0x0800070c                _fini
 .fini          0x08000710        0x8 D:/Tools/xpack-arm-none-eabi-gcc-13.2.1-1.1/bin/../lib/gcc/arm-none-eabi/13.2.1/thumb/v7e-m+fp/hard/crtn.o
                0x08000718                        . = ALIGN (0x4)
                0x08000718                        _etext = .

.vfp11_veneer   0x08000718        0x0
 .vfp11_veneer  0x08000718        0x0 linker stubs

.v4_bx          0x08000718        0x0
 .v4_bx         0x08000718        0x0 linker stubs

.iplt           0x08000718        0x0
 .iplt          0x08000718        0x0 D:/Tools/xpack-arm-none-eabi-gcc-13.2.1-1.1/bin/../lib/gcc/arm-none-eabi/13.2.1/thumb/v7e-m+fp/hard/crtbegin.o

.rodata         0x08000718       0x1c
                0x08000718                        . = ALIGN (0x4)
 *(.rodata)
 *(.rodata*)
 .rodata.AHBPrescTable
                0x08000718       0x10 build_F429ZI/system_stm32f4xx.o
                0x08000718                AHBPrescTable
 .rodata.g_blinkHalfPeriods
                0x08000728        0xc build_F429ZI/main.o
                0x08000734                        . = ALIGN (0x4)

.rel.dyn        0x08000734        0x0
 .rel.iplt      0x08000734        0x0 D:/Tools/xpack-arm-none-eabi-gcc-13.2.1-1.1/bin/../lib/gcc/arm-none-eabi/13.2.1/thumb/v7e-m+fp/hard/crtbegin.o

.ARM.extab
 *(.ARM.extab* .gnu.linkonce.armextab.*)

.ARM            0x08000734        0x0
                0x08000734                        __exidx_start = .
 *(.ARM.exidx*)
                0x08000734                        __exidx_end = .

.preinit_array  0x08000734        0x0
                0x08000734                        PROVIDE (__preinit_array_start = .)
 *(.preinit_array*)
                0x08000734                        PROVIDE (__preinit_array_end = .)

.init_array     0x08000734        0x4
                0x08000734                        PROVIDE (__init_array_start = .)
 *(SORT_BY_NAME(.init_array.*))
 *(.init_array*)
 .init_array    0x08000734        0x4 D:/Tools/xpack-arm-none-eabi-gcc-13.2.1-1.1/bin/../lib/gcc/arm-none-eabi/13.2.1/thumb/v7e-m+fp/hard/crtbegin.o
                0x08000738                        PROVIDE (__init_array_end = .)

.fini_array     0x08000738        0x4
                0x08000738                        PROVIDE (__fini_array_start = .)
 *(SORT_BY_NAME(.fini_array.*))
 *(.fini_array*)
 .fini_array    0x08000738        0x4 D:/Tools/xpack-arm-none-eabi-gcc-13.2.1-1.1/bin/../lib/gcc/arm-none-eabi/13.2.1/thumb/v7e-m+fp/hard/crtbegin.o
                0x0800073c                        PROVIDE (__fini_array_end = .)
                0x0800073c                        _sidata = LOADADDR (.data)

.data           0x20000000        0xc load address 0x0800073c
                0x20000000                        . = ALIGN (0x4)
                0x20000000                        _sdata = .
 *(.data)
 *(.data*)
 .data.SystemCoreClock
                0x20000000        0x4 build_F429ZI/system_stm32f4xx.o
                0x20000000                SystemCoreClock
 .data.blinkModeEnabled
                0x20000004        0x1 build_F429ZI/main.o
                0x20000004                blinkModeEnabled
 *fill*         0x20000005        0x3 
 .data.currentLed
                0x20000008        0x4 build_F429ZI/main.o
                0x20000008                currentLed
                0x2000000c                        . = ALIGN (0x4)
                0x2000000c                        _edata = .
                0x08000748                        _siccmram = LOADADDR (.ccmram)

.igot.plt       0x2000000c        0x0 load address 0x08000748
 .igot.plt      0x2000000c        0x0 D:/Tools/xpack-arm-none-eabi-gcc-13.2.1-1.1/bin/../lib/gcc/arm-none-eabi/13.2.1/thumb/v7e-m+fp/hard/crtbegin.o

.ccmram         0x10000000        0x0 load address 0x08000748
                0x10000000                        . = ALIGN (0x4)
                0x10000000                        _sccmram = .
 *(.ccmram)
 *(.ccmram*)
                0x10000000                        . = ALIGN (0x4)
                0x10000000                        _eccmram = .
                0x10000000                        . = ALIGN (0x4)

.bss            0x2000000c       0x34
                0x2000000c                        _sbss = .
                0x2000000c                        __bss_start__ = _sbss
 *(.bss)
 *(.bss*)
 .bss.completed.1
                0x2000000c        0x1 D:/Tools/xpack-arm-none-eabi-gcc-13.2.1-1.1/bin/../lib/gcc/arm-none-eabi/13.2.1/thumb/v7e-m+fp/hard/crtbegin.o
 *fill*         0x2000000d        0x3 
 .bss.object.0  0x20000010       0x18 D:/Tools/xpack-arm-none-eabi-gcc-13.2.1-1.1/bin/../lib/gcc/arm-none-eabi/13.2.1/thumb/v7e-m+fp/hard/crtbegin.o
 .bss.lastBlinkTime_ms
                0x20000028        0x4 build_F429ZI/main.o
                0x20000028                lastBlinkTime_ms
 .bss.blinkLedIsOn
                0x2000002c        0x1 build_F429ZI/main.o
                0x2000002c                blinkLedIsOn
 .bss.blinkFreqIndex
                0x2000002d        0x1 build_F429ZI/main.o
                0x2000002d                blinkFreqIndex
 *fill*         0x2000002e        0x2 
 .bss.g_btn_press_start_ms
                0x20000030        0x4 build_F429ZI/main.o
                0x20000030                g_btn_press_start_ms
 .bss.g_btn_is_pressed
                0x20000034        0x1 build_F429ZI/main.o
                0x20000034                g_btn_is_pressed
 .bss.g_btn_release_event
                0x20000035        0x1 build_F429ZI/main.o
                0x20000035                g_btn_release_event
 .bss.g_btn_press_event
                0x20000036        0x1 build_F429ZI/main.o
                0x20000036                g_btn_press_event
 *fill*         0x20000037        0x1 
 .bss.g_btn_last_irq_ms
                0x20000038        0x4 build_F429ZI/main.o
                0x20000038                g_btn_last_irq_ms
 .bss.g_ms      0x2000003c        0x4 build_F429ZI/main.o
                0x2000003c                g_ms
 *(COMMON)
                0x20000040                        . = ALIGN (0x4)
                0x20000040                        _ebss = .
                0x20000040                        __bss_end__ = _ebss

._user_heap_stack
                0x20000040      0x600
                0x20000040                        . = ALIGN (0x8)
                [!provide]                        PROVIDE (end = .)
                0x20000040                        PROVIDE (_end = .)
                0x20000240                        . = (. + _Min_Heap_Size)
 *fill*         0x20000040      0x200 
                0x20000640                        . = (. + _Min_Stack_Size)
 *fill*         0x20000240      0x400 
                0x20000640                        . = ALIGN (0x8)

/DISCARD/
 libc.a(*)
 libm.a(*)
 libgcc.a(*)

.ARM.attributes
                0x00000000       0x30
 *(.ARM.attributes)
 .ARM.attributes
                0x00000000       0x22 D:/Tools/xpack-arm-none-eabi-gcc-13.2.1-1.1/bin/../lib/gcc/arm-none-eabi/13.2.1/thumb/v7e-m+fp/hard/crti.o
 .ARM.attributes
                0x00000022       0x34 D:/Tools/xpack-arm-none-eabi-gcc-13.2.1-1.1/bin/../lib/gcc/arm-none-eabi/13.2.1/thumb/v7e-m+fp/hard/crtbegin.o
 .ARM.attributes
                0x00000056       0x34 build_F429ZI/system_stm32f4xx.o
 .ARM.attributes
                0x0000008a       0x34 build_F429ZI/main.o
 .ARM.attributes
                0x000000be       0x21 build_F429ZI/startup_stm32f429xx.o
 .ARM.attributes
                0x000000df       0x34 D:/Tools/xpack-arm-none-eabi-gcc-13.2.1-1.1/bin/../lib/gcc/arm-none-eabi/13.2.1/../../../../arm-none-eabi/lib/thumb/v7e-m+fp/hard\libc_nano.a(libc_a-init.o)
 .ARM.attributes
                0x00000113       0x22 D:/Tools/xpack-arm-none-eabi-gcc-13.2.1-1.1/bin/../lib/gcc/arm-none-eabi/13.2.1/thumb/v7e-m+fp/hard/crtn.o
OUTPUT(build_F429ZI/STM32F429ZI.elf elf32-littlearm)
LOAD linker stubs
LOAD D:/Tools/xpack-arm-none-eabi-gcc-13.2.1-1.1/bin/../lib/gcc/arm-none-eabi/13.2.1/../../../../arm-none-eabi/lib/thumb/v7e-m+fp/hard\libc.a
LOAD D:/Tools/xpack-arm-none-eabi-gcc-13.2.1-1.1/bin/../lib/gcc/arm-none-eabi/13.2.1/../../../../arm-none-eabi/lib/thumb/v7e-m+fp/hard\libm.a
LOAD D:/Tools/xpack-arm-none-eabi-gcc-13.2.1-1.1/bin/../lib/gcc/arm-none-eabi/13.2.1/thumb/v7e-m+fp/hard\libgcc.a

.comment        0x00000000       0x39
 .comment       0x00000000       0x39 D:/Tools/xpack-arm-none-eabi-gcc-13.2.1-1.1/bin/../lib/gcc/arm-none-eabi/13.2.1/thumb/v7e-m+fp/hard/crtbegin.o
                                 0x3a (size before relaxing)
 .comment       0x00000039       0x3a build_F429ZI/system_stm32f4xx.o
 .comment       0x00000039       0x3a build_F429ZI/main.o
 .comment       0x00000039       0x3a D:/Tools/xpack-arm-none-eabi-gcc-13.2.1-1.1/bin/../lib/gcc/arm-none-eabi/13.2.1/../../../../arm-none-eabi/lib/thumb/v7e-m+fp/hard\libc_nano.a(libc_a-init.o)

.debug_info     0x00000000     0x126f
 .debug_info    0x00000000      0x5ce build_F429ZI/system_stm32f4xx.o
 .debug_info    0x000005ce      0xc71 build_F429ZI/main.o
 .debug_info    0x0000123f       0x30 build_F429ZI/startup_stm32f429xx.o

.debug_abbrev   0x00000000      0x39b
 .debug_abbrev  0x00000000      0x11b build_F429ZI/system_stm32f4xx.o
 .debug_abbrev  0x0000011b      0x263 build_F429ZI/main.o
 .debug_abbrev  0x0000037e       0x1d build_F429ZI/startup_stm32f429xx.o

.debug_loc      0x00000000      0x339
 .debug_loc     0x00000000      0x181 build_F429ZI/system_stm32f4xx.o
 .debug_loc     0x00000181      0x1b8 build_F429ZI/main.o

.debug_aranges  0x00000000       0xd0
 .debug_aranges
                0x00000000       0x28 build_F429ZI/system_stm32f4xx.o
 .debug_aranges
                0x00000028       0x80 build_F429ZI/main.o
 .debug_aranges
                0x000000a8       0x28 build_F429ZI/startup_stm32f429xx.o

.debug_ranges   0x00000000       0xd8
 .debug_ranges  0x00000000       0x18 build_F429ZI/system_stm32f4xx.o
 .debug_ranges  0x00000018       0xa0 build_F429ZI/main.o
 .debug_ranges  0x000000b8       0x20 build_F429ZI/startup_stm32f429xx.o

.debug_line     0x00000000      0x7be
 .debug_line    0x00000000      0x274 build_F429ZI/system_stm32f4xx.o
 .debug_line    0x00000274      0x4c0 build_F429ZI/main.o
 .debug_line    0x00000734       0x8a build_F429ZI/startup_stm32f429xx.o

.debug_str      0x00000000      0xb62
 .debug_str     0x00000000      0xb62 build_F429ZI/system_stm32f4xx.o
                                0x37b (size before relaxing)
 .debug_str     0x00000b62      0xaab build_F429ZI/main.o
 .debug_str     0x00000b62       0x85 build_F429ZI/startup_stm32f429xx.o

.debug_frame    0x00000000      0x140
 .debug_frame   0x00000000       0x30 build_F429ZI/system_stm32f4xx.o
 .debug_frame   0x00000030      0x110 build_F429ZI/main.o

Cross Reference Table

Symbol                                            File
ADC_IRQHandler                                    build_F429ZI/startup_stm32f429xx.o
AHBPrescTable                                     build_F429ZI/system_stm32f4xx.o
APBPrescTable                                     build_F429ZI/system_stm32f4xx.o
Blink_Process                                     build_F429ZI/main.o
BusFault_Handler                                  build_F429ZI/startup_stm32f429xx.o
Button_Process                                    build_F429ZI/main.o
CAN1_RX0_IRQHandler                               build_F429ZI/startup_stm32f429xx.o
CAN1_RX1_IRQHandler                               build_F429ZI/startup_stm32f429xx.o
CAN1_SCE_IRQHandler                               build_F429ZI/startup_stm32f429xx.o
CAN1_TX_IRQHandler                                build_F429ZI/startup_stm32f429xx.o
CAN2_RX0_IRQHandler                               build_F429ZI/startup_stm32f429xx.o
CAN2_RX1_IRQHandler                               build_F429ZI/startup_stm32f429xx.o
CAN2_SCE_IRQHandler                               build_F429ZI/startup_stm32f429xx.o
CAN2_TX_IRQHandler                                build_F429ZI/startup_stm32f429xx.o
DCMI_IRQHandler                                   build_F429ZI/startup_stm32f429xx.o
DMA1_Stream0_IRQHandler                           build_F429ZI/startup_stm32f429xx.o
DMA1_Stream1_IRQHandler                           build_F429ZI/startup_stm32f429xx.o
DMA1_Stream2_IRQHandler                           build_F429ZI/startup_stm32f429xx.o
DMA1_Stream3_IRQHandler                           build_F429ZI/startup_stm32f429xx.o
DMA1_Stream4_IRQHandler                           build_F429ZI/startup_stm32f429xx.o
DMA1_Stream5_IRQHandler                           build_F429ZI/startup_stm32f429xx.o
DMA1_Stream6_IRQHandler                           build_F429ZI/startup_stm32f429xx.o
DMA1_Stream7_IRQHandler                           build_F429ZI/startup_stm32f429xx.o
DMA2D_IRQHandler                                  build_F429ZI/startup_stm32f429xx.o
DMA2_Stream0_IRQHandler                           build_F429ZI/startup_stm32f429xx.o
DMA2_Stream1_IRQHandler                           build_F429ZI/startup_stm32f429xx.o
DMA2_Stream2_IRQHandler                           build_F429ZI/startup_stm32f429xx.o
DMA2_Stream3_IRQHandler                           build_F429ZI/startup_stm32f429xx.o
DMA2_Stream4_IRQHandler                           build_F429ZI/startup_stm32f429xx.o
DMA2_Stream5_IRQHandler                           build_F429ZI/startup_stm32f429xx.o
DMA2_Stream6_IRQHandler                           build_F429ZI/startup_stm32f429xx.o
DMA2_Stream7_IRQHandler                           build_F429ZI/startup_stm32f429xx.o
DebugMon_Handler                                  build_F429ZI/startup_stm32f429xx.o
Default_Handler                                   build_F429ZI/startup_stm32f429xx.o
ETH_IRQHandler                                    build_F429ZI/startup_stm32f429xx.o
ETH_WKUP_IRQHandler                               build_F429ZI/startup_stm32f429xx.o
EXTI0_IRQHandler                                  build_F429ZI/startup_stm32f429xx.o
EXTI15_10_IRQHandler                              build_F429ZI/startup_stm32f429xx.o
EXTI1_IRQHandler                                  build_F429ZI/startup_stm32f429xx.o
EXTI2_IRQHandler                                  build_F429ZI/main.o
EXTI3_IRQHandler                                  build_F429ZI/startup_stm32f429xx.o
EXTI4_IRQHandler                                  build_F429ZI/startup_stm32f429xx.o
EXTI9_5_IRQHandler                                build_F429ZI/startup_stm32f429xx.o
EXTI_Init_PD2                                     build_F429ZI/main.o
FLASH_IRQHandler                                  build_F429ZI/startup_stm32f429xx.o
FMC_IRQHandler                                    build_F429ZI/startup_stm32f429xx.o
FPU_IRQHandler                                    build_F429ZI/startup_stm32f429xx.o
GPIO_Init_Button_PD2_Pulldown                     build_F429ZI/main.o
GPIO_Init_CMSIS                                   build_F429ZI/init.o
GPIO_Init_CMSIS_LB1                               build_F429ZI/init_LB1.o
GPIO_Init_LEDs                                    build_F429ZI/main.o
GPIO_Init_Memory                                  build_F429ZI/init.o
GPIO_Init_Memory1                                 build_F429ZI/init_LB1.o
GPIO_Init_Using_My_Macros                         build_F429ZI/init_LB1.o
GPIO_Init_With_My_Macros                          build_F429ZI/init.o
HASH_RNG_IRQHandler                               build_F429ZI/startup_stm32f429xx.o
HardFault_Handler                                 build_F429ZI/startup_stm32f429xx.o
I2C1_ER_IRQHandler                                build_F429ZI/startup_stm32f429xx.o
I2C1_EV_IRQHandler                                build_F429ZI/startup_stm32f429xx.o
I2C2_ER_IRQHandler                                build_F429ZI/startup_stm32f429xx.o
I2C2_EV_IRQHandler                                build_F429ZI/startup_stm32f429xx.o
I2C3_ER_IRQHandler                                build_F429ZI/startup_stm32f429xx.o
I2C3_EV_IRQHandler                                build_F429ZI/startup_stm32f429xx.o
LED_AllOff                                        build_F429ZI/main.o
LED_Next                                          build_F429ZI/main.o
LED_Off_Index                                     build_F429ZI/main.o
LED_On_Index                                      build_F429ZI/main.o
LTDC_ER_IRQHandler                                build_F429ZI/startup_stm32f429xx.o
LTDC_IRQHandler                                   build_F429ZI/startup_stm32f429xx.o
MemManage_Handler                                 build_F429ZI/startup_stm32f429xx.o
NMI_Handler                                       build_F429ZI/startup_stm32f429xx.o
OTG_FS_IRQHandler                                 build_F429ZI/startup_stm32f429xx.o
OTG_FS_WKUP_IRQHandler                            build_F429ZI/startup_stm32f429xx.o
OTG_HS_EP1_IN_IRQHandler                          build_F429ZI/startup_stm32f429xx.o
OTG_HS_EP1_OUT_IRQHandler                         build_F429ZI/startup_stm32f429xx.o
OTG_HS_IRQHandler                                 build_F429ZI/startup_stm32f429xx.o
OTG_HS_WKUP_IRQHandler                            build_F429ZI/startup_stm32f429xx.o
PVD_IRQHandler                                    build_F429ZI/startup_stm32f429xx.o
PendSV_Handler                                    build_F429ZI/startup_stm32f429xx.o
RCC_IRQHandler                                    build_F429ZI/startup_stm32f429xx.o
RTC_Alarm_IRQHandler                              build_F429ZI/startup_stm32f429xx.o
RTC_WKUP_IRQHandler                               build_F429ZI/startup_stm32f429xx.o
Reset_Handler                                     build_F429ZI/startup_stm32f429xx.o
SAI1_IRQHandler                                   build_F429ZI/startup_stm32f429xx.o
SDIO_IRQHandler                                   build_F429ZI/startup_stm32f429xx.o
SPI1_IRQHandler                                   build_F429ZI/startup_stm32f429xx.o
SPI2_IRQHandler                                   build_F429ZI/startup_stm32f429xx.o
SPI3_IRQHandler                                   build_F429ZI/startup_stm32f429xx.o
SPI4_IRQHandler                                   build_F429ZI/startup_stm32f429xx.o
SPI5_IRQHandler                                   build_F429ZI/startup_stm32f429xx.o
SPI6_IRQHandler                                   build_F429ZI/startup_stm32f429xx.o
SVC_Handler                                       build_F429ZI/startup_stm32f429xx.o
SysTick_Handler                                   build_F429ZI/main.o
SysTick_Init_1ms                                  build_F429ZI/main.o
SystemCoreClock                                   build_F429ZI/system_stm32f4xx.o
                                                  build_F429ZI/main.o
SystemCoreClockUpdate                             build_F429ZI/system_stm32f4xx.o
                                                  build_F429ZI/main.o
SystemInit                                        build_F429ZI/system_stm32f4xx.o
                                                  build_F429ZI/startup_stm32f429xx.o
TAMP_STAMP_IRQHandler                             build_F429ZI/startup_stm32f429xx.o
TIM1_BRK_TIM9_IRQHandler                          build_F429ZI/startup_stm32f429xx.o
TIM1_CC_IRQHandler                                build_F429ZI/startup_stm32f429xx.o
TIM1_TRG_COM_TIM11_IRQHandler                     build_F429ZI/startup_stm32f429xx.o
TIM1_UP_TIM10_IRQHandler                          build_F429ZI/startup_stm32f429xx.o
TIM2_IRQHandler                                   build_F429ZI/startup_stm32f429xx.o
TIM3_IRQHandler                                   build_F429ZI/startup_stm32f429xx.o
TIM4_IRQHandler                                   build_F429ZI/startup_stm32f429xx.o
TIM5_IRQHandler                                   build_F429ZI/startup_stm32f429xx.o
TIM6_DAC_IRQHandler                               build_F429ZI/startup_stm32f429xx.o
TIM7_IRQHandler                                   build_F429ZI/startup_stm32f429xx.o
TIM8_BRK_TIM12_IRQHandler                         build_F429ZI/startup_stm32f429xx.o
TIM8_CC_IRQHandler                                build_F429ZI/startup_stm32f429xx.o
TIM8_TRG_COM_TIM14_IRQHandler                     build_F429ZI/startup_stm32f429xx.o
TIM8_UP_TIM13_IRQHandler                          build_F429ZI/startup_stm32f429xx.o
TheSwitcher                                       build_F429ZI/init_LB1.o
TurningOffState                                   build_F429ZI/init_LB1.o
TurningOnState                                    build_F429ZI/init_LB1.o
UART4_IRQHandler                                  build_F429ZI/startup_stm32f429xx.o
UART5_IRQHandler                                  build_F429ZI/startup_stm32f429xx.o
UART7_IRQHandler                                  build_F429ZI/startup_stm32f429xx.o
UART8_IRQHandler                                  build_F429ZI/startup_stm32f429xx.o
USART1_IRQHandler                                 build_F429ZI/startup_stm32f429xx.o
USART2_IRQHandler                                 build_F429ZI/startup_stm32f429xx.o
USART3_IRQHandler                                 build_F429ZI/startup_stm32f429xx.o
USART6_IRQHandler                                 build_F429ZI/startup_stm32f429xx.o
UsageFault_Handler                                build_F429ZI/startup_stm32f429xx.o
WWDG_IRQHandler                                   build_F429ZI/startup_stm32f429xx.o
_Min_Stack_Size                                   build_F429ZI/sysmem.o
__atexit                                          D:/Tools/xpack-arm-none-eabi-gcc-13.2.1-1.1/bin/../lib/gcc/arm-none-eabi/13.2.1/../../../../arm-none-eabi/lib/thumb/v7e-m+fp/hard\libc_nano.a(libc_a-__call_atexit.o)
                                                  D:/Tools/xpack-arm-none-eabi-gcc-13.2.1-1.1/bin/../lib/gcc/arm-none-eabi/13.2.1/../../../../arm-none-eabi/lib/thumb/v7e-m+fp/hard\libc_nano.a(libc_a-__atexit.o)
__atexit0                                         D:/Tools/xpack-arm-none-eabi-gcc-13.2.1-1.1/bin/../lib/gcc/arm-none-eabi/13.2.1/../../../../arm-none-eabi/lib/thumb/v7e-m+fp/hard\libc_nano.a(libc_a-__atexit.o)
__atexit_dummy                                    D:/Tools/xpack-arm-none-eabi-gcc-13.2.1-1.1/bin/../lib/gcc/arm-none-eabi/13.2.1/../../../../arm-none-eabi/lib/thumb/v7e-m+fp/hard\libc_nano.a(libc_a-__atexit.o)
__atexit_recursive_mutex                          D:/Tools/xpack-arm-none-eabi-gcc-13.2.1-1.1/bin/../lib/gcc/arm-none-eabi/13.2.1/../../../../arm-none-eabi/lib/thumb/v7e-m+fp/hard\libc_nano.a(libc_a-__call_atexit.o)
                                                  D:/Tools/xpack-arm-none-eabi-gcc-13.2.1-1.1/bin/../lib/gcc/arm-none-eabi/13.2.1/../../../../arm-none-eabi/lib/thumb/v7e-m+fp/hard\libc_nano.a(libc_a-__atexit.o)
__bss_end__                                       D:/Tools/xpack-arm-none-eabi-gcc-13.2.1-1.1/bin/../lib/gcc/arm-none-eabi/13.2.1/../../../../arm-none-eabi/lib/thumb/v7e-m+fp/hard/crt0.o
__bss_start__                                     D:/Tools/xpack-arm-none-eabi-gcc-13.2.1-1.1/bin/../lib/gcc/arm-none-eabi/13.2.1/../../../../arm-none-eabi/lib/thumb/v7e-m+fp/hard/crt0.o
__call_exitprocs                                  D:/Tools/xpack-arm-none-eabi-gcc-13.2.1-1.1/bin/../lib/gcc/arm-none-eabi/13.2.1/../../../../arm-none-eabi/lib/thumb/v7e-m+fp/hard\libc_nano.a(libc_a-__call_atexit.o)
                                                  D:/Tools/xpack-arm-none-eabi-gcc-13.2.1-1.1/bin/../lib/gcc/arm-none-eabi/13.2.1/../../../../arm-none-eabi/lib/thumb/v7e-m+fp/hard\libc_nano.a(libc_a-__atexit.o)
                                                  D:/Tools/xpack-arm-none-eabi-gcc-13.2.1-1.1/bin/../lib/gcc/arm-none-eabi/13.2.1/../../../../arm-none-eabi/lib/thumb/v7e-m+fp/hard\libc_nano.a(libc_a-exit.o)
__deregister_frame_info                           D:/Tools/xpack-arm-none-eabi-gcc-13.2.1-1.1/bin/../lib/gcc/arm-none-eabi/13.2.1/thumb/v7e-m+fp/hard/crtbegin.o
__dso_handle                                      D:/Tools/xpack-arm-none-eabi-gcc-13.2.1-1.1/bin/../lib/gcc/arm-none-eabi/13.2.1/thumb/v7e-m+fp/hard/crtbegin.o
__env                                             build_F429ZI/syscalls.o
__errno                                           D:/Tools/xpack-arm-none-eabi-gcc-13.2.1-1.1/bin/../lib/gcc/arm-none-eabi/13.2.1/../../../../arm-none-eabi/lib/thumb/v7e-m+fp/hard\libc_nano.a(libc_a-errno.o)
                                                  build_F429ZI/sysmem.o
                                                  build_F429ZI/syscalls.o
__fini_array_end                                  D:/Tools/xpack-arm-none-eabi-gcc-13.2.1-1.1/bin/../lib/gcc/arm-none-eabi/13.2.1/../../../../arm-none-eabi/lib/thumb/v7e-m+fp/hard\libc_nano.a(libc_a-fini.o)
__fini_array_start                                D:/Tools/xpack-arm-none-eabi-gcc-13.2.1-1.1/bin/../lib/gcc/arm-none-eabi/13.2.1/../../../../arm-none-eabi/lib/thumb/v7e-m+fp/hard\libc_nano.a(libc_a-fini.o)
__fp_lock_all                                     D:/Tools/xpack-arm-none-eabi-gcc-13.2.1-1.1/bin/../lib/gcc/arm-none-eabi/13.2.1/../../../../arm-none-eabi/lib/thumb/v7e-m+fp/hard\libc_nano.a(libc_a-findfp.o)
__fp_unlock_all                                   D:/Tools/xpack-arm-none-eabi-gcc-13.2.1-1.1/bin/../lib/gcc/arm-none-eabi/13.2.1/../../../../arm-none-eabi/lib/thumb/v7e-m+fp/hard\libc_nano.a(libc_a-findfp.o)
__init_array_end                                  D:/Tools/xpack-arm-none-eabi-gcc-13.2.1-1.1/bin/../lib/gcc/arm-none-eabi/13.2.1/../../../../arm-none-eabi/lib/thumb/v7e-m+fp/hard\libc_nano.a(libc_a-init.o)
__init_array_start                                D:/Tools/xpack-arm-none-eabi-gcc-13.2.1-1.1/bin/../lib/gcc/arm-none-eabi/13.2.1/../../../../arm-none-eabi/lib/thumb/v7e-m+fp/hard\libc_nano.a(libc_a-init.o)
__io_getchar                                      build_F429ZI/syscalls.o
__io_putchar                                      build_F429ZI/syscalls.o
__libc_fini_array                                 D:/Tools/xpack-arm-none-eabi-gcc-13.2.1-1.1/bin/../lib/gcc/arm-none-eabi/13.2.1/../../../../arm-none-eabi/lib/thumb/v7e-m+fp/hard\libc_nano.a(libc_a-fini.o)
                                                  D:/Tools/xpack-arm-none-eabi-gcc-13.2.1-1.1/bin/../lib/gcc/arm-none-eabi/13.2.1/../../../../arm-none-eabi/lib/thumb/v7e-m+fp/hard/crt0.o
__libc_init_array                                 D:/Tools/xpack-arm-none-eabi-gcc-13.2.1-1.1/bin/../lib/gcc/arm-none-eabi/13.2.1/../../../../arm-none-eabi/lib/thumb/v7e-m+fp/hard\libc_nano.a(libc_a-init.o)
                                                  build_F429ZI/startup_stm32f429xx.o
                                                  D:/Tools/xpack-arm-none-eabi-gcc-13.2.1-1.1/bin/../lib/gcc/arm-none-eabi/13.2.1/../../../../arm-none-eabi/lib/thumb/v7e-m+fp/hard/crt0.o
__lock___arc4random_mutex                         D:/Tools/xpack-arm-none-eabi-gcc-13.2.1-1.1/bin/../lib/gcc/arm-none-eabi/13.2.1/../../../../arm-none-eabi/lib/thumb/v7e-m+fp/hard\libc_nano.a(libc_a-lock.o)
__lock___at_quick_exit_mutex                      D:/Tools/xpack-arm-none-eabi-gcc-13.2.1-1.1/bin/../lib/gcc/arm-none-eabi/13.2.1/../../../../arm-none-eabi/lib/thumb/v7e-m+fp/hard\libc_nano.a(libc_a-lock.o)
__lock___atexit_recursive_mutex                   D:/Tools/xpack-arm-none-eabi-gcc-13.2.1-1.1/bin/../lib/gcc/arm-none-eabi/13.2.1/../../../../arm-none-eabi/lib/thumb/v7e-m+fp/hard\libc_nano.a(libc_a-lock.o)
                                                  D:/Tools/xpack-arm-none-eabi-gcc-13.2.1-1.1/bin/../lib/gcc/arm-none-eabi/13.2.1/../../../../arm-none-eabi/lib/thumb/v7e-m+fp/hard\libc_nano.a(libc_a-__call_atexit.o)
__lock___dd_hash_mutex                            D:/Tools/xpack-arm-none-eabi-gcc-13.2.1-1.1/bin/../lib/gcc/arm-none-eabi/13.2.1/../../../../arm-none-eabi/lib/thumb/v7e-m+fp/hard\libc_nano.a(libc_a-lock.o)
__lock___env_recursive_mutex                      D:/Tools/xpack-arm-none-eabi-gcc-13.2.1-1.1/bin/../lib/gcc/arm-none-eabi/13.2.1/../../../../arm-none-eabi/lib/thumb/v7e-m+fp/hard\libc_nano.a(libc_a-lock.o)
__lock___malloc_recursive_mutex                   D:/Tools/xpack-arm-none-eabi-gcc-13.2.1-1.1/bin/../lib/gcc/arm-none-eabi/13.2.1/../../../../arm-none-eabi/lib/thumb/v7e-m+fp/hard\libc_nano.a(libc_a-lock.o)
                                                  D:/Tools/xpack-arm-none-eabi-gcc-13.2.1-1.1/bin/../lib/gcc/arm-none-eabi/13.2.1/../../../../arm-none-eabi/lib/thumb/v7e-m+fp/hard\libc_nano.a(libc_a-mlock.o)
__lock___sfp_recursive_mutex                      D:/Tools/xpack-arm-none-eabi-gcc-13.2.1-1.1/bin/../lib/gcc/arm-none-eabi/13.2.1/../../../../arm-none-eabi/lib/thumb/v7e-m+fp/hard\libc_nano.a(libc_a-lock.o)
                                                  D:/Tools/xpack-arm-none-eabi-gcc-13.2.1-1.1/bin/../lib/gcc/arm-none-eabi/13.2.1/../../../../arm-none-eabi/lib/thumb/v7e-m+fp/hard\libc_nano.a(libc_a-findfp.o)
__lock___tz_mutex                                 D:/Tools/xpack-arm-none-eabi-gcc-13.2.1-1.1/bin/../lib/gcc/arm-none-eabi/13.2.1/../../../../arm-none-eabi/lib/thumb/v7e-m+fp/hard\libc_nano.a(libc_a-lock.o)
__malloc_free_list                                D:/Tools/xpack-arm-none-eabi-gcc-13.2.1-1.1/bin/../lib/gcc/arm-none-eabi/13.2.1/../../../../arm-none-eabi/lib/thumb/v7e-m+fp/hard\libc_nano.a(libc_a-mallocr.o)
                                                  D:/Tools/xpack-arm-none-eabi-gcc-13.2.1-1.1/bin/../lib/gcc/arm-none-eabi/13.2.1/../../../../arm-none-eabi/lib/thumb/v7e-m+fp/hard\libc_nano.a(libc_a-freer.o)
__malloc_lock                                     D:/Tools/xpack-arm-none-eabi-gcc-13.2.1-1.1/bin/../lib/gcc/arm-none-eabi/13.2.1/../../../../arm-none-eabi/lib/thumb/v7e-m+fp/hard\libc_nano.a(libc_a-mlock.o)
                                                  D:/Tools/xpack-arm-none-eabi-gcc-13.2.1-1.1/bin/../lib/gcc/arm-none-eabi/13.2.1/../../../../arm-none-eabi/lib/thumb/v7e-m+fp/hard\libc_nano.a(libc_a-mallocr.o)
                                                  D:/Tools/xpack-arm-none-eabi-gcc-13.2.1-1.1/bin/../lib/gcc/arm-none-eabi/13.2.1/../../../../arm-none-eabi/lib/thumb/v7e-m+fp/hard\libc_nano.a(libc_a-freer.o)
__malloc_sbrk_start                               D:/Tools/xpack-arm-none-eabi-gcc-13.2.1-1.1/bin/../lib/gcc/arm-none-eabi/13.2.1/../../../../arm-none-eabi/lib/thumb/v7e-m+fp/hard\libc_nano.a(libc_a-mallocr.o)
__malloc_unlock                                   D:/Tools/xpack-arm-none-eabi-gcc-13.2.1-1.1/bin/../lib/gcc/arm-none-eabi/13.2.1/../../../../arm-none-eabi/lib/thumb/v7e-m+fp/hard\libc_nano.a(libc_a-mlock.o)
                                                  D:/Tools/xpack-arm-none-eabi-gcc-13.2.1-1.1/bin/../lib/gcc/arm-none-eabi/13.2.1/../../../../arm-none-eabi/lib/thumb/v7e-m+fp/hard\libc_nano.a(libc_a-mallocr.o)
                                                  D:/Tools/xpack-arm-none-eabi-gcc-13.2.1-1.1/bin/../lib/gcc/arm-none-eabi/13.2.1/../../../../arm-none-eabi/lib/thumb/v7e-m+fp/hard\libc_nano.a(libc_a-freer.o)
__on_exit_args                                    D:/Tools/xpack-arm-none-eabi-gcc-13.2.1-1.1/bin/../lib/gcc/arm-none-eabi/13.2.1/../../../../arm-none-eabi/lib/thumb/v7e-m+fp/hard\libc_nano.a(libc_a-__atexit.o)
__preinit_array_end                               D:/Tools/xpack-arm-none-eabi-gcc-13.2.1-1.1/bin/../lib/gcc/arm-none-eabi/13.2.1/../../../../arm-none-eabi/lib/thumb/v7e-m+fp/hard\libc_nano.a(libc_a-init.o)
__preinit_array_start                             D:/Tools/xpack-arm-none-eabi-gcc-13.2.1-1.1/bin/../lib/gcc/arm-none-eabi/13.2.1/../../../../arm-none-eabi/lib/thumb/v7e-m+fp/hard\libc_nano.a(libc_a-init.o)
__register_exitproc                               D:/Tools/xpack-arm-none-eabi-gcc-13.2.1-1.1/bin/../lib/gcc/arm-none-eabi/13.2.1/../../../../arm-none-eabi/lib/thumb/v7e-m+fp/hard\libc_nano.a(libc_a-__atexit.o)
                                                  D:/Tools/xpack-arm-none-eabi-gcc-13.2.1-1.1/bin/../lib/gcc/arm-none-eabi/13.2.1/../../../../arm-none-eabi/lib/thumb/v7e-m+fp/hard\libc_nano.a(libc_a-atexit.o)
__register_frame_info                             D:/Tools/xpack-arm-none-eabi-gcc-13.2.1-1.1/bin/../lib/gcc/arm-none-eabi/13.2.1/thumb/v7e-m+fp/hard/crtbegin.o
__retarget_lock_acquire                           D:/Tools/xpack-arm-none-eabi-gcc-13.2.1-1.1/bin/../lib/gcc/arm-none-eabi/13.2.1/../../../../arm-none-eabi/lib/thumb/v7e-m+fp/hard\libc_nano.a(libc_a-lock.o)
__retarget_lock_acquire_recursive                 D:/Tools/xpack-arm-none-eabi-gcc-13.2.1-1.1/bin/../lib/gcc/arm-none-eabi/13.2.1/../../../../arm-none-eabi/lib/thumb/v7e-m+fp/hard\libc_nano.a(libc_a-lock.o)
                                                  D:/Tools/xpack-arm-none-eabi-gcc-13.2.1-1.1/bin/../lib/gcc/arm-none-eabi/13.2.1/../../../../arm-none-eabi/lib/thumb/v7e-m+fp/hard\libc_nano.a(libc_a-fflush.o)
                                                  D:/Tools/xpack-arm-none-eabi-gcc-13.2.1-1.1/bin/../lib/gcc/arm-none-eabi/13.2.1/../../../../arm-none-eabi/lib/thumb/v7e-m+fp/hard\libc_nano.a(libc_a-mlock.o)
                                                  D:/Tools/xpack-arm-none-eabi-gcc-13.2.1-1.1/bin/../lib/gcc/arm-none-eabi/13.2.1/../../../../arm-none-eabi/lib/thumb/v7e-m+fp/hard\libc_nano.a(libc_a-__call_atexit.o)
                                                  D:/Tools/xpack-arm-none-eabi-gcc-13.2.1-1.1/bin/../lib/gcc/arm-none-eabi/13.2.1/../../../../arm-none-eabi/lib/thumb/v7e-m+fp/hard\libc_nano.a(libc_a-__atexit.o)
                                                  D:/Tools/xpack-arm-none-eabi-gcc-13.2.1-1.1/bin/../lib/gcc/arm-none-eabi/13.2.1/../../../../arm-none-eabi/lib/thumb/v7e-m+fp/hard\libc_nano.a(libc_a-findfp.o)
__retarget_lock_close                             D:/Tools/xpack-arm-none-eabi-gcc-13.2.1-1.1/bin/../lib/gcc/arm-none-eabi/13.2.1/../../../../arm-none-eabi/lib/thumb/v7e-m+fp/hard\libc_nano.a(libc_a-lock.o)
__retarget_lock_close_recursive                   D:/Tools/xpack-arm-none-eabi-gcc-13.2.1-1.1/bin/../lib/gcc/arm-none-eabi/13.2.1/../../../../arm-none-eabi/lib/thumb/v7e-m+fp/hard\libc_nano.a(libc_a-lock.o)
__retarget_lock_init                              D:/Tools/xpack-arm-none-eabi-gcc-13.2.1-1.1/bin/../lib/gcc/arm-none-eabi/13.2.1/../../../../arm-none-eabi/lib/thumb/v7e-m+fp/hard\libc_nano.a(libc_a-lock.o)
__retarget_lock_init_recursive                    D:/Tools/xpack-arm-none-eabi-gcc-13.2.1-1.1/bin/../lib/gcc/arm-none-eabi/13.2.1/../../../../arm-none-eabi/lib/thumb/v7e-m+fp/hard\libc_nano.a(libc_a-lock.o)
                                                  D:/Tools/xpack-arm-none-eabi-gcc-13.2.1-1.1/bin/../lib/gcc/arm-none-eabi/13.2.1/../../../../arm-none-eabi/lib/thumb/v7e-m+fp/hard\libc_nano.a(libc_a-findfp.o)
__retarget_lock_release                           D:/Tools/xpack-arm-none-eabi-gcc-13.2.1-1.1/bin/../lib/gcc/arm-none-eabi/13.2.1/../../../../arm-none-eabi/lib/thumb/v7e-m+fp/hard\libc_nano.a(libc_a-lock.o)
__retarget_lock_release_recursive                 D:/Tools/xpack-arm-none-eabi-gcc-13.2.1-1.1/bin/../lib/gcc/arm-none-eabi/13.2.1/../../../../arm-none-eabi/lib/thumb/v7e-m+fp/hard\libc_nano.a(libc_a-lock.o)
                                                  D:/Tools/xpack-arm-none-eabi-gcc-13.2.1-1.1/bin/../lib/gcc/arm-none-eabi/13.2.1/../../../../arm-none-eabi/lib/thumb/v7e-m+fp/hard\libc_nano.a(libc_a-fflush.o)
                                                  D:/Tools/xpack-arm-none-eabi-gcc-13.2.1-1.1/bin/../lib/gcc/arm-none-eabi/13.2.1/../../../../arm-none-eabi/lib/thumb/v7e-m+fp/hard\libc_nano.a(libc_a-mlock.o)
                                                  D:/Tools/xpack-arm-none-eabi-gcc-13.2.1-1.1/bin/../lib/gcc/arm-none-eabi/13.2.1/../../../../arm-none-eabi/lib/thumb/v7e-m+fp/hard\libc_nano.a(libc_a-__call_atexit.o)
                                                  D:/Tools/xpack-arm-none-eabi-gcc-13.2.1-1.1/bin/../lib/gcc/arm-none-eabi/13.2.1/../../../../arm-none-eabi/lib/thumb/v7e-m+fp/hard\libc_nano.a(libc_a-__atexit.o)
                                                  D:/Tools/xpack-arm-none-eabi-gcc-13.2.1-1.1/bin/../lib/gcc/arm-none-eabi/13.2.1/../../../../arm-none-eabi/lib/thumb/v7e-m+fp/hard\libc_nano.a(libc_a-findfp.o)
__retarget_lock_try_acquire                       D:/Tools/xpack-arm-none-eabi-gcc-13.2.1-1.1/bin/../lib/gcc/arm-none-eabi/13.2.1/../../../../arm-none-eabi/lib/thumb/v7e-m+fp/hard\libc_nano.a(libc_a-lock.o)
__retarget_lock_try_acquire_recursive             D:/Tools/xpack-arm-none-eabi-gcc-13.2.1-1.1/bin/../lib/gcc/arm-none-eabi/13.2.1/../../../../arm-none-eabi/lib/thumb/v7e-m+fp/hard\libc_nano.a(libc_a-lock.o)
__sclose                                          D:/Tools/xpack-arm-none-eabi-gcc-13.2.1-1.1/bin/../lib/gcc/arm-none-eabi/13.2.1/../../../../arm-none-eabi/lib/thumb/v7e-m+fp/hard\libc_nano.a(libc_a-stdio.o)
                                                  D:/Tools/xpack-arm-none-eabi-gcc-13.2.1-1.1/bin/../lib/gcc/arm-none-eabi/13.2.1/../../../../arm-none-eabi/lib/thumb/v7e-m+fp/hard\libc_nano.a(libc_a-findfp.o)
__seofread                                        D:/Tools/xpack-arm-none-eabi-gcc-13.2.1-1.1/bin/../lib/gcc/arm-none-eabi/13.2.1/../../../../arm-none-eabi/lib/thumb/v7e-m+fp/hard\libc_nano.a(libc_a-stdio.o)
__sf                                              D:/Tools/xpack-arm-none-eabi-gcc-13.2.1-1.1/bin/../lib/gcc/arm-none-eabi/13.2.1/../../../../arm-none-eabi/lib/thumb/v7e-m+fp/hard\libc_nano.a(libc_a-findfp.o)
                                                  D:/Tools/xpack-arm-none-eabi-gcc-13.2.1-1.1/bin/../lib/gcc/arm-none-eabi/13.2.1/../../../../arm-none-eabi/lib/thumb/v7e-m+fp/hard\libc_nano.a(libc_a-impure.o)
__sflush_r                                        D:/Tools/xpack-arm-none-eabi-gcc-13.2.1-1.1/bin/../lib/gcc/arm-none-eabi/13.2.1/../../../../arm-none-eabi/lib/thumb/v7e-m+fp/hard\libc_nano.a(libc_a-fflush.o)
__sfp                                             D:/Tools/xpack-arm-none-eabi-gcc-13.2.1-1.1/bin/../lib/gcc/arm-none-eabi/13.2.1/../../../../arm-none-eabi/lib/thumb/v7e-m+fp/hard\libc_nano.a(libc_a-findfp.o)
__sfp_lock_acquire                                D:/Tools/xpack-arm-none-eabi-gcc-13.2.1-1.1/bin/../lib/gcc/arm-none-eabi/13.2.1/../../../../arm-none-eabi/lib/thumb/v7e-m+fp/hard\libc_nano.a(libc_a-findfp.o)
__sfp_lock_release                                D:/Tools/xpack-arm-none-eabi-gcc-13.2.1-1.1/bin/../lib/gcc/arm-none-eabi/13.2.1/../../../../arm-none-eabi/lib/thumb/v7e-m+fp/hard\libc_nano.a(libc_a-findfp.o)
__sglue                                           D:/Tools/xpack-arm-none-eabi-gcc-13.2.1-1.1/bin/../lib/gcc/arm-none-eabi/13.2.1/../../../../arm-none-eabi/lib/thumb/v7e-m+fp/hard\libc_nano.a(libc_a-findfp.o)
                                                  D:/Tools/xpack-arm-none-eabi-gcc-13.2.1-1.1/bin/../lib/gcc/arm-none-eabi/13.2.1/../../../../arm-none-eabi/lib/thumb/v7e-m+fp/hard\libc_nano.a(libc_a-fflush.o)
__sinit                                           D:/Tools/xpack-arm-none-eabi-gcc-13.2.1-1.1/bin/../lib/gcc/arm-none-eabi/13.2.1/../../../../arm-none-eabi/lib/thumb/v7e-m+fp/hard\libc_nano.a(libc_a-findfp.o)
                                                  D:/Tools/xpack-arm-none-eabi-gcc-13.2.1-1.1/bin/../lib/gcc/arm-none-eabi/13.2.1/../../../../arm-none-eabi/lib/thumb/v7e-m+fp/hard\libc_nano.a(libc_a-fflush.o)
__sread                                           D:/Tools/xpack-arm-none-eabi-gcc-13.2.1-1.1/bin/../lib/gcc/arm-none-eabi/13.2.1/../../../../arm-none-eabi/lib/thumb/v7e-m+fp/hard\libc_nano.a(libc_a-stdio.o)
                                                  D:/Tools/xpack-arm-none-eabi-gcc-13.2.1-1.1/bin/../lib/gcc/arm-none-eabi/13.2.1/../../../../arm-none-eabi/lib/thumb/v7e-m+fp/hard\libc_nano.a(libc_a-findfp.o)
__sseek                                           D:/Tools/xpack-arm-none-eabi-gcc-13.2.1-1.1/bin/../lib/gcc/arm-none-eabi/13.2.1/../../../../arm-none-eabi/lib/thumb/v7e-m+fp/hard\libc_nano.a(libc_a-stdio.o)
                                                  D:/Tools/xpack-arm-none-eabi-gcc-13.2.1-1.1/bin/../lib/gcc/arm-none-eabi/13.2.1/../../../../arm-none-eabi/lib/thumb/v7e-m+fp/hard\libc_nano.a(libc_a-findfp.o)
__stack                                           D:/Tools/xpack-arm-none-eabi-gcc-13.2.1-1.1/bin/../lib/gcc/arm-none-eabi/13.2.1/../../../../arm-none-eabi/lib/thumb/v7e-m+fp/hard/crt0.o
__stdio_exit_handler                              D:/Tools/xpack-arm-none-eabi-gcc-13.2.1-1.1/bin/../lib/gcc/arm-none-eabi/13.2.1/../../../../arm-none-eabi/lib/thumb/v7e-m+fp/hard\libc_nano.a(libc_a-findfp.o)
                                                  D:/Tools/xpack-arm-none-eabi-gcc-13.2.1-1.1/bin/../lib/gcc/arm-none-eabi/13.2.1/../../../../arm-none-eabi/lib/thumb/v7e-m+fp/hard\libc_nano.a(libc_a-exit.o)
__swrite                                          D:/Tools/xpack-arm-none-eabi-gcc-13.2.1-1.1/bin/../lib/gcc/arm-none-eabi/13.2.1/../../../../arm-none-eabi/lib/thumb/v7e-m+fp/hard\libc_nano.a(libc_a-stdio.o)
                                                  D:/Tools/xpack-arm-none-eabi-gcc-13.2.1-1.1/bin/../lib/gcc/arm-none-eabi/13.2.1/../../../../arm-none-eabi/lib/thumb/v7e-m+fp/hard\libc_nano.a(libc_a-findfp.o)
_close                                            build_F429ZI/syscalls.o
                                                  D:/Tools/xpack-arm-none-eabi-gcc-13.2.1-1.1/bin/../lib/gcc/arm-none-eabi/13.2.1/../../../../arm-none-eabi/lib/thumb/v7e-m+fp/hard\libc_nano.a(libc_a-closer.o)
_close_r                                          D:/Tools/xpack-arm-none-eabi-gcc-13.2.1-1.1/bin/../lib/gcc/arm-none-eabi/13.2.1/../../../../arm-none-eabi/lib/thumb/v7e-m+fp/hard\libc_nano.a(libc_a-closer.o)
                                                  D:/Tools/xpack-arm-none-eabi-gcc-13.2.1-1.1/bin/../lib/gcc/arm-none-eabi/13.2.1/../../../../arm-none-eabi/lib/thumb/v7e-m+fp/hard\libc_nano.a(libc_a-stdio.o)
_ebss                                             build_F429ZI/startup_stm32f429xx.o
_edata                                            build_F429ZI/startup_stm32f429xx.o
_end                                              build_F429ZI/sysmem.o
_estack                                           build_F429ZI/startup_stm32f429xx.o
                                                  build_F429ZI/sysmem.o
_execve                                           build_F429ZI/syscalls.o
_exit                                             build_F429ZI/syscalls.o
                                                  D:/Tools/xpack-arm-none-eabi-gcc-13.2.1-1.1/bin/../lib/gcc/arm-none-eabi/13.2.1/../../../../arm-none-eabi/lib/thumb/v7e-m+fp/hard\libc_nano.a(libc_a-exit.o)
_fflush_r                                         D:/Tools/xpack-arm-none-eabi-gcc-13.2.1-1.1/bin/../lib/gcc/arm-none-eabi/13.2.1/../../../../arm-none-eabi/lib/thumb/v7e-m+fp/hard\libc_nano.a(libc_a-fflush.o)
                                                  D:/Tools/xpack-arm-none-eabi-gcc-13.2.1-1.1/bin/../lib/gcc/arm-none-eabi/13.2.1/../../../../arm-none-eabi/lib/thumb/v7e-m+fp/hard\libc_nano.a(libc_a-findfp.o)
_fini                                             D:/Tools/xpack-arm-none-eabi-gcc-13.2.1-1.1/bin/../lib/gcc/arm-none-eabi/13.2.1/thumb/v7e-m+fp/hard/crti.o
                                                  D:/Tools/xpack-arm-none-eabi-gcc-13.2.1-1.1/bin/../lib/gcc/arm-none-eabi/13.2.1/../../../../arm-none-eabi/lib/thumb/v7e-m+fp/hard\libc_nano.a(libc_a-fini.o)
_fork                                             build_F429ZI/syscalls.o
_free_r                                           D:/Tools/xpack-arm-none-eabi-gcc-13.2.1-1.1/bin/../lib/gcc/arm-none-eabi/13.2.1/../../../../arm-none-eabi/lib/thumb/v7e-m+fp/hard\libc_nano.a(libc_a-freer.o)
                                                  D:/Tools/xpack-arm-none-eabi-gcc-13.2.1-1.1/bin/../lib/gcc/arm-none-eabi/13.2.1/../../../../arm-none-eabi/lib/thumb/v7e-m+fp/hard\libc_nano.a(libc_a-fflush.o)
                                                  D:/Tools/xpack-arm-none-eabi-gcc-13.2.1-1.1/bin/../lib/gcc/arm-none-eabi/13.2.1/../../../../arm-none-eabi/lib/thumb/v7e-m+fp/hard\libc_nano.a(libc_a-reent.o)
_fstat                                            build_F429ZI/syscalls.o
_fwalk_sglue                                      D:/Tools/xpack-arm-none-eabi-gcc-13.2.1-1.1/bin/../lib/gcc/arm-none-eabi/13.2.1/../../../../arm-none-eabi/lib/thumb/v7e-m+fp/hard\libc_nano.a(libc_a-fwalk.o)
                                                  D:/Tools/xpack-arm-none-eabi-gcc-13.2.1-1.1/bin/../lib/gcc/arm-none-eabi/13.2.1/../../../../arm-none-eabi/lib/thumb/v7e-m+fp/hard\libc_nano.a(libc_a-fflush.o)
                                                  D:/Tools/xpack-arm-none-eabi-gcc-13.2.1-1.1/bin/../lib/gcc/arm-none-eabi/13.2.1/../../../../arm-none-eabi/lib/thumb/v7e-m+fp/hard\libc_nano.a(libc_a-findfp.o)
_getpid                                           build_F429ZI/syscalls.o
_impure_data                                      D:/Tools/xpack-arm-none-eabi-gcc-13.2.1-1.1/bin/../lib/gcc/arm-none-eabi/13.2.1/../../../../arm-none-eabi/lib/thumb/v7e-m+fp/hard\libc_nano.a(libc_a-impure.o)
                                                  D:/Tools/xpack-arm-none-eabi-gcc-13.2.1-1.1/bin/../lib/gcc/arm-none-eabi/13.2.1/../../../../arm-none-eabi/lib/thumb/v7e-m+fp/hard\libc_nano.a(libc_a-fflush.o)
                                                  D:/Tools/xpack-arm-none-eabi-gcc-13.2.1-1.1/bin/../lib/gcc/arm-none-eabi/13.2.1/../../../../arm-none-eabi/lib/thumb/v7e-m+fp/hard\libc_nano.a(libc_a-findfp.o)
_impure_ptr                                       D:/Tools/xpack-arm-none-eabi-gcc-13.2.1-1.1/bin/../lib/gcc/arm-none-eabi/13.2.1/../../../../arm-none-eabi/lib/thumb/v7e-m+fp/hard\libc_nano.a(libc_a-impure.o)
                                                  D:/Tools/xpack-arm-none-eabi-gcc-13.2.1-1.1/bin/../lib/gcc/arm-none-eabi/13.2.1/../../../../arm-none-eabi/lib/thumb/v7e-m+fp/hard\libc_nano.a(libc_a-fflush.o)
                                                  D:/Tools/xpack-arm-none-eabi-gcc-13.2.1-1.1/bin/../lib/gcc/arm-none-eabi/13.2.1/../../../../arm-none-eabi/lib/thumb/v7e-m+fp/hard\libc_nano.a(libc_a-errno.o)
                                                  D:/Tools/xpack-arm-none-eabi-gcc-13.2.1-1.1/bin/../lib/gcc/arm-none-eabi/13.2.1/../../../../arm-none-eabi/lib/thumb/v7e-m+fp/hard\libc_nano.a(libc_a-reent.o)
_init                                             D:/Tools/xpack-arm-none-eabi-gcc-13.2.1-1.1/bin/../lib/gcc/arm-none-eabi/13.2.1/thumb/v7e-m+fp/hard/crti.o
                                                  D:/Tools/xpack-arm-none-eabi-gcc-13.2.1-1.1/bin/../lib/gcc/arm-none-eabi/13.2.1/../../../../arm-none-eabi/lib/thumb/v7e-m+fp/hard\libc_nano.a(libc_a-init.o)
_isatty                                           build_F429ZI/syscalls.o
_kill                                             build_F429ZI/syscalls.o
_link                                             build_F429ZI/syscalls.o
_lseek                                            build_F429ZI/syscalls.o
                                                  D:/Tools/xpack-arm-none-eabi-gcc-13.2.1-1.1/bin/../lib/gcc/arm-none-eabi/13.2.1/../../../../arm-none-eabi/lib/thumb/v7e-m+fp/hard\libc_nano.a(libc_a-lseekr.o)
_lseek_r                                          D:/Tools/xpack-arm-none-eabi-gcc-13.2.1-1.1/bin/../lib/gcc/arm-none-eabi/13.2.1/../../../../arm-none-eabi/lib/thumb/v7e-m+fp/hard\libc_nano.a(libc_a-lseekr.o)
                                                  D:/Tools/xpack-arm-none-eabi-gcc-13.2.1-1.1/bin/../lib/gcc/arm-none-eabi/13.2.1/../../../../arm-none-eabi/lib/thumb/v7e-m+fp/hard\libc_nano.a(libc_a-stdio.o)
_mainCRTStartup                                   D:/Tools/xpack-arm-none-eabi-gcc-13.2.1-1.1/bin/../lib/gcc/arm-none-eabi/13.2.1/../../../../arm-none-eabi/lib/thumb/v7e-m+fp/hard/crt0.o
_malloc_r                                         D:/Tools/xpack-arm-none-eabi-gcc-13.2.1-1.1/bin/../lib/gcc/arm-none-eabi/13.2.1/../../../../arm-none-eabi/lib/thumb/v7e-m+fp/hard\libc_nano.a(libc_a-mallocr.o)
                                                  D:/Tools/xpack-arm-none-eabi-gcc-13.2.1-1.1/bin/../lib/gcc/arm-none-eabi/13.2.1/../../../../arm-none-eabi/lib/thumb/v7e-m+fp/hard\libc_nano.a(libc_a-findfp.o)
_open                                             build_F429ZI/syscalls.o
_read                                             build_F429ZI/syscalls.o
                                                  D:/Tools/xpack-arm-none-eabi-gcc-13.2.1-1.1/bin/../lib/gcc/arm-none-eabi/13.2.1/../../../../arm-none-eabi/lib/thumb/v7e-m+fp/hard\libc_nano.a(libc_a-readr.o)
_read_r                                           D:/Tools/xpack-arm-none-eabi-gcc-13.2.1-1.1/bin/../lib/gcc/arm-none-eabi/13.2.1/../../../../arm-none-eabi/lib/thumb/v7e-m+fp/hard\libc_nano.a(libc_a-readr.o)
                                                  D:/Tools/xpack-arm-none-eabi-gcc-13.2.1-1.1/bin/../lib/gcc/arm-none-eabi/13.2.1/../../../../arm-none-eabi/lib/thumb/v7e-m+fp/hard\libc_nano.a(libc_a-stdio.o)
_reclaim_reent                                    D:/Tools/xpack-arm-none-eabi-gcc-13.2.1-1.1/bin/../lib/gcc/arm-none-eabi/13.2.1/../../../../arm-none-eabi/lib/thumb/v7e-m+fp/hard\libc_nano.a(libc_a-reent.o)
_sbrk                                             build_F429ZI/sysmem.o
                                                  D:/Tools/xpack-arm-none-eabi-gcc-13.2.1-1.1/bin/../lib/gcc/arm-none-eabi/13.2.1/../../../../arm-none-eabi/lib/thumb/v7e-m+fp/hard\libc_nano.a(libc_a-sbrkr.o)
_sbrk_r                                           D:/Tools/xpack-arm-none-eabi-gcc-13.2.1-1.1/bin/../lib/gcc/arm-none-eabi/13.2.1/../../../../arm-none-eabi/lib/thumb/v7e-m+fp/hard\libc_nano.a(libc_a-sbrkr.o)
                                                  D:/Tools/xpack-arm-none-eabi-gcc-13.2.1-1.1/bin/../lib/gcc/arm-none-eabi/13.2.1/../../../../arm-none-eabi/lib/thumb/v7e-m+fp/hard\libc_nano.a(libc_a-mallocr.o)
_sbss                                             build_F429ZI/startup_stm32f429xx.o
_sdata                                            build_F429ZI/startup_stm32f429xx.o
_sidata                                           build_F429ZI/startup_stm32f429xx.o
_stack_init                                       D:/Tools/xpack-arm-none-eabi-gcc-13.2.1-1.1/bin/../lib/gcc/arm-none-eabi/13.2.1/../../../../arm-none-eabi/lib/thumb/v7e-m+fp/hard/crt0.o
_start                                            D:/Tools/xpack-arm-none-eabi-gcc-13.2.1-1.1/bin/../lib/gcc/arm-none-eabi/13.2.1/../../../../arm-none-eabi/lib/thumb/v7e-m+fp/hard/crt0.o
_stat                                             build_F429ZI/syscalls.o
_times                                            build_F429ZI/syscalls.o
_unlink                                           build_F429ZI/syscalls.o
_wait                                             build_F429ZI/syscalls.o
_write                                            build_F429ZI/syscalls.o
                                                  D:/Tools/xpack-arm-none-eabi-gcc-13.2.1-1.1/bin/../lib/gcc/arm-none-eabi/13.2.1/../../../../arm-none-eabi/lib/thumb/v7e-m+fp/hard\libc_nano.a(libc_a-writer.o)
_write_r                                          D:/Tools/xpack-arm-none-eabi-gcc-13.2.1-1.1/bin/../lib/gcc/arm-none-eabi/13.2.1/../../../../arm-none-eabi/lib/thumb/v7e-m+fp/hard\libc_nano.a(libc_a-writer.o)
                                                  D:/Tools/xpack-arm-none-eabi-gcc-13.2.1-1.1/bin/../lib/gcc/arm-none-eabi/13.2.1/../../../../arm-none-eabi/lib/thumb/v7e-m+fp/hard\libc_nano.a(libc_a-stdio.o)
atexit                                            D:/Tools/xpack-arm-none-eabi-gcc-13.2.1-1.1/bin/../lib/gcc/arm-none-eabi/13.2.1/../../../../arm-none-eabi/lib/thumb/v7e-m+fp/hard\libc_nano.a(libc_a-atexit.o)
                                                  D:/Tools/xpack-arm-none-eabi-gcc-13.2.1-1.1/bin/../lib/gcc/arm-none-eabi/13.2.1/../../../../arm-none-eabi/lib/thumb/v7e-m+fp/hard/crt0.o
blinkFreqIndex                                    build_F429ZI/main.o
blinkLed                                          build_F429ZI/init_LB1.o
blinkLedIsOn                                      build_F429ZI/main.o
blinkModeEnabled                                  build_F429ZI/main.o
changeSpeed                                       build_F429ZI/init_LB1.o
currentLed                                        build_F429ZI/main.o
environ                                           build_F429ZI/syscalls.o
errno                                             D:/Tools/xpack-arm-none-eabi-gcc-13.2.1-1.1/bin/../lib/gcc/arm-none-eabi/13.2.1/../../../../arm-none-eabi/lib/thumb/v7e-m+fp/hard\libc_nano.a(libc_a-reent.o)
                                                  D:/Tools/xpack-arm-none-eabi-gcc-13.2.1-1.1/bin/../lib/gcc/arm-none-eabi/13.2.1/../../../../arm-none-eabi/lib/thumb/v7e-m+fp/hard\libc_nano.a(libc_a-sbrkr.o)
                                                  D:/Tools/xpack-arm-none-eabi-gcc-13.2.1-1.1/bin/../lib/gcc/arm-none-eabi/13.2.1/../../../../arm-none-eabi/lib/thumb/v7e-m+fp/hard\libc_nano.a(libc_a-writer.o)
                                                  D:/Tools/xpack-arm-none-eabi-gcc-13.2.1-1.1/bin/../lib/gcc/arm-none-eabi/13.2.1/../../../../arm-none-eabi/lib/thumb/v7e-m+fp/hard\libc_nano.a(libc_a-readr.o)
                                                  D:/Tools/xpack-arm-none-eabi-gcc-13.2.1-1.1/bin/../lib/gcc/arm-none-eabi/13.2.1/../../../../arm-none-eabi/lib/thumb/v7e-m+fp/hard\libc_nano.a(libc_a-lseekr.o)
                                                  D:/Tools/xpack-arm-none-eabi-gcc-13.2.1-1.1/bin/../lib/gcc/arm-none-eabi/13.2.1/../../../../arm-none-eabi/lib/thumb/v7e-m+fp/hard\libc_nano.a(libc_a-closer.o)
exit                                              D:/Tools/xpack-arm-none-eabi-gcc-13.2.1-1.1/bin/../lib/gcc/arm-none-eabi/13.2.1/../../../../arm-none-eabi/lib/thumb/v7e-m+fp/hard\libc_nano.a(libc_a-exit.o)
                                                  D:/Tools/xpack-arm-none-eabi-gcc-13.2.1-1.1/bin/../lib/gcc/arm-none-eabi/13.2.1/../../../../arm-none-eabi/lib/thumb/v7e-m+fp/hard/crt0.o
fflush                                            D:/Tools/xpack-arm-none-eabi-gcc-13.2.1-1.1/bin/../lib/gcc/arm-none-eabi/13.2.1/../../../../arm-none-eabi/lib/thumb/v7e-m+fp/hard\libc_nano.a(libc_a-fflush.o)
g_btn_is_pressed                                  build_F429ZI/main.o
g_btn_last_irq_ms                                 build_F429ZI/main.o
g_btn_press_event                                 build_F429ZI/main.o
g_btn_press_start_ms                              build_F429ZI/main.o
g_btn_release_event                               build_F429ZI/main.o
g_ms                                              build_F429ZI/main.o
g_pfnVectors                                      build_F429ZI/startup_stm32f429xx.o
hardware_init_hook                                D:/Tools/xpack-arm-none-eabi-gcc-13.2.1-1.1/bin/../lib/gcc/arm-none-eabi/13.2.1/../../../../arm-none-eabi/lib/thumb/v7e-m+fp/hard/crt0.o
initialise_monitor_handles                        build_F429ZI/syscalls.o
lastBlinkTime_ms                                  build_F429ZI/main.o
ledOff                                            build_F429ZI/init_LB1.o
ledOn                                             build_F429ZI/init_LB1.o
main                                              build_F429ZI/main.o
                                                  build_F429ZI/startup_stm32f429xx.o
                                                  D:/Tools/xpack-arm-none-eabi-gcc-13.2.1-1.1/bin/../lib/gcc/arm-none-eabi/13.2.1/../../../../arm-none-eabi/lib/thumb/v7e-m+fp/hard/crt0.o
malloc                                            D:/Tools/xpack-arm-none-eabi-gcc-13.2.1-1.1/bin/../lib/gcc/arm-none-eabi/13.2.1/../../../../arm-none-eabi/lib/thumb/v7e-m+fp/hard\libc_nano.a(libc_a-__atexit.o)
memset                                            D:/Tools/xpack-arm-none-eabi-gcc-13.2.1-1.1/bin/../lib/gcc/arm-none-eabi/13.2.1/../../../../arm-none-eabi/lib/thumb/v7e-m+fp/hard\libc_nano.a(libc_a-memset.o)
                                                  D:/Tools/xpack-arm-none-eabi-gcc-13.2.1-1.1/bin/../lib/gcc/arm-none-eabi/13.2.1/../../../../arm-none-eabi/lib/thumb/v7e-m+fp/hard\libc_nano.a(libc_a-findfp.o)
                                                  D:/Tools/xpack-arm-none-eabi-gcc-13.2.1-1.1/bin/../lib/gcc/arm-none-eabi/13.2.1/../../../../arm-none-eabi/lib/thumb/v7e-m+fp/hard/crt0.o
pressedButton1                                    build_F429ZI/init_LB1.o
pressedButton2                                    build_F429ZI/init_LB1.o
pressedButton3                                    build_F429ZI/init_LB1.o
software_init_hook                                D:/Tools/xpack-arm-none-eabi-gcc-13.2.1-1.1/bin/../lib/gcc/arm-none-eabi/13.2.1/../../../../arm-none-eabi/lib/thumb/v7e-m+fp/hard/crt0.o
