ARM GAS  C:\Users\VICTUS\AppData\Local\Temp\ccvxq2Dd.s 			page 1


   1              		.cpu cortex-m4
   2              		.arch armv7e-m
   3              		.fpu fpv4-sp-d16
   4              		.eabi_attribute 27, 1
   5              		.eabi_attribute 28, 1
   6              		.eabi_attribute 20, 1
   7              		.eabi_attribute 21, 1
   8              		.eabi_attribute 23, 3
   9              		.eabi_attribute 24, 1
  10              		.eabi_attribute 25, 1
  11              		.eabi_attribute 26, 1
  12              		.eabi_attribute 30, 1
  13              		.eabi_attribute 34, 1
  14              		.eabi_attribute 18, 4
  15              		.file	"main.c"
  16              		.text
  17              	.Ltext0:
  18              		.cfi_sections	.debug_frame
  19              		.file 1 "Core/Src/main.c"
  20              		.section	.text.main,"ax",%progbits
  21              		.align	1
  22              		.global	main
  23              		.syntax unified
  24              		.thumb
  25              		.thumb_func
  27              	main:
  28              	.LFB130:
   1:Core/Src/main.c **** #include "../Inc/init.h"
   2:Core/Src/main.c **** 
   3:Core/Src/main.c **** __attribute__((used)) volatile uint32_t heartbeat = 0;
   4:Core/Src/main.c **** 
   5:Core/Src/main.c **** int main(void)
   6:Core/Src/main.c **** {
  29              		.loc 1 6 1 view -0
  30              		.cfi_startproc
  31              		@ args = 0, pretend = 0, frame = 0
  32              		@ frame_needed = 0, uses_anonymous_args = 0
  33 0000 08B5     		push	{r3, lr}
  34              	.LCFI0:
  35              		.cfi_def_cfa_offset 8
  36              		.cfi_offset 3, -8
  37              		.cfi_offset 14, -4
   7:Core/Src/main.c ****     GPIO_Init_CMSIS();
  38              		.loc 1 7 5 view .LVU1
  39 0002 FFF7FEFF 		bl	GPIO_Init_CMSIS
  40              	.LVL0:
  41 0006 03E0     		b	.L4
  42              	.LVL1:
  43              	.L3:
  44              	.LBB2:
   8:Core/Src/main.c ****     while (1)
   9:Core/Src/main.c ****     {
  10:Core/Src/main.c ****         SET_BIT(GPIOA->BSRR, GPIO_BSRR_BR0); 
  11:Core/Src/main.c ****         SET_BIT(GPIOA->BSRR, GPIO_BSRR_BS0);
  12:Core/Src/main.c ****         heartbeat++;
  13:Core/Src/main.c ****         for(int i = 0; i < 100000000; i++); 
  45              		.loc 1 13 40 discriminator 3 view .LVU2
ARM GAS  C:\Users\VICTUS\AppData\Local\Temp\ccvxq2Dd.s 			page 2


  46 0008 0133     		adds	r3, r3, #1
  47              	.LVL2:
  48              	.L2:
  49              		.loc 1 13 26 discriminator 1 view .LVU3
  50 000a 094A     		ldr	r2, .L6
  51 000c 9342     		cmp	r3, r2
  52 000e FBDD     		ble	.L3
  53              	.LVL3:
  54              	.L4:
  55              		.loc 1 13 26 is_stmt 0 discriminator 1 view .LVU4
  56              	.LBE2:
   8:Core/Src/main.c ****     while (1)
  57              		.loc 1 8 5 is_stmt 1 view .LVU5
  10:Core/Src/main.c ****         SET_BIT(GPIOA->BSRR, GPIO_BSRR_BS0);
  58              		.loc 1 10 9 view .LVU6
  59 0010 084B     		ldr	r3, .L6+4
  60 0012 9A69     		ldr	r2, [r3, #24]
  61 0014 42F48032 		orr	r2, r2, #65536
  62 0018 9A61     		str	r2, [r3, #24]
  11:Core/Src/main.c ****         heartbeat++;
  63              		.loc 1 11 9 view .LVU7
  64 001a 9A69     		ldr	r2, [r3, #24]
  65 001c 42F00102 		orr	r2, r2, #1
  66 0020 9A61     		str	r2, [r3, #24]
  12:Core/Src/main.c ****         for(int i = 0; i < 100000000; i++); 
  67              		.loc 1 12 9 view .LVU8
  12:Core/Src/main.c ****         for(int i = 0; i < 100000000; i++); 
  68              		.loc 1 12 18 is_stmt 0 view .LVU9
  69 0022 054A     		ldr	r2, .L6+8
  70 0024 1368     		ldr	r3, [r2]
  71 0026 0133     		adds	r3, r3, #1
  72 0028 1360     		str	r3, [r2]
  73              		.loc 1 13 9 is_stmt 1 view .LVU10
  74              	.LBB3:
  75              		.loc 1 13 13 view .LVU11
  76              	.LVL4:
  77              		.loc 1 13 17 is_stmt 0 view .LVU12
  78 002a 0023     		movs	r3, #0
  79              		.loc 1 13 9 view .LVU13
  80 002c EDE7     		b	.L2
  81              	.L7:
  82 002e 00BF     		.align	2
  83              	.L6:
  84 0030 FFE0F505 		.word	99999999
  85 0034 00000240 		.word	1073872896
  86 0038 00000000 		.word	heartbeat
  87              	.LBE3:
  88              		.cfi_endproc
  89              	.LFE130:
  91              		.global	heartbeat
  92              		.section	.bss.heartbeat,"aw",%nobits
  93              		.align	2
  96              	heartbeat:
  97 0000 00000000 		.space	4
  98              		.text
  99              	.Letext0:
 100              		.file 2 "D:/Tools/xpack-arm-none-eabi-gcc-13.2.1-1.1/arm-none-eabi/include/machine/_default_types.
ARM GAS  C:\Users\VICTUS\AppData\Local\Temp\ccvxq2Dd.s 			page 3


 101              		.file 3 "D:/Tools/xpack-arm-none-eabi-gcc-13.2.1-1.1/arm-none-eabi/include/sys/_stdint.h"
 102              		.file 4 "CMSIS/Devices/STM32F4xx/Inc/STM32F411VE/stm32f411xe.h"
 103              		.file 5 "Core/Src/../Inc/init.h"
ARM GAS  C:\Users\VICTUS\AppData\Local\Temp\ccvxq2Dd.s 			page 4


DEFINED SYMBOLS
                            *ABS*:00000000 main.c
C:\Users\VICTUS\AppData\Local\Temp\ccvxq2Dd.s:21     .text.main:00000000 $t
C:\Users\VICTUS\AppData\Local\Temp\ccvxq2Dd.s:27     .text.main:00000000 main
C:\Users\VICTUS\AppData\Local\Temp\ccvxq2Dd.s:84     .text.main:00000030 $d
C:\Users\VICTUS\AppData\Local\Temp\ccvxq2Dd.s:96     .bss.heartbeat:00000000 heartbeat
C:\Users\VICTUS\AppData\Local\Temp\ccvxq2Dd.s:93     .bss.heartbeat:00000000 $d

UNDEFINED SYMBOLS
GPIO_Init_CMSIS
